[2024229863][WRN][CAPTURE] DuplicateOutput1 failed: 0x887A0004, falling back
[2024229864][INF][CAPTURE] DuplicateOutput fallback: BGRA SDR
[2024229864][INF][CAPTURE] Initialized DXGI capture: 3440x1440 on monitor 0
[2024229864][INF][HOST] Capture: 3440x1440
[2024229868][INF][ENCODE] AMF loaded successfully
[2024229927][INF][ENCODE] AMF HEVC 10-bit encoder initialized: 3440x1440 @ 60 fps, 15000 kbps, SDR
[2024229928][INF][HostSession] Listening on port 9882
[2024229928][INF][HOST] Waiting for client on port 9882... (Ctrl+C to stop)
[2024229929][DBG][CAPTURE] capture_frame: 0.36ms
[2024229959][DBG][ENCODE] encode: 30.00ms
[2024229960][DBG][CAPTURE] capture_frame: 0.04ms
[2024229961][DBG][ENCODE] encode: 0.98ms
[2024229985][DBG][CAPTURE] capture_frame: 24.46ms
[2024230011][DBG][CAPTURE] capture_frame: 25.12ms
[2024230012][DBG][CAPTURE] capture_frame: 1.68ms
[2024230013][DBG][ENCODE] encode: 1.02ms
[2024230025][DBG][CAPTURE] capture_frame: 11.74ms
[2024230026][DBG][ENCODE] encode: 0.67ms
[2024230040][DBG][CAPTURE] capture_frame: 14.02ms
[2024230056][DBG][CAPTURE] capture_frame: 15.90ms
[2024230057][DBG][ENCODE] encode: 0.78ms
[2024230082][DBG][CAPTURE] capture_frame: 25.49ms
[2024230098][DBG][CAPTURE] capture_frame: 15.84ms
[2024230099][DBG][ENCODE] encode: 0.71ms
[2024230112][DBG][CAPTURE] capture_frame: 12.46ms
[2024230128][DBG][CAPTURE] capture_frame: 16.27ms
[2024230153][DBG][CAPTURE] capture_frame: 25.12ms
[2024230165][DBG][CAPTURE] capture_frame: 11.29ms
[2024230165][DBG][ENCODE] encode: 0.63ms
[2024230181][DBG][CAPTURE] capture_frame: 15.92ms
[2024230207][DBG][CAPTURE] capture_frame: 25.97ms
[2024230220][DBG][CAPTURE] capture_frame: 12.11ms
[2024230220][DBG][ENCODE] encode: 0.74ms
[2024230236][DBG][CAPTURE] capture_frame: 16.11ms
[2024230244][DBG][CAPTURE] capture_frame: 7.92ms
[2024230245][DBG][ENCODE] encode: 0.61ms
[2024230264][DBG][CAPTURE] capture_frame: 18.74ms
[2024230281][DBG][CAPTURE] capture_frame: 16.62ms
[2024230282][DBG][ENCODE] encode: 0.84ms
[2024230309][DBG][CAPTURE] capture_frame: 27.17ms
[2024230335][DBG][CAPTURE] capture_frame: 25.66ms
[2024230335][DBG][CAPTURE] capture_frame: 0.22ms
[2024230335][DBG][ENCODE] encode: 0.58ms
[2024230351][DBG][CAPTURE] capture_frame: 15.64ms
[2024230380][DBG][CAPTURE] capture_frame: 29.03ms
[2024230396][DBG][CAPTURE] capture_frame: 15.35ms
[2024230396][DBG][ENCODE] encode: 0.69ms
[2024230417][DBG][CAPTURE] capture_frame: 20.65ms
[2024230434][DBG][CAPTURE] capture_frame: 16.38ms
[2024230450][DBG][CAPTURE] capture_frame: 16.54ms
[2024230451][DBG][ENCODE] encode: 0.54ms
[2024230479][DBG][CAPTURE] capture_frame: 28.29ms
[2024230488][DBG][CAPTURE] capture_frame: 8.98ms
[2024230489][DBG][ENCODE] encode: 0.58ms
[2024230508][DBG][CAPTURE] capture_frame: 18.92ms
[2024230523][DBG][CAPTURE] capture_frame: 15.19ms
[2024230524][DBG][ENCODE] encode: 0.64ms
[2024230553][DBG][CAPTURE] capture_frame: 29.01ms
[2024230578][DBG][CAPTURE] capture_frame: 24.85ms
[2024230602][DBG][CAPTURE] capture_frame: 24.63ms
[2024230603][DBG][ENCODE] encode: 0.62ms
[2024230616][DBG][CAPTURE] capture_frame: 12.70ms
[2024230632][DBG][CAPTURE] capture_frame: 16.48ms
[2024230644][DBG][CAPTURE] capture_frame: 11.87ms
[2024230645][DBG][ENCODE] encode: 0.56ms
[2024230662][DBG][CAPTURE] capture_frame: 16.81ms
[2024230678][DBG][CAPTURE] capture_frame: 16.20ms
[2024230681][DBG][CAPTURE] capture_frame: 2.61ms
[2024230681][DBG][ENCODE] encode: 0.57ms
[2024230703][DBG][CAPTURE] capture_frame: 22.01ms
[2024230717][DBG][CAPTURE] capture_frame: 13.79ms
[2024230718][DBG][ENCODE] encode: 0.55ms
[2024230742][DBG][CAPTURE] capture_frame: 23.98ms
[2024230765][DBG][CAPTURE] capture_frame: 23.36ms
[2024230766][DBG][ENCODE] encode: 0.59ms
[2024230783][DBG][CAPTURE] capture_frame: 17.34ms
[2024230812][DBG][CAPTURE] capture_frame: 28.27ms
[2024230839][DBG][CAPTURE] capture_frame: 26.73ms
[2024230839][DBG][ENCODE] encode: 0.54ms
[2024230854][DBG][CAPTURE] capture_frame: 15.10ms
[2024230881][DBG][CAPTURE] capture_frame: 26.99ms
[2024230893][DBG][CAPTURE] capture_frame: 11.60ms
[2024230894][DBG][ENCODE] encode: 0.53ms
[2024230921][DBG][CAPTURE] capture_frame: 26.88ms
[2024230946][DBG][CAPTURE] capture_frame: 25.35ms
[2024230973][DBG][CAPTURE] capture_frame: 26.95ms
[2024230999][DBG][CAPTURE] capture_frame: 26.39ms
[2024231026][DBG][CAPTURE] capture_frame: 26.36ms
[2024231039][DBG][CAPTURE] capture_frame: 13.34ms
[2024231040][DBG][ENCODE] encode: 0.61ms
[2024231064][DBG][CAPTURE] capture_frame: 23.79ms
[2024231090][DBG][CAPTURE] capture_frame: 26.38ms
[2024231117][DBG][CAPTURE] capture_frame: 26.65ms
[2024231142][DBG][CAPTURE] capture_frame: 25.10ms
[2024231143][DBG][ENCODE] encode: 0.68ms
[2024231172][DBG][CAPTURE] capture_frame: 28.93ms
[2024231192][DBG][CAPTURE] capture_frame: 19.66ms
[2024231192][DBG][ENCODE] encode: 0.64ms
[2024231209][DBG][CAPTURE] capture_frame: 16.23ms
[2024231209][DBG][ENCODE] encode: 0.50ms
[2024231227][DBG][CAPTURE] capture_frame: 17.41ms
[2024231227][DBG][CAPTURE] capture_frame: 0.18ms
[2024231228][DBG][ENCODE] encode: 0.64ms
[2024231254][DBG][CAPTURE] capture_frame: 25.76ms
[2024231280][DBG][CAPTURE] capture_frame: 25.91ms
[2024231294][DBG][CAPTURE] capture_frame: 14.14ms
[2024231294][DBG][ENCODE] encode: 0.55ms
[2024231311][DBG][CAPTURE] capture_frame: 16.73ms
[2024231324][DBG][CAPTURE] capture_frame: 12.71ms
[2024231325][DBG][ENCODE] encode: 0.55ms
[2024231340][DBG][CAPTURE] capture_frame: 15.30ms
[2024231365][DBG][CAPTURE] capture_frame: 24.96ms
[2024231391][DBG][CAPTURE] capture_frame: 25.77ms
[2024231391][DBG][ENCODE] encode: 0.66ms
[2024231419][DBG][CAPTURE] capture_frame: 27.04ms
[2024231435][DBG][CAPTURE] capture_frame: 16.58ms
[2024231446][DBG][CAPTURE] capture_frame: 10.53ms
[2024231446][DBG][ENCODE] encode: 0.58ms
[2024231461][DBG][CAPTURE] capture_frame: 14.12ms
[2024231465][DBG][CAPTURE] capture_frame: 4.42ms
[2024231466][DBG][ENCODE] encode: 0.60ms
[2024231490][DBG][CAPTURE] capture_frame: 24.29ms
[2024231517][DBG][CAPTURE] capture_frame: 27.04ms
[2024231519][DBG][CAPTURE] capture_frame: 1.25ms
[2024231519][DBG][ENCODE] encode: 0.61ms
[2024231545][DBG][CAPTURE] capture_frame: 26.07ms
[2024231568][DBG][CAPTURE] capture_frame: 22.37ms
[2024231568][DBG][ENCODE] encode: 0.54ms
[2024231584][DBG][CAPTURE] capture_frame: 15.94ms
[2024231585][DBG][ENCODE] encode: 0.54ms
[2024231603][DBG][CAPTURE] capture_frame: 18.57ms
[2024231632][DBG][CAPTURE] capture_frame: 28.52ms
[2024231655][DBG][CAPTURE] capture_frame: 22.71ms
[2024231656][DBG][ENCODE] encode: 0.73ms
[2024231669][DBG][CAPTURE] capture_frame: 12.92ms
[2024231669][DBG][ENCODE] encode: 0.63ms
[2024231686][DBG][CAPTURE] capture_frame: 16.16ms
[2024231686][INF][HostSession] Client connected from 127.0.0.1:63120
[2024231693][DBG][CAPTURE] capture_frame: 7.31ms
[2024231693][INF][HOST] IDR requested for new client
[2024231694][DBG][ENCODE] encode: 0.84ms
[2024231710][DBG][CAPTURE] capture_frame: 15.77ms
[2024231711][DBG][ENCODE] encode: 1.12ms
[2024231726][DBG][CAPTURE] capture_frame: 13.40ms
[2024231727][DBG][ENCODE] encode: 0.86ms
[2024231741][DBG][CAPTURE] capture_frame: 13.43ms
[2024231742][DBG][ENCODE] encode: 0.74ms
[2024231761][DBG][CAPTURE] capture_frame: 18.50ms
[2024231781][DBG][CAPTURE] capture_frame: 20.52ms
[2024231782][DBG][ENCODE] encode: 0.63ms
[2024231803][DBG][CAPTURE] capture_frame: 20.90ms
[2024231814][DBG][CAPTURE] capture_frame: 10.75ms
[2024231815][DBG][ENCODE] encode: 1.38ms
[2024231832][DBG][CAPTURE] capture_frame: 16.21ms
[2024231833][DBG][ENCODE] encode: 0.90ms
[2024231847][DBG][CAPTURE] capture_frame: 13.28ms
[2024231848][DBG][ENCODE] encode: 1.04ms
[2024231873][DBG][CAPTURE] capture_frame: 24.89ms
[2024231875][DBG][CAPTURE] capture_frame: 2.08ms
[2024231877][DBG][ENCODE] encode: 1.19ms
[2024231891][DBG][CAPTURE] capture_frame: 13.61ms
[2024231892][DBG][ENCODE] encode: 1.24ms
[2024231907][DBG][CAPTURE] capture_frame: 14.63ms
[2024231908][DBG][ENCODE] encode: 0.59ms
[2024231919][DBG][CAPTURE] capture_frame: 11.42ms
[2024231920][DBG][ENCODE] encode: 0.70ms
[2024231931][DBG][CAPTURE] capture_frame: 10.87ms
[2024231932][DBG][ENCODE] encode: 0.59ms
[2024231943][DBG][CAPTURE] capture_frame: 11.29ms
[2024231944][DBG][ENCODE] encode: 0.62ms
[2024231956][DBG][CAPTURE] capture_frame: 11.41ms
[2024231956][DBG][ENCODE] encode: 0.72ms
[2024231967][DBG][CAPTURE] capture_frame: 10.72ms
[2024231968][DBG][ENCODE] encode: 0.53ms
[2024231979][DBG][CAPTURE] capture_frame: 11.09ms
[2024231980][DBG][ENCODE] encode: 0.37ms
[2024231993][DBG][CAPTURE] capture_frame: 13.09ms
[2024231993][DBG][ENCODE] encode: 0.60ms
[2024232004][DBG][CAPTURE] capture_frame: 10.02ms
[2024232004][DBG][ENCODE] encode: 0.46ms
[2024232016][DBG][CAPTURE] capture_frame: 11.68ms
[2024232017][DBG][ENCODE] encode: 0.55ms
[2024232028][DBG][CAPTURE] capture_frame: 11.25ms
[2024232028][DBG][ENCODE] encode: 0.41ms
[2024232040][DBG][CAPTURE] capture_frame: 11.51ms
[2024232040][DBG][ENCODE] encode: 0.38ms
[2024232052][DBG][CAPTURE] capture_frame: 11.54ms
[2024232052][DBG][ENCODE] encode: 0.38ms
[2024232064][DBG][CAPTURE] capture_frame: 11.72ms
[2024232065][DBG][ENCODE] encode: 0.56ms
[2024232065][INF][HOST] Frames: 60, FPS: 28.1, RTT: 8.5ms, state: connected
[2024232076][DBG][CAPTURE] capture_frame: 11.34ms
[2024232077][DBG][ENCODE] encode: 0.39ms
[2024232090][DBG][CAPTURE] capture_frame: 12.69ms
[2024232090][DBG][ENCODE] encode: 0.62ms
[2024232101][DBG][CAPTURE] capture_frame: 10.38ms
[2024232101][DBG][ENCODE] encode: 0.45ms
[2024232113][DBG][CAPTURE] capture_frame: 11.39ms
[2024232113][DBG][ENCODE] encode: 0.43ms
[2024232125][DBG][CAPTURE] capture_frame: 11.65ms
[2024232126][DBG][ENCODE] encode: 0.41ms
[2024232137][DBG][CAPTURE] capture_frame: 11.38ms
[2024232138][DBG][ENCODE] encode: 0.39ms
[2024232150][DBG][CAPTURE] capture_frame: 11.88ms
[2024232150][DBG][ENCODE] encode: 0.66ms
[2024232161][DBG][CAPTURE] capture_frame: 10.94ms
[2024232162][DBG][ENCODE] encode: 0.61ms
[2024232187][DBG][CAPTURE] capture_frame: 25.04ms
[2024232211][DBG][CAPTURE] capture_frame: 23.52ms
[2024232211][DBG][ENCODE] encode: 0.60ms
[2024232229][DBG][CAPTURE] capture_frame: 17.22ms
[2024232230][DBG][ENCODE] encode: 0.76ms
[2024232249][DBG][CAPTURE] capture_frame: 19.45ms
[2024232266][DBG][CAPTURE] capture_frame: 16.25ms
[2024232295][DBG][CAPTURE] capture_frame: 28.86ms
[2024232311][DBG][CAPTURE] capture_frame: 16.71ms
[2024232338][DBG][CAPTURE] capture_frame: 26.51ms
[2024232339][DBG][ENCODE] encode: 0.82ms
[2024232357][DBG][CAPTURE] capture_frame: 17.61ms
[2024232373][DBG][CAPTURE] capture_frame: 16.55ms
[2024232399][DBG][CAPTURE] capture_frame: 25.77ms
[2024232411][DBG][CAPTURE] capture_frame: 11.76ms
[2024232412][DBG][ENCODE] encode: 0.61ms
[2024232431][DBG][CAPTURE] capture_frame: 18.98ms
[2024232436][DBG][CAPTURE] capture_frame: 5.37ms
[2024232437][DBG][ENCODE] encode: 0.63ms
[2024232453][DBG][CAPTURE] capture_frame: 15.62ms
[2024232453][DBG][ENCODE] encode: 0.65ms
[2024232472][DBG][CAPTURE] capture_frame: 18.08ms
[2024232473][DBG][ENCODE] encode: 0.72ms
[2024232501][DBG][CAPTURE] capture_frame: 28.60ms
[2024232529][DBG][CAPTURE] capture_frame: 27.84ms
[2024232544][DBG][CAPTURE] capture_frame: 15.04ms
[2024232545][DBG][ENCODE] encode: 0.62ms
[2024232556][DBG][CAPTURE] capture_frame: 10.36ms
[2024232556][DBG][ENCODE] encode: 0.55ms
[2024232584][DBG][CAPTURE] capture_frame: 27.34ms
[2024232599][DBG][CAPTURE] capture_frame: 15.40ms
[2024232600][DBG][ENCODE] encode: 0.50ms
[2024232624][DBG][CAPTURE] capture_frame: 24.11ms
[2024232650][DBG][CAPTURE] capture_frame: 25.81ms
[2024232672][DBG][CAPTURE] capture_frame: 21.77ms
[2024232672][DBG][ENCODE] encode: 0.67ms
[2024232693][DBG][CAPTURE] capture_frame: 20.66ms
[2024232720][DBG][CAPTURE] capture_frame: 26.23ms
[2024232720][DBG][CAPTURE] capture_frame: 0.31ms
[2024232721][DBG][ENCODE] encode: 0.60ms
[2024232736][DBG][CAPTURE] capture_frame: 14.79ms
[2024232762][DBG][CAPTURE] capture_frame: 26.41ms
[2024232775][DBG][CAPTURE] capture_frame: 13.09ms
[2024232776][DBG][ENCODE] encode: 0.65ms
[2024232792][DBG][CAPTURE] capture_frame: 16.06ms
[2024232819][DBG][CAPTURE] capture_frame: 26.42ms
[2024232846][DBG][CAPTURE] capture_frame: 27.13ms
[2024232848][DBG][CAPTURE] capture_frame: 1.70ms
[2024232849][DBG][ENCODE] encode: 0.61ms
[2024232863][DBG][CAPTURE] capture_frame: 14.25ms
[2024232890][DBG][CAPTURE] capture_frame: 26.62ms
[2024232903][DBG][CAPTURE] capture_frame: 13.19ms
[2024232904][DBG][ENCODE] encode: 0.81ms
[2024232922][DBG][CAPTURE] capture_frame: 17.92ms
[2024232951][DBG][CAPTURE] capture_frame: 28.58ms
[2024232951][DBG][CAPTURE] capture_frame: 0.08ms
[2024232951][DBG][ENCODE] encode: 0.65ms
[2024232975][DBG][CAPTURE] capture_frame: 23.15ms
[2024232976][DBG][ENCODE] encode: 0.61ms
[2024232993][DBG][CAPTURE] capture_frame: 17.58ms
[2024233019][DBG][CAPTURE] capture_frame: 25.51ms
[2024233030][DBG][CAPTURE] capture_frame: 11.31ms
[2024233031][DBG][ENCODE] encode: 1.08ms
[2024233047][DBG][CAPTURE] capture_frame: 15.37ms
[2024233063][DBG][CAPTURE] capture_frame: 16.21ms
[2024233090][DBG][CAPTURE] capture_frame: 26.99ms
[2024233091][DBG][ENCODE] encode: 0.70ms
[2024233104][DBG][CAPTURE] capture_frame: 13.18ms
[2024233121][DBG][CAPTURE] capture_frame: 16.18ms
[2024233150][DBG][CAPTURE] capture_frame: 28.84ms
[2024233163][DBG][CAPTURE] capture_frame: 13.62ms
[2024233164][DBG][ENCODE] encode: 0.60ms
[2024233187][DBG][CAPTURE] capture_frame: 23.19ms
[2024233215][DBG][CAPTURE] capture_frame: 27.47ms
[2024233218][DBG][CAPTURE] capture_frame: 2.92ms
[2024233219][DBG][ENCODE] encode: 0.66ms
[2024233247][DBG][CAPTURE] capture_frame: 28.07ms
[2024233263][DBG][CAPTURE] capture_frame: 16.20ms
[2024233279][DBG][CAPTURE] capture_frame: 15.44ms
[2024233280][DBG][ENCODE] encode: 0.89ms
[2024233296][DBG][CAPTURE] capture_frame: 16.25ms
[2024233325][DBG][CAPTURE] capture_frame: 29.07ms
[2024233339][DBG][CAPTURE] capture_frame: 14.10ms
[2024233340][DBG][ENCODE] encode: 0.69ms
[2024233358][DBG][CAPTURE] capture_frame: 17.66ms
[2024233374][DBG][CAPTURE] capture_frame: 16.23ms
[2024233390][DBG][CAPTURE] capture_frame: 16.28ms
[2024233406][DBG][CAPTURE] capture_frame: 15.64ms
[2024233407][DBG][ENCODE] encode: 0.73ms
[2024233417][DBG][CAPTURE] capture_frame: 10.26ms
[2024233419][DBG][ENCODE] encode: 1.20ms
[2024233448][DBG][CAPTURE] capture_frame: 29.24ms
[2024233461][DBG][CAPTURE] capture_frame: 12.38ms
[2024233461][DBG][ENCODE] encode: 0.59ms
[2024233486][DBG][CAPTURE] capture_frame: 24.85ms
[2024233513][DBG][CAPTURE] capture_frame: 26.56ms
[2024233516][DBG][CAPTURE] capture_frame: 2.50ms
[2024233516][DBG][ENCODE] encode: 0.64ms
[2024233527][DBG][CAPTURE] capture_frame: 10.22ms
[2024233527][DBG][ENCODE] encode: 0.52ms
[2024233543][DBG][CAPTURE] capture_frame: 15.44ms
[2024233560][DBG][CAPTURE] capture_frame: 17.08ms
[2024233588][DBG][CAPTURE] capture_frame: 27.90ms
[2024233589][DBG][ENCODE] encode: 0.55ms
[2024233616][DBG][CAPTURE] capture_frame: 27.03ms
[2024233643][DBG][CAPTURE] capture_frame: 26.76ms
[2024233661][DBG][CAPTURE] capture_frame: 18.44ms
[2024233662][DBG][ENCODE] encode: 0.73ms
[2024233687][DBG][CAPTURE] capture_frame: 21.99ms
[2024233716][DBG][CAPTURE] capture_frame: 28.31ms
[2024233716][DBG][ENCODE] encode: 0.69ms
[2024233730][DBG][CAPTURE] capture_frame: 13.56ms
[2024233760][DBG][CAPTURE] capture_frame: 29.53ms
[2024233770][DBG][CAPTURE] capture_frame: 10.25ms
[2024233771][DBG][ENCODE] encode: 0.53ms
[2024233789][DBG][CAPTURE] capture_frame: 17.63ms
[2024233817][DBG][CAPTURE] capture_frame: 28.21ms
[2024233843][DBG][CAPTURE] capture_frame: 26.37ms
[2024233844][DBG][CAPTURE] capture_frame: 0.37ms
[2024233844][DBG][ENCODE] encode: 0.63ms
[2024233860][DBG][CAPTURE] capture_frame: 14.89ms
[2024233889][DBG][CAPTURE] capture_frame: 29.61ms
[2024233898][DBG][CAPTURE] capture_frame: 7.97ms
[2024233898][DBG][ENCODE] encode: 0.58ms
[2024233922][DBG][CAPTURE] capture_frame: 23.42ms
[2024233948][DBG][CAPTURE] capture_frame: 26.45ms
[2024233964][DBG][CAPTURE] capture_frame: 15.75ms
[2024233965][DBG][ENCODE] encode: 0.67ms
[2024233989][DBG][CAPTURE] capture_frame: 23.50ms
[2024233989][DBG][ENCODE] encode: 0.61ms
[2024234008][DBG][CAPTURE] capture_frame: 18.06ms
[2024234019][DBG][CAPTURE] capture_frame: 11.33ms
[2024234020][DBG][ENCODE] encode: 0.56ms
[2024234036][DBG][CAPTURE] capture_frame: 16.53ms
[2024234052][DBG][CAPTURE] capture_frame: 16.06ms
[2024234069][DBG][CAPTURE] capture_frame: 16.55ms
[2024234093][DBG][CAPTURE] capture_frame: 23.50ms
[2024234094][DBG][ENCODE] encode: 0.99ms
[2024234107][DBG][CAPTURE] capture_frame: 13.18ms
[2024234136][DBG][CAPTURE] capture_frame: 29.24ms
[2024234147][DBG][CAPTURE] capture_frame: 10.15ms
[2024234147][DBG][ENCODE] encode: 0.74ms
[2024234168][DBG][CAPTURE] capture_frame: 20.18ms
[2024234195][DBG][CAPTURE] capture_frame: 26.91ms
[2024234211][DBG][CAPTURE] capture_frame: 16.47ms
[2024234226][DBG][CAPTURE] capture_frame: 14.14ms
[2024234226][DBG][ENCODE] encode: 0.75ms
[2024234241][DBG][CAPTURE] capture_frame: 14.06ms
[2024234270][DBG][CAPTURE] capture_frame: 29.11ms
[2024234286][DBG][CAPTURE] capture_frame: 16.03ms
[2024234302][DBG][CAPTURE] capture_frame: 16.35ms
[2024234319][DBG][CAPTURE] capture_frame: 16.55ms
[2024234347][DBG][CAPTURE] capture_frame: 28.27ms
[2024234348][DBG][ENCODE] encode: 0.62ms
[2024234371][DBG][CAPTURE] capture_frame: 22.94ms
[2024234372][DBG][ENCODE] encode: 0.68ms
[2024234384][DBG][CAPTURE] capture_frame: 12.33ms
[2024234385][DBG][ENCODE] encode: 0.77ms
[2024234399][DBG][CAPTURE] capture_frame: 13.67ms
[2024234401][DBG][CAPTURE] capture_frame: 2.26ms
[2024234402][DBG][ENCODE] encode: 0.56ms
[2024234424][DBG][CAPTURE] capture_frame: 21.95ms
[2024234440][DBG][CAPTURE] capture_frame: 16.24ms
[2024234467][DBG][CAPTURE] capture_frame: 26.42ms
[2024234468][DBG][CAPTURE] capture_frame: 1.09ms
[2024234469][DBG][ENCODE] encode: 0.58ms
[2024234493][DBG][CAPTURE] capture_frame: 24.00ms
[2024234494][DBG][ENCODE] encode: 0.62ms
[2024234510][DBG][CAPTURE] capture_frame: 16.81ms
[2024234523][DBG][CAPTURE] capture_frame: 12.28ms
[2024234523][DBG][ENCODE] encode: 0.53ms
[2024234552][DBG][CAPTURE] capture_frame: 28.36ms
[2024234582][DBG][CAPTURE] capture_frame: 29.43ms
[2024234602][DBG][CAPTURE] capture_frame: 20.02ms
[2024234602][DBG][ENCODE] encode: 0.66ms
[2024234624][DBG][CAPTURE] capture_frame: 21.54ms
[2024234651][DBG][CAPTURE] capture_frame: 27.25ms
[2024234675][DBG][CAPTURE] capture_frame: 23.01ms
[2024234675][DBG][ENCODE] encode: 0.75ms
[2024234695][DBG][CAPTURE] capture_frame: 19.01ms
[2024234722][DBG][CAPTURE] capture_frame: 27.51ms
[2024234735][DBG][CAPTURE] capture_frame: 13.10ms
[2024234736][DBG][ENCODE] encode: 0.59ms
[2024234753][DBG][CAPTURE] capture_frame: 16.38ms
[2024234782][DBG][CAPTURE] capture_frame: 29.01ms
[2024234798][DBG][CAPTURE] capture_frame: 16.34ms
[2024234809][DBG][CAPTURE] capture_frame: 10.41ms
[2024234809][DBG][ENCODE] encode: 0.59ms
[2024234826][DBG][CAPTURE] capture_frame: 15.89ms
[2024234851][DBG][CAPTURE] capture_frame: 25.71ms
[2024234863][DBG][CAPTURE] capture_frame: 11.97ms
[2024234864][DBG][ENCODE] encode: 0.69ms
[2024234864][INF][HOST] Frames: 120, FPS: 24.3, RTT: 8.5ms, state: connected
[2024234880][DBG][CAPTURE] capture_frame: 15.31ms
[2024234907][DBG][CAPTURE] capture_frame: 27.23ms
[2024234917][DBG][CAPTURE] capture_frame: 10.22ms
[2024234918][DBG][ENCODE] encode: 0.77ms
[2024234935][DBG][CAPTURE] capture_frame: 16.13ms
[2024234962][DBG][CAPTURE] capture_frame: 27.34ms
[2024234972][DBG][CAPTURE] capture_frame: 9.92ms
[2024234973][DBG][ENCODE] encode: 0.50ms
[2024234989][DBG][CAPTURE] capture_frame: 16.11ms
[2024235005][DBG][CAPTURE] capture_frame: 16.09ms
[2024235014][DBG][CAPTURE] capture_frame: 9.12ms
[2024235015][DBG][ENCODE] encode: 0.49ms
[2024235026][DBG][CAPTURE] capture_frame: 10.85ms
[2024235026][DBG][ENCODE] encode: 0.50ms
[2024235048][DBG][CAPTURE] capture_frame: 21.28ms
[2024235073][DBG][CAPTURE] capture_frame: 25.18ms
[2024235087][DBG][CAPTURE] capture_frame: 14.25ms
[2024235088][DBG][ENCODE] encode: 0.61ms
[2024235102][DBG][CAPTURE] capture_frame: 13.40ms
[2024235131][DBG][CAPTURE] capture_frame: 29.27ms
[2024235143][DBG][CAPTURE] capture_frame: 11.43ms
[2024235143][DBG][ENCODE] encode: 0.63ms
[2024235158][DBG][CAPTURE] capture_frame: 15.03ms
[2024235186][DBG][CAPTURE] capture_frame: 27.17ms
[2024235197][DBG][CAPTURE] capture_frame: 11.32ms
[2024235198][DBG][ENCODE] encode: 0.66ms
[2024235214][DBG][CAPTURE] capture_frame: 15.48ms
[2024235243][DBG][CAPTURE] capture_frame: 28.80ms
[2024235273][DBG][CAPTURE] capture_frame: 30.74ms
[2024235303][DBG][CAPTURE] capture_frame: 29.64ms
[2024235331][DBG][CAPTURE] capture_frame: 27.85ms
[2024235342][DBG][CAPTURE] capture_frame: 11.27ms
[2024235343][DBG][ENCODE] encode: 0.71ms
[2024235356][DBG][CAPTURE] capture_frame: 12.27ms
[2024235356][DBG][ENCODE] encode: 0.53ms
[2024235382][DBG][CAPTURE] capture_frame: 25.46ms
[2024235409][DBG][CAPTURE] capture_frame: 27.12ms
[2024235410][DBG][ENCODE] encode: 0.62ms
[2024235441][DBG][CAPTURE] capture_frame: 30.97ms
[2024235465][DBG][CAPTURE] capture_frame: 23.61ms
[2024235465][DBG][ENCODE] encode: 0.66ms
[2024235482][DBG][CAPTURE] capture_frame: 15.97ms
[2024235507][DBG][CAPTURE] capture_frame: 25.81ms
[2024235519][DBG][CAPTURE] capture_frame: 11.70ms
[2024235520][DBG][ENCODE] encode: 0.70ms
[2024235535][DBG][CAPTURE] capture_frame: 14.91ms
[2024235565][DBG][CAPTURE] capture_frame: 30.08ms
[2024235592][DBG][CAPTURE] capture_frame: 26.06ms
[2024235592][DBG][ENCODE] encode: 0.57ms
[2024235607][DBG][CAPTURE] capture_frame: 14.41ms
[2024235632][DBG][CAPTURE] capture_frame: 25.35ms
[2024235652][DBG][CAPTURE] capture_frame: 19.92ms
[2024235653][DBG][ENCODE] encode: 0.61ms
[2024235673][DBG][CAPTURE] capture_frame: 20.37ms
[2024235700][DBG][CAPTURE] capture_frame: 26.68ms
[2024235713][DBG][CAPTURE] capture_frame: 12.46ms
[2024235713][DBG][ENCODE] encode: 0.75ms
[2024235741][DBG][CAPTURE] capture_frame: 27.80ms
[2024235769][DBG][CAPTURE] capture_frame: 27.12ms
[2024235785][DBG][CAPTURE] capture_frame: 16.67ms
[2024235786][DBG][ENCODE] encode: 0.66ms
[2024235811][DBG][CAPTURE] capture_frame: 24.32ms
[2024235834][DBG][CAPTURE] capture_frame: 23.24ms
[2024235835][DBG][ENCODE] encode: 0.60ms
[2024235851][DBG][CAPTURE] capture_frame: 16.24ms
[2024235877][DBG][CAPTURE] capture_frame: 26.19ms
[2024235890][DBG][CAPTURE] capture_frame: 12.21ms
[2024235890][DBG][ENCODE] encode: 0.68ms
[2024235905][DBG][CAPTURE] capture_frame: 14.15ms
[2024235935][DBG][CAPTURE] capture_frame: 30.32ms
[2024235950][DBG][CAPTURE] capture_frame: 14.51ms
[2024235950][DBG][ENCODE] encode: 0.59ms
[2024235967][DBG][CAPTURE] capture_frame: 16.87ms
[2024235968][DBG][ENCODE] encode: 0.54ms
[2024235990][DBG][CAPTURE] capture_frame: 22.11ms
[2024236006][DBG][CAPTURE] capture_frame: 15.99ms
[2024236016][DBG][CAPTURE] capture_frame: 9.84ms
[2024236017][DBG][ENCODE] encode: 0.62ms
[2024236034][DBG][CAPTURE] capture_frame: 16.30ms
[2024236053][DBG][CAPTURE] capture_frame: 19.35ms
[2024236054][DBG][ENCODE] encode: 0.68ms
[2024236064][DBG][CAPTURE] capture_frame: 10.03ms
[2024236065][DBG][ENCODE] encode: 0.58ms
[2024236083][DBG][CAPTURE] capture_frame: 18.26ms
[2024236084][DBG][ENCODE] encode: 0.63ms
[2024236100][DBG][CAPTURE] capture_frame: 16.15ms
[2024236126][DBG][CAPTURE] capture_frame: 25.74ms
[2024236144][DBG][CAPTURE] capture_frame: 18.01ms
[2024236145][DBG][ENCODE] encode: 0.70ms
[2024236168][DBG][CAPTURE] capture_frame: 22.54ms
[2024236192][DBG][CAPTURE] capture_frame: 24.74ms
[2024236193][DBG][ENCODE] encode: 0.66ms
[2024236207][DBG][CAPTURE] capture_frame: 13.86ms
[2024236237][DBG][CAPTURE] capture_frame: 29.35ms
[2024236247][DBG][CAPTURE] capture_frame: 9.90ms
[2024236247][DBG][ENCODE] encode: 0.55ms
[2024236262][DBG][CAPTURE] capture_frame: 14.36ms
[2024236278][DBG][CAPTURE] capture_frame: 16.13ms
[2024236294][DBG][CAPTURE] capture_frame: 16.27ms
[2024236315][DBG][CAPTURE] capture_frame: 20.27ms
[2024236316][DBG][ENCODE] encode: 0.73ms
[2024236336][DBG][CAPTURE] capture_frame: 20.46ms
[2024236365][DBG][CAPTURE] capture_frame: 28.60ms
[2024236381][DBG][CAPTURE] capture_frame: 15.57ms
[2024236381][DBG][ENCODE] encode: 0.65ms
[2024236406][DBG][CAPTURE] capture_frame: 24.98ms
[2024236429][DBG][CAPTURE] capture_frame: 22.83ms
[2024236430][DBG][ENCODE] encode: 0.85ms
[2024236450][DBG][CAPTURE] capture_frame: 19.67ms
[2024236478][DBG][CAPTURE] capture_frame: 28.06ms
[2024236490][DBG][CAPTURE] capture_frame: 11.22ms
[2024236490][DBG][ENCODE] encode: 0.57ms
[2024236506][DBG][CAPTURE] capture_frame: 15.63ms
[2024236531][DBG][CAPTURE] capture_frame: 24.98ms
[2024236548][DBG][CAPTURE] capture_frame: 16.47ms
[2024236550][DBG][CAPTURE] capture_frame: 2.20ms
[2024236551][DBG][ENCODE] encode: 0.64ms
[2024236573][DBG][CAPTURE] capture_frame: 22.20ms
[2024236598][DBG][CAPTURE] capture_frame: 25.23ms
[2024236599][DBG][CAPTURE] capture_frame: 0.62ms
[2024236600][DBG][ENCODE] encode: 0.63ms
[2024236626][DBG][CAPTURE] capture_frame: 26.27ms
[2024236653][DBG][CAPTURE] capture_frame: 26.75ms
[2024236678][DBG][CAPTURE] capture_frame: 24.50ms
[2024236678][DBG][ENCODE] encode: 0.58ms
[2024236695][DBG][CAPTURE] capture_frame: 16.42ms
[2024236720][DBG][CAPTURE] capture_frame: 25.31ms
[2024236720][WRN][HostSession] Client timed out (5026ms)
[2024236720][INF][HOST] Client disconnected
