[2025291590][WRN][CAPTURE] DuplicateOutput1 failed: 0x887A0004, falling back
[2025291591][INF][CAPTURE] DuplicateOutput fallback: BGRA SDR
[2025291591][INF][CAPTURE] Initialized DXGI capture: 3440x1440 on monitor 0
[2025291591][INF][HOST] Capture: 3440x1440
[2025291595][INF][ENCODE] AMF loaded successfully
[2025291680][INF][ENCODE] AMF HEVC 10-bit encoder initialized: 3440x1440 @ 60 fps, 15000 kbps, SDR
[2025291682][INF][HostSession] Listening on port 9885
[2025291682][INF][HOST] Waiting for client on port 9885... (Ctrl+C to stop)
[2025291682][DBG][CAPTURE] capture_frame: 0.19ms
[2025291716][DBG][ENCODE] encode: 33.56ms
[2025291734][DBG][CAPTURE] capture_frame: 17.68ms
[2025291751][DBG][CAPTURE] capture_frame: 16.68ms
[2025291752][DBG][ENCODE] encode: 0.94ms
[2025291764][DBG][CAPTURE] capture_frame: 11.52ms
[2025291764][DBG][ENCODE] encode: 0.50ms
[2025291780][DBG][CAPTURE] capture_frame: 15.76ms
[2025291810][DBG][CAPTURE] capture_frame: 29.49ms
[2025291825][DBG][CAPTURE] capture_frame: 14.99ms
[2025291825][DBG][ENCODE] encode: 0.57ms
[2025291849][DBG][CAPTURE] capture_frame: 23.34ms
[2025291849][DBG][ENCODE] encode: 0.56ms
[2025291869][DBG][CAPTURE] capture_frame: 19.81ms
[2025291879][DBG][CAPTURE] capture_frame: 9.65ms
[2025291880][DBG][ENCODE] encode: 0.64ms
[2025291900][DBG][CAPTURE] capture_frame: 20.13ms
[2025291930][DBG][CAPTURE] capture_frame: 30.24ms
[2025291940][DBG][CAPTURE] capture_frame: 10.20ms
[2025291941][DBG][ENCODE] encode: 0.56ms
[2025291962][DBG][CAPTURE] capture_frame: 20.78ms
[2025291993][DBG][CAPTURE] capture_frame: 31.00ms
[2025292019][DBG][CAPTURE] capture_frame: 25.50ms
[2025292019][DBG][ENCODE] encode: 0.66ms
[2025292039][DBG][CAPTURE] capture_frame: 20.13ms
[2025292070][DBG][CAPTURE] capture_frame: 30.76ms
[2025292098][DBG][CAPTURE] capture_frame: 27.55ms
[2025292099][DBG][ENCODE] encode: 0.64ms
[2025292115][DBG][CAPTURE] capture_frame: 16.14ms
[2025292145][DBG][CAPTURE] capture_frame: 30.52ms
[2025292158][DBG][CAPTURE] capture_frame: 12.76ms
[2025292159][DBG][ENCODE] encode: 0.64ms
[2025292177][DBG][CAPTURE] capture_frame: 17.52ms
[2025292208][DBG][CAPTURE] capture_frame: 31.32ms
[2025292224][DBG][CAPTURE] capture_frame: 15.96ms
[2025292237][DBG][CAPTURE] capture_frame: 13.30ms
[2025292238][DBG][ENCODE] encode: 0.63ms
[2025292255][DBG][CAPTURE] capture_frame: 16.35ms
[2025292285][DBG][CAPTURE] capture_frame: 30.55ms
[2025292298][DBG][CAPTURE] capture_frame: 12.79ms
[2025292299][DBG][ENCODE] encode: 0.61ms
[2025292315][DBG][CAPTURE] capture_frame: 16.42ms
[2025292346][DBG][CAPTURE] capture_frame: 30.33ms
[2025292371][DBG][CAPTURE] capture_frame: 25.15ms
[2025292371][DBG][ENCODE] encode: 0.59ms
[2025292390][DBG][CAPTURE] capture_frame: 18.77ms
[2025292418][DBG][CAPTURE] capture_frame: 28.08ms
[2025292432][DBG][CAPTURE] capture_frame: 13.10ms
[2025292432][DBG][ENCODE] encode: 0.65ms
[2025292449][DBG][CAPTURE] capture_frame: 16.39ms
[2025292462][DBG][CAPTURE] capture_frame: 13.14ms
[2025292463][DBG][ENCODE] encode: 0.61ms
[2025292480][DBG][CAPTURE] capture_frame: 17.44ms
[2025292492][DBG][CAPTURE] capture_frame: 11.99ms
[2025292493][DBG][ENCODE] encode: 0.62ms
[2025292509][DBG][CAPTURE] capture_frame: 16.42ms
[2025292518][DBG][CAPTURE] capture_frame: 8.29ms
[2025292518][DBG][ENCODE] encode: 0.51ms
[2025292540][DBG][CAPTURE] capture_frame: 21.38ms
[2025292553][DBG][CAPTURE] capture_frame: 13.47ms
[2025292554][DBG][ENCODE] encode: 0.55ms
[2025292582][DBG][CAPTURE] capture_frame: 28.23ms
[2025292613][DBG][CAPTURE] capture_frame: 30.60ms
[2025292626][DBG][CAPTURE] capture_frame: 13.46ms
[2025292627][DBG][ENCODE] encode: 0.56ms
[2025292643][DBG][CAPTURE] capture_frame: 16.20ms
[2025292674][DBG][CAPTURE] capture_frame: 30.88ms
[2025292686][DBG][CAPTURE] capture_frame: 12.23ms
[2025292687][DBG][ENCODE] encode: 0.53ms
[2025292707][DBG][CAPTURE] capture_frame: 19.46ms
[2025292737][DBG][CAPTURE] capture_frame: 30.71ms
[2025292742][DBG][CAPTURE] capture_frame: 4.80ms
[2025292743][DBG][ENCODE] encode: 0.97ms
[2025292759][DBG][CAPTURE] capture_frame: 15.82ms
[2025292760][DBG][ENCODE] encode: 0.68ms
[2025292771][DBG][CAPTURE] capture_frame: 11.02ms
[2025292772][DBG][ENCODE] encode: 0.50ms
[2025292783][DBG][CAPTURE] capture_frame: 11.40ms
[2025292784][DBG][ENCODE] encode: 0.51ms
[2025292795][DBG][CAPTURE] capture_frame: 11.51ms
[2025292796][DBG][ENCODE] encode: 0.54ms
[2025292808][DBG][CAPTURE] capture_frame: 12.53ms
[2025292809][DBG][ENCODE] encode: 0.87ms
[2025292820][DBG][CAPTURE] capture_frame: 10.32ms
[2025292820][DBG][ENCODE] encode: 0.60ms
[2025292832][DBG][CAPTURE] capture_frame: 11.60ms
[2025292833][DBG][ENCODE] encode: 0.73ms
[2025292844][DBG][CAPTURE] capture_frame: 11.09ms
[2025292845][DBG][ENCODE] encode: 0.52ms
[2025292856][DBG][CAPTURE] capture_frame: 11.39ms
[2025292857][DBG][ENCODE] encode: 0.59ms
[2025292869][DBG][CAPTURE] capture_frame: 12.05ms
[2025292869][DBG][ENCODE] encode: 0.52ms
[2025292880][DBG][CAPTURE] capture_frame: 11.00ms
[2025292881][DBG][ENCODE] encode: 0.72ms
[2025292893][DBG][CAPTURE] capture_frame: 11.48ms
[2025292893][DBG][ENCODE] encode: 0.68ms
[2025292905][DBG][CAPTURE] capture_frame: 11.09ms
[2025292905][DBG][ENCODE] encode: 0.60ms
[2025292917][DBG][CAPTURE] capture_frame: 11.48ms
[2025292917][DBG][ENCODE] encode: 0.50ms
[2025292929][DBG][CAPTURE] capture_frame: 11.79ms
[2025292930][DBG][ENCODE] encode: 0.58ms
[2025292941][DBG][CAPTURE] capture_frame: 11.40ms
[2025292942][DBG][ENCODE] encode: 0.57ms
[2025292953][DBG][CAPTURE] capture_frame: 11.17ms
[2025292954][DBG][ENCODE] encode: 0.53ms
[2025292965][DBG][CAPTURE] capture_frame: 11.69ms
[2025292966][DBG][ENCODE] encode: 0.64ms
[2025292977][DBG][CAPTURE] capture_frame: 11.20ms
[2025292978][DBG][ENCODE] encode: 0.80ms
[2025292990][DBG][CAPTURE] capture_frame: 11.53ms
[2025292991][DBG][ENCODE] encode: 0.60ms
[2025293002][DBG][CAPTURE] capture_frame: 11.14ms
[2025293002][DBG][ENCODE] encode: 0.58ms
[2025293014][DBG][CAPTURE] capture_frame: 11.43ms
[2025293014][DBG][ENCODE] encode: 0.58ms
[2025293026][DBG][CAPTURE] capture_frame: 11.48ms
[2025293027][DBG][ENCODE] encode: 0.59ms
[2025293038][DBG][CAPTURE] capture_frame: 11.38ms
[2025293039][DBG][ENCODE] encode: 0.51ms
[2025293051][DBG][CAPTURE] capture_frame: 11.94ms
[2025293051][DBG][ENCODE] encode: 0.54ms
[2025293063][DBG][CAPTURE] capture_frame: 11.46ms
[2025293063][DBG][ENCODE] encode: 0.61ms
[2025293075][DBG][CAPTURE] capture_frame: 11.00ms
[2025293075][DBG][ENCODE] encode: 0.61ms
[2025293088][DBG][CAPTURE] capture_frame: 12.70ms
[2025293089][DBG][ENCODE] encode: 0.58ms
[2025293105][DBG][CAPTURE] capture_frame: 16.20ms
[2025293105][DBG][ENCODE] encode: 0.58ms
[2025293118][DBG][CAPTURE] capture_frame: 12.41ms
[2025293119][DBG][ENCODE] encode: 0.59ms
[2025293129][DBG][CAPTURE] capture_frame: 10.55ms
[2025293130][DBG][ENCODE] encode: 0.50ms
[2025293141][DBG][CAPTURE] capture_frame: 11.57ms
[2025293142][DBG][ENCODE] encode: 0.58ms
[2025293154][DBG][CAPTURE] capture_frame: 11.48ms
[2025293154][DBG][ENCODE] encode: 0.53ms
[2025293166][DBG][CAPTURE] capture_frame: 11.53ms
[2025293166][DBG][ENCODE] encode: 0.58ms
[2025293178][DBG][CAPTURE] capture_frame: 11.60ms
[2025293179][DBG][ENCODE] encode: 0.53ms
[2025293190][DBG][CAPTURE] capture_frame: 11.36ms
[2025293191][DBG][ENCODE] encode: 0.59ms
[2025293202][DBG][CAPTURE] capture_frame: 11.56ms
[2025293203][DBG][ENCODE] encode: 0.54ms
[2025293214][DBG][CAPTURE] capture_frame: 11.36ms
[2025293215][DBG][ENCODE] encode: 0.55ms
[2025293226][DBG][CAPTURE] capture_frame: 11.41ms
[2025293227][DBG][ENCODE] encode: 0.59ms
[2025293239][DBG][CAPTURE] capture_frame: 11.87ms
[2025293239][DBG][ENCODE] encode: 0.51ms
[2025293239][INF][HOST] Frames: 60, FPS: 38.5, RTT: 0.0ms, state: waiting
[2025293251][DBG][CAPTURE] capture_frame: 11.17ms
[2025293252][DBG][ENCODE] encode: 0.63ms
[2025293263][DBG][CAPTURE] capture_frame: 11.18ms
[2025293263][DBG][ENCODE] encode: 0.43ms
[2025293275][DBG][CAPTURE] capture_frame: 11.46ms
[2025293275][DBG][ENCODE] encode: 0.41ms
[2025293287][DBG][CAPTURE] capture_frame: 11.69ms
[2025293288][DBG][ENCODE] encode: 0.52ms
[2025293299][DBG][CAPTURE] capture_frame: 11.68ms
[2025293300][DBG][ENCODE] encode: 0.65ms
[2025293311][DBG][CAPTURE] capture_frame: 11.12ms
[2025293312][DBG][ENCODE] encode: 0.49ms
[2025293324][DBG][CAPTURE] capture_frame: 12.23ms
[2025293325][DBG][ENCODE] encode: 0.52ms
[2025293336][DBG][CAPTURE] capture_frame: 10.83ms
[2025293336][DBG][ENCODE] encode: 0.54ms
[2025293348][DBG][CAPTURE] capture_frame: 11.52ms
[2025293348][DBG][ENCODE] encode: 0.52ms
[2025293360][DBG][CAPTURE] capture_frame: 12.02ms
[2025293361][DBG][ENCODE] encode: 0.51ms
[2025293372][DBG][CAPTURE] capture_frame: 11.29ms
[2025293373][DBG][ENCODE] encode: 0.60ms
[2025293384][DBG][CAPTURE] capture_frame: 11.47ms
[2025293385][DBG][ENCODE] encode: 0.59ms
[2025293397][DBG][CAPTURE] capture_frame: 11.37ms
[2025293397][DBG][ENCODE] encode: 0.59ms
[2025293408][DBG][CAPTURE] capture_frame: 11.15ms
[2025293409][DBG][ENCODE] encode: 0.49ms
[2025293421][DBG][CAPTURE] capture_frame: 11.78ms
[2025293421][DBG][ENCODE] encode: 0.64ms
[2025293433][DBG][CAPTURE] capture_frame: 11.66ms
[2025293434][DBG][ENCODE] encode: 0.53ms
[2025293445][DBG][CAPTURE] capture_frame: 11.06ms
[2025293445][DBG][ENCODE] encode: 0.56ms
[2025293457][DBG][CAPTURE] capture_frame: 11.81ms
[2025293458][DBG][ENCODE] encode: 0.49ms
[2025293473][DBG][CAPTURE] capture_frame: 15.46ms
[2025293474][DBG][ENCODE] encode: 0.66ms
[2025293502][DBG][CAPTURE] capture_frame: 27.83ms
[2025293503][DBG][ENCODE] encode: 0.74ms
[2025293533][DBG][CAPTURE] capture_frame: 30.21ms
[2025293561][DBG][CAPTURE] capture_frame: 27.44ms
[2025293561][DBG][ENCODE] encode: 0.50ms
[2025293579][DBG][CAPTURE] capture_frame: 17.61ms
[2025293595][DBG][CAPTURE] capture_frame: 15.93ms
[2025293610][DBG][CAPTURE] capture_frame: 14.85ms
[2025293610][DBG][ENCODE] encode: 0.67ms
[2025293640][DBG][CAPTURE] capture_frame: 29.40ms
[2025293641][DBG][ENCODE] encode: 0.69ms
[2025293657][DBG][CAPTURE] capture_frame: 15.98ms
[2025293687][DBG][CAPTURE] capture_frame: 30.55ms
[2025293700][DBG][CAPTURE] capture_frame: 12.60ms
[2025293701][DBG][ENCODE] encode: 0.62ms
[2025293717][DBG][CAPTURE] capture_frame: 16.53ms
[2025293733][DBG][CAPTURE] capture_frame: 16.00ms
[2025293760][DBG][CAPTURE] capture_frame: 26.53ms
[2025293761][DBG][CAPTURE] capture_frame: 1.00ms
[2025293762][DBG][ENCODE] encode: 0.74ms
[2025293790][DBG][CAPTURE] capture_frame: 28.22ms
[2025293821][DBG][CAPTURE] capture_frame: 30.35ms
[2025293822][DBG][CAPTURE] capture_frame: 1.29ms
[2025293823][DBG][ENCODE] encode: 0.79ms
[2025293851][DBG][CAPTURE] capture_frame: 28.05ms
[2025293882][DBG][CAPTURE] capture_frame: 31.24ms
[2025293883][DBG][ENCODE] encode: 0.75ms
[2025293914][DBG][CAPTURE] capture_frame: 30.44ms
[2025293930][DBG][CAPTURE] capture_frame: 16.09ms
[2025293949][DBG][CAPTURE] capture_frame: 18.88ms
[2025293950][DBG][ENCODE] encode: 0.69ms
[2025293976][DBG][CAPTURE] capture_frame: 25.51ms
[2025294004][DBG][CAPTURE] capture_frame: 27.92ms
[2025294004][DBG][ENCODE] encode: 0.83ms
[2025294021][DBG][CAPTURE] capture_frame: 16.30ms
[2025294051][DBG][CAPTURE] capture_frame: 30.26ms
[2025294052][DBG][CAPTURE] capture_frame: 0.73ms
[2025294053][DBG][ENCODE] encode: 0.58ms
[2025294082][DBG][CAPTURE] capture_frame: 28.79ms
[2025294089][DBG][CAPTURE] capture_frame: 6.87ms
[2025294089][DBG][ENCODE] encode: 0.57ms
[2025294113][DBG][CAPTURE] capture_frame: 23.56ms
[2025294113][DBG][ENCODE] encode: 0.69ms
[2025294143][DBG][CAPTURE] capture_frame: 28.99ms
[2025294168][DBG][CAPTURE] capture_frame: 24.97ms
[2025294168][DBG][ENCODE] encode: 0.63ms
[2025294185][DBG][CAPTURE] capture_frame: 16.41ms
[2025294201][DBG][CAPTURE] capture_frame: 16.01ms
[2025294231][DBG][CAPTURE] capture_frame: 30.34ms
[2025294261][DBG][CAPTURE] capture_frame: 29.56ms
[2025294264][DBG][CAPTURE] capture_frame: 3.38ms
[2025294265][DBG][ENCODE] encode: 0.58ms
[2025294288][DBG][CAPTURE] capture_frame: 22.99ms
[2025294313][DBG][CAPTURE] capture_frame: 25.07ms
[2025294314][DBG][ENCODE] encode: 0.57ms
[2025294334][DBG][CAPTURE] capture_frame: 20.31ms
[2025294365][DBG][CAPTURE] capture_frame: 30.97ms
[2025294380][DBG][CAPTURE] capture_frame: 14.78ms
[2025294381][DBG][ENCODE] encode: 0.60ms
[2025294410][DBG][CAPTURE] capture_frame: 29.74ms
[2025294440][DBG][CAPTURE] capture_frame: 29.51ms
[2025294441][DBG][CAPTURE] capture_frame: 1.04ms
[2025294442][DBG][ENCODE] encode: 0.57ms
[2025294471][DBG][CAPTURE] capture_frame: 29.58ms
[2025294484][DBG][CAPTURE] capture_frame: 12.91ms
[2025294485][DBG][ENCODE] encode: 0.95ms
[2025294485][INF][HostSession] Client connected from 127.0.0.1:59676
[2025294502][DBG][CAPTURE] capture_frame: 16.48ms
[2025294509][DBG][CAPTURE] capture_frame: 6.83ms
[2025294509][INF][HOST] IDR requested for new client
[2025294510][DBG][ENCODE] encode: 0.77ms
[2025294533][DBG][CAPTURE] capture_frame: 22.89ms
[2025294543][DBG][CAPTURE] capture_frame: 10.11ms
[2025294545][DBG][ENCODE] encode: 1.28ms
[2025294563][DBG][CAPTURE] capture_frame: 16.35ms
[2025294567][DBG][ENCODE] encode: 3.52ms
[2025294584][DBG][CAPTURE] capture_frame: 16.23ms
[2025294586][DBG][ENCODE] encode: 1.26ms
[2025294598][DBG][CAPTURE] capture_frame: 12.35ms
[2025294599][DBG][ENCODE] encode: 1.02ms
[2025294614][DBG][CAPTURE] capture_frame: 13.86ms
[2025294615][DBG][ENCODE] encode: 0.95ms
[2025294642][DBG][CAPTURE] capture_frame: 27.37ms
[2025294658][DBG][CAPTURE] capture_frame: 15.96ms
[2025294662][DBG][CAPTURE] capture_frame: 3.62ms
[2025294663][DBG][ENCODE] encode: 0.63ms
[2025294688][DBG][CAPTURE] capture_frame: 25.16ms
[2025294689][DBG][ENCODE] encode: 1.24ms
[2025294705][DBG][CAPTURE] capture_frame: 15.64ms
[2025294713][DBG][CAPTURE] capture_frame: 7.76ms
[2025294714][DBG][ENCODE] encode: 0.92ms
[2025294736][DBG][CAPTURE] capture_frame: 21.87ms
[2025294766][DBG][CAPTURE] capture_frame: 30.07ms
[2025294768][DBG][CAPTURE] capture_frame: 1.61ms
[2025294769][DBG][ENCODE] encode: 0.85ms
[2025294798][DBG][CAPTURE] capture_frame: 28.59ms
[2025294829][DBG][CAPTURE] capture_frame: 31.16ms
[2025294832][DBG][CAPTURE] capture_frame: 2.56ms
[2025294833][DBG][ENCODE] encode: 1.19ms
[2025294853][DBG][CAPTURE] capture_frame: 18.30ms
[2025294854][DBG][ENCODE] encode: 1.43ms
[2025294870][DBG][CAPTURE] capture_frame: 15.41ms
[2025294871][DBG][ENCODE] encode: 1.03ms
[2025294888][DBG][CAPTURE] capture_frame: 16.14ms
[2025294889][DBG][ENCODE] encode: 1.04ms
[2025294906][DBG][CAPTURE] capture_frame: 16.20ms
[2025294907][DBG][ENCODE] encode: 0.98ms
[2025294923][DBG][CAPTURE] capture_frame: 16.08ms
[2025294924][DBG][CAPTURE] capture_frame: 0.64ms
[2025294925][DBG][ENCODE] encode: 1.06ms
[2025294938][DBG][CAPTURE] capture_frame: 12.42ms
[2025294939][DBG][ENCODE] encode: 0.99ms
[2025294955][DBG][CAPTURE] capture_frame: 15.97ms
[2025294955][DBG][CAPTURE] capture_frame: 0.48ms
[2025294957][DBG][ENCODE] encode: 1.13ms
[2025294971][DBG][CAPTURE] capture_frame: 14.17ms
[2025294972][DBG][ENCODE] encode: 0.85ms
[2025294986][DBG][CAPTURE] capture_frame: 13.26ms
[2025294987][DBG][ENCODE] encode: 1.17ms
[2025295004][DBG][CAPTURE] capture_frame: 16.98ms
[2025295005][DBG][ENCODE] encode: 0.86ms
[2025295021][DBG][CAPTURE] capture_frame: 15.70ms
[2025295022][DBG][ENCODE] encode: 0.93ms
[2025295022][INF][HOST] Frames: 120, FPS: 35.9, RTT: 16.6ms, state: connected
[2025295038][DBG][CAPTURE] capture_frame: 15.70ms
[2025295039][DBG][ENCODE] encode: 0.72ms
[2025295052][DBG][CAPTURE] capture_frame: 13.11ms
[2025295053][DBG][ENCODE] encode: 0.95ms
[2025295069][DBG][CAPTURE] capture_frame: 15.55ms
[2025295070][DBG][ENCODE] encode: 0.95ms
[2025295082][DBG][CAPTURE] capture_frame: 11.72ms
[2025295083][DBG][ENCODE] encode: 0.92ms
[2025295094][DBG][CAPTURE] capture_frame: 10.82ms
[2025295095][DBG][ENCODE] encode: 0.89ms
[2025295111][DBG][CAPTURE] capture_frame: 15.86ms
[2025295112][DBG][CAPTURE] capture_frame: 0.68ms
[2025295113][DBG][ENCODE] encode: 1.33ms
[2025295131][DBG][CAPTURE] capture_frame: 17.29ms
[2025295132][DBG][ENCODE] encode: 0.92ms
[2025295148][DBG][CAPTURE] capture_frame: 15.74ms
[2025295149][DBG][ENCODE] encode: 0.86ms
[2025295161][DBG][CAPTURE] capture_frame: 12.21ms
[2025295162][DBG][ENCODE] encode: 0.90ms
[2025295178][DBG][CAPTURE] capture_frame: 15.88ms
[2025295179][DBG][ENCODE] encode: 0.91ms
[2025295191][DBG][CAPTURE] capture_frame: 11.75ms
[2025295192][DBG][ENCODE] encode: 0.93ms
[2025295207][DBG][CAPTURE] capture_frame: 15.15ms
[2025295208][DBG][ENCODE] encode: 0.64ms
[2025295227][DBG][CAPTURE] capture_frame: 18.75ms
[2025295228][DBG][ENCODE] encode: 1.10ms
[2025295245][DBG][CAPTURE] capture_frame: 17.01ms
[2025295246][DBG][ENCODE] encode: 0.94ms
[2025295260][DBG][CAPTURE] capture_frame: 13.58ms
[2025295261][DBG][ENCODE] encode: 0.77ms
[2025295274][DBG][CAPTURE] capture_frame: 12.91ms
[2025295275][DBG][ENCODE] encode: 0.73ms
[2025295294][DBG][CAPTURE] capture_frame: 18.60ms
[2025295295][DBG][ENCODE] encode: 1.08ms
[2025295309][DBG][CAPTURE] capture_frame: 14.03ms
[2025295310][DBG][ENCODE] encode: 0.52ms
[2025295323][DBG][CAPTURE] capture_frame: 13.49ms
[2025295324][DBG][ENCODE] encode: 0.73ms
[2025295337][DBG][CAPTURE] capture_frame: 12.41ms
[2025295338][DBG][ENCODE] encode: 0.81ms
[2025295354][DBG][CAPTURE] capture_frame: 16.50ms
[2025295355][DBG][ENCODE] encode: 0.92ms
[2025295373][DBG][CAPTURE] capture_frame: 17.50ms
[2025295374][DBG][ENCODE] encode: 1.15ms
[2025295390][DBG][CAPTURE] capture_frame: 15.83ms
[2025295391][DBG][ENCODE] encode: 0.78ms
[2025295405][DBG][CAPTURE] capture_frame: 13.48ms
[2025295406][DBG][ENCODE] encode: 0.87ms
[2025295421][DBG][CAPTURE] capture_frame: 15.51ms
[2025295423][DBG][ENCODE] encode: 1.01ms
[2025295439][DBG][CAPTURE] capture_frame: 16.12ms
[2025295440][DBG][ENCODE] encode: 0.96ms
[2025295454][DBG][CAPTURE] capture_frame: 13.35ms
[2025295455][DBG][ENCODE] encode: 1.01ms
[2025295471][DBG][CAPTURE] capture_frame: 15.91ms
[2025295472][DBG][ENCODE] encode: 1.01ms
[2025295488][DBG][CAPTURE] capture_frame: 15.74ms
[2025295489][DBG][ENCODE] encode: 1.06ms
[2025295506][DBG][CAPTURE] capture_frame: 17.07ms
[2025295507][DBG][ENCODE] encode: 1.00ms
[2025295519][DBG][CAPTURE] capture_frame: 11.51ms
[2025295520][DBG][ENCODE] encode: 1.19ms
[2025295538][DBG][CAPTURE] capture_frame: 17.20ms
[2025295539][DBG][ENCODE] encode: 1.00ms
[2025295555][DBG][CAPTURE] capture_frame: 15.64ms
[2025295556][DBG][ENCODE] encode: 0.95ms
[2025295573][DBG][CAPTURE] capture_frame: 17.15ms
[2025295574][DBG][ENCODE] encode: 0.94ms
[2025295591][DBG][CAPTURE] capture_frame: 16.54ms
[2025295592][DBG][ENCODE] encode: 0.94ms
[2025295604][DBG][CAPTURE] capture_frame: 12.09ms
[2025295605][DBG][ENCODE] encode: 0.88ms
[2025295622][DBG][CAPTURE] capture_frame: 16.29ms
[2025295623][DBG][ENCODE] encode: 0.98ms
[2025295640][DBG][CAPTURE] capture_frame: 17.00ms
[2025295640][DBG][CAPTURE] capture_frame: 0.13ms
[2025295641][DBG][ENCODE] encode: 0.92ms
[2025295652][DBG][CAPTURE] capture_frame: 10.66ms
[2025295653][DBG][ENCODE] encode: 0.94ms
[2025295670][DBG][CAPTURE] capture_frame: 16.89ms
[2025295672][DBG][ENCODE] encode: 1.29ms
[2025295685][DBG][CAPTURE] capture_frame: 10.58ms
[2025295686][DBG][ENCODE] encode: 0.58ms
[2025295698][DBG][CAPTURE] capture_frame: 12.17ms
[2025295699][DBG][ENCODE] encode: 0.79ms
[2025295713][DBG][CAPTURE] capture_frame: 14.36ms
[2025295714][DBG][ENCODE] encode: 1.01ms
[2025295731][DBG][CAPTURE] capture_frame: 16.36ms
[2025295732][DBG][ENCODE] encode: 0.96ms
[2025295748][DBG][CAPTURE] capture_frame: 15.90ms
[2025295749][DBG][ENCODE] encode: 0.75ms
[2025295763][DBG][CAPTURE] capture_frame: 14.08ms
[2025295764][DBG][ENCODE] encode: 0.74ms
[2025295782][DBG][CAPTURE] capture_frame: 17.35ms
[2025295782][DBG][CAPTURE] capture_frame: 0.50ms
[2025295783][DBG][ENCODE] encode: 0.63ms
[2025295799][DBG][CAPTURE] capture_frame: 16.35ms
[2025295800][DBG][ENCODE] encode: 0.72ms
[2025295812][DBG][CAPTURE] capture_frame: 12.17ms
[2025295813][DBG][ENCODE] encode: 0.76ms
[2025295830][DBG][CAPTURE] capture_frame: 16.29ms
[2025295830][DBG][ENCODE] encode: 0.67ms
[2025295842][DBG][CAPTURE] capture_frame: 11.50ms
[2025295843][DBG][ENCODE] encode: 0.82ms
[2025295855][DBG][CAPTURE] capture_frame: 11.30ms
[2025295855][DBG][ENCODE] encode: 0.89ms
[2025295873][DBG][CAPTURE] capture_frame: 17.34ms
[2025295874][DBG][ENCODE] encode: 0.65ms
[2025295890][DBG][CAPTURE] capture_frame: 16.53ms
[2025295891][DBG][ENCODE] encode: 0.84ms
[2025295909][DBG][CAPTURE] capture_frame: 17.18ms
[2025295909][DBG][ENCODE] encode: 0.59ms
[2025295921][DBG][CAPTURE] capture_frame: 11.71ms
[2025295922][DBG][ENCODE] encode: 1.07ms
[2025295939][DBG][CAPTURE] capture_frame: 16.57ms
[2025295940][DBG][ENCODE] encode: 0.67ms
[2025295955][DBG][CAPTURE] capture_frame: 14.69ms
[2025295956][DBG][ENCODE] encode: 0.92ms
[2025295970][DBG][CAPTURE] capture_frame: 14.10ms
[2025295971][DBG][ENCODE] encode: 0.67ms
[2025295983][DBG][CAPTURE] capture_frame: 11.81ms
[2025295983][DBG][ENCODE] encode: 0.86ms
[2025295984][INF][HOST] Frames: 180, FPS: 41.8, RTT: 18.3ms, state: connected
[2025295996][DBG][CAPTURE] capture_frame: 12.11ms
[2025295997][DBG][ENCODE] encode: 0.84ms
[2025296008][DBG][CAPTURE] capture_frame: 11.10ms
[2025296009][DBG][ENCODE] encode: 0.74ms
[2025296024][DBG][CAPTURE] capture_frame: 15.22ms
[2025296025][DBG][ENCODE] encode: 0.73ms
[2025296040][DBG][CAPTURE] capture_frame: 14.52ms
[2025296041][DBG][ENCODE] encode: 1.02ms
[2025296054][DBG][CAPTURE] capture_frame: 13.42ms
[2025296055][DBG][ENCODE] encode: 0.81ms
[2025296073][DBG][CAPTURE] capture_frame: 17.11ms
[2025296073][DBG][ENCODE] encode: 0.67ms
[2025296085][DBG][CAPTURE] capture_frame: 11.58ms
[2025296086][DBG][ENCODE] encode: 1.11ms
[2025296098][DBG][CAPTURE] capture_frame: 11.69ms
[2025296099][DBG][ENCODE] encode: 0.56ms
[2025296113][DBG][CAPTURE] capture_frame: 14.27ms
[2025296114][DBG][ENCODE] encode: 0.95ms
[2025296127][DBG][CAPTURE] capture_frame: 12.74ms
[2025296128][DBG][ENCODE] encode: 0.90ms
[2025296140][DBG][CAPTURE] capture_frame: 11.99ms
[2025296141][DBG][ENCODE] encode: 0.75ms
[2025296155][DBG][CAPTURE] capture_frame: 13.64ms
[2025296156][DBG][ENCODE] encode: 0.96ms
[2025296174][DBG][CAPTURE] capture_frame: 17.57ms
[2025296175][DBG][ENCODE] encode: 1.44ms
[2025296188][DBG][CAPTURE] capture_frame: 12.30ms
[2025296189][DBG][ENCODE] encode: 1.24ms
[2025296201][DBG][CAPTURE] capture_frame: 11.57ms
[2025296202][DBG][ENCODE] encode: 1.12ms
[2025296216][DBG][CAPTURE] capture_frame: 12.93ms
[2025296216][DBG][ENCODE] encode: 0.65ms
[2025296231][DBG][CAPTURE] capture_frame: 14.10ms
[2025296232][DBG][ENCODE] encode: 1.24ms
[2025296249][DBG][CAPTURE] capture_frame: 16.43ms
[2025296249][DBG][ENCODE] encode: 0.51ms
[2025296261][DBG][CAPTURE] capture_frame: 11.67ms
[2025296262][DBG][ENCODE] encode: 0.77ms
[2025296273][DBG][CAPTURE] capture_frame: 11.04ms
[2025296274][DBG][ENCODE] encode: 0.90ms
[2025296285][DBG][CAPTURE] capture_frame: 10.85ms
[2025296286][DBG][ENCODE] encode: 1.12ms
[2025296298][DBG][CAPTURE] capture_frame: 11.67ms
[2025296299][DBG][ENCODE] encode: 0.59ms
[2025296313][DBG][CAPTURE] capture_frame: 14.03ms
[2025296314][DBG][ENCODE] encode: 0.87ms
[2025296327][DBG][CAPTURE] capture_frame: 13.32ms
[2025296328][DBG][ENCODE] encode: 0.64ms
[2025296340][DBG][CAPTURE] capture_frame: 11.52ms
[2025296341][DBG][ENCODE] encode: 0.99ms
[2025296352][DBG][CAPTURE] capture_frame: 11.45ms
[2025296354][DBG][ENCODE] encode: 1.03ms
[2025296365][DBG][CAPTURE] capture_frame: 11.33ms
[2025296366][DBG][ENCODE] encode: 0.96ms
[2025296380][DBG][CAPTURE] capture_frame: 13.78ms
[2025296381][DBG][ENCODE] encode: 0.88ms
[2025296395][DBG][CAPTURE] capture_frame: 13.28ms
[2025296396][DBG][ENCODE] encode: 1.07ms
[2025296407][DBG][CAPTURE] capture_frame: 10.79ms
[2025296408][DBG][ENCODE] encode: 1.09ms
[2025296425][DBG][CAPTURE] capture_frame: 16.49ms
[2025296425][DBG][ENCODE] encode: 0.65ms
[2025296438][DBG][CAPTURE] capture_frame: 12.35ms
[2025296439][DBG][ENCODE] encode: 0.80ms
[2025296451][DBG][CAPTURE] capture_frame: 11.90ms
[2025296452][DBG][ENCODE] encode: 0.99ms
[2025296467][DBG][CAPTURE] capture_frame: 15.09ms
[2025296468][DBG][ENCODE] encode: 0.46ms
[2025296480][DBG][CAPTURE] capture_frame: 12.30ms
[2025296481][DBG][ENCODE] encode: 0.53ms
[2025296497][DBG][CAPTURE] capture_frame: 16.77ms
[2025296498][DBG][ENCODE] encode: 0.55ms
[2025296510][DBG][CAPTURE] capture_frame: 11.57ms
[2025296510][DBG][ENCODE] encode: 0.64ms
[2025296522][DBG][CAPTURE] capture_frame: 11.43ms
[2025296523][DBG][ENCODE] encode: 1.20ms
[2025296538][DBG][CAPTURE] capture_frame: 14.23ms
[2025296538][DBG][ENCODE] encode: 0.60ms
[2025296552][DBG][CAPTURE] capture_frame: 13.43ms
[2025296553][DBG][ENCODE] encode: 0.78ms
[2025296575][DBG][CAPTURE] capture_frame: 19.98ms
[2025296576][DBG][ENCODE] encode: 1.01ms
[2025296589][DBG][CAPTURE] capture_frame: 12.34ms
[2025296590][DBG][ENCODE] encode: 0.87ms
[2025296601][DBG][CAPTURE] capture_frame: 11.08ms
[2025296602][DBG][ENCODE] encode: 0.95ms
[2025296614][DBG][CAPTURE] capture_frame: 11.66ms
[2025296615][DBG][ENCODE] encode: 0.92ms
[2025296631][DBG][CAPTURE] capture_frame: 15.66ms
[2025296632][DBG][ENCODE] encode: 1.15ms
[2025296644][DBG][CAPTURE] capture_frame: 11.26ms
[2025296644][DBG][ENCODE] encode: 0.74ms
[2025296657][DBG][CAPTURE] capture_frame: 12.01ms
[2025296658][DBG][ENCODE] encode: 1.16ms
[2025296673][DBG][CAPTURE] capture_frame: 15.40ms
[2025296674][DBG][ENCODE] encode: 0.48ms
[2025296686][DBG][CAPTURE] capture_frame: 11.87ms
[2025296687][DBG][ENCODE] encode: 0.74ms
[2025296704][DBG][CAPTURE] capture_frame: 16.94ms
[2025296704][DBG][ENCODE] encode: 0.50ms
[2025296720][DBG][CAPTURE] capture_frame: 15.57ms
[2025296721][DBG][ENCODE] encode: 0.73ms
[2025296734][DBG][CAPTURE] capture_frame: 13.15ms
[2025296735][DBG][ENCODE] encode: 0.45ms
[2025296747][DBG][CAPTURE] capture_frame: 12.14ms
[2025296747][DBG][ENCODE] encode: 0.41ms
[2025296764][DBG][CAPTURE] capture_frame: 17.07ms
[2025296765][DBG][ENCODE] encode: 0.63ms
[2025296777][DBG][CAPTURE] capture_frame: 11.67ms
[2025296778][DBG][ENCODE] encode: 0.97ms
[2025296790][DBG][CAPTURE] capture_frame: 11.40ms
[2025296790][DBG][ENCODE] encode: 0.81ms
[2025296807][DBG][CAPTURE] capture_frame: 16.53ms
[2025296808][DBG][ENCODE] encode: 0.73ms
[2025296823][DBG][CAPTURE] capture_frame: 15.02ms
[2025296824][DBG][ENCODE] encode: 0.70ms
[2025296838][DBG][CAPTURE] capture_frame: 13.49ms
[2025296838][DBG][ENCODE] encode: 0.62ms
[2025296855][DBG][CAPTURE] capture_frame: 17.09ms
[2025296856][DBG][ENCODE] encode: 0.52ms
[2025296856][INF][HOST] Frames: 240, FPS: 46.4, RTT: 12.4ms, state: connected
[2025296868][DBG][CAPTURE] capture_frame: 11.49ms
[2025296868][DBG][ENCODE] encode: 0.58ms
[2025296880][DBG][CAPTURE] capture_frame: 11.93ms
[2025296881][DBG][ENCODE] encode: 0.74ms
[2025296898][DBG][CAPTURE] capture_frame: 16.20ms
[2025296899][DBG][ENCODE] encode: 0.58ms
[2025296914][DBG][CAPTURE] capture_frame: 15.55ms
[2025296915][DBG][ENCODE] encode: 0.85ms
[2025296929][DBG][CAPTURE] capture_frame: 13.03ms
[2025296929][DBG][ENCODE] encode: 0.76ms
[2025296941][DBG][CAPTURE] capture_frame: 11.48ms
[2025296942][DBG][ENCODE] encode: 0.90ms
[2025296959][DBG][CAPTURE] capture_frame: 16.23ms
[2025296960][DBG][ENCODE] encode: 0.90ms
[2025296977][DBG][CAPTURE] capture_frame: 16.79ms
[2025296978][DBG][ENCODE] encode: 0.76ms
[2025296989][DBG][CAPTURE] capture_frame: 10.82ms
[2025296990][DBG][ENCODE] encode: 0.90ms
[2025297006][DBG][CAPTURE] capture_frame: 15.60ms
[2025297007][DBG][ENCODE] encode: 0.92ms
[2025297019][DBG][CAPTURE] capture_frame: 12.47ms
[2025297020][DBG][ENCODE] encode: 0.74ms
[2025297032][DBG][CAPTURE] capture_frame: 11.42ms
[2025297033][DBG][ENCODE] encode: 0.88ms
[2025297050][DBG][CAPTURE] capture_frame: 16.76ms
[2025297050][DBG][ENCODE] encode: 0.49ms
[2025297062][DBG][CAPTURE] capture_frame: 11.86ms
[2025297063][DBG][ENCODE] encode: 0.96ms
[2025297074][DBG][CAPTURE] capture_frame: 10.80ms
[2025297075][DBG][ENCODE] encode: 0.75ms
[2025297090][DBG][CAPTURE] capture_frame: 14.25ms
[2025297091][DBG][ENCODE] encode: 1.04ms
[2025297105][DBG][CAPTURE] capture_frame: 13.71ms
[2025297106][DBG][ENCODE] encode: 0.63ms
[2025297117][DBG][CAPTURE] capture_frame: 11.70ms
[2025297118][DBG][ENCODE] encode: 0.84ms
[2025297135][DBG][CAPTURE] capture_frame: 16.25ms
[2025297135][DBG][ENCODE] encode: 0.67ms
[2025297148][DBG][CAPTURE] capture_frame: 12.10ms
[2025297149][DBG][ENCODE] encode: 0.73ms
[2025297163][DBG][CAPTURE] capture_frame: 14.15ms
[2025297164][DBG][ENCODE] encode: 0.74ms
[2025297177][DBG][CAPTURE] capture_frame: 13.60ms
[2025297178][DBG][ENCODE] encode: 0.54ms
[2025297190][DBG][CAPTURE] capture_frame: 11.33ms
[2025297190][DBG][ENCODE] encode: 0.78ms
[2025297208][DBG][CAPTURE] capture_frame: 17.03ms
[2025297208][DBG][ENCODE] encode: 0.59ms
[2025297220][DBG][CAPTURE] capture_frame: 11.63ms
[2025297221][DBG][ENCODE] encode: 0.97ms
[2025297233][DBG][CAPTURE] capture_frame: 12.11ms
[2025297235][DBG][ENCODE] encode: 1.03ms
[2025297250][DBG][CAPTURE] capture_frame: 15.44ms
[2025297251][DBG][ENCODE] encode: 0.73ms
[2025297266][DBG][CAPTURE] capture_frame: 14.69ms
[2025297267][DBG][ENCODE] encode: 0.73ms
[2025297280][DBG][CAPTURE] capture_frame: 13.51ms
[2025297281][DBG][ENCODE] encode: 0.62ms
[2025297293][DBG][CAPTURE] capture_frame: 11.53ms
[2025297294][DBG][ENCODE] encode: 0.93ms
[2025297311][DBG][CAPTURE] capture_frame: 16.87ms
[2025297311][DBG][ENCODE] encode: 0.49ms
[2025297323][DBG][CAPTURE] capture_frame: 11.69ms
[2025297324][DBG][ENCODE] encode: 0.82ms
[2025297336][DBG][CAPTURE] capture_frame: 11.94ms
[2025297337][DBG][ENCODE] encode: 1.11ms
[2025297353][DBG][CAPTURE] capture_frame: 15.67ms
[2025297354][DBG][ENCODE] encode: 0.52ms
[2025297365][DBG][CAPTURE] capture_frame: 11.58ms
[2025297367][DBG][ENCODE] encode: 1.07ms
[2025297384][DBG][CAPTURE] capture_frame: 16.80ms
[2025297384][DBG][ENCODE] encode: 0.67ms
[2025297402][DBG][CAPTURE] capture_frame: 17.36ms
[2025297403][DBG][ENCODE] encode: 0.78ms
[2025297414][DBG][CAPTURE] capture_frame: 11.44ms
[2025297415][DBG][ENCODE] encode: 0.66ms
[2025297433][DBG][CAPTURE] capture_frame: 17.97ms
[2025297434][DBG][ENCODE] encode: 0.59ms
[2025297450][DBG][CAPTURE] capture_frame: 16.14ms
[2025297451][DBG][CAPTURE] capture_frame: 0.26ms
[2025297452][DBG][ENCODE] encode: 1.15ms
[2025297475][DBG][CAPTURE] capture_frame: 20.27ms
[2025297476][DBG][ENCODE] encode: 0.85ms
[2025297493][DBG][CAPTURE] capture_frame: 16.40ms
[2025297494][DBG][ENCODE] encode: 0.71ms
[2025297496][DBG][CAPTURE] capture_frame: 1.60ms
[2025297498][DBG][ENCODE] encode: 2.50ms
[2025297498][DBG][CAPTURE] capture_frame: 0.03ms
[2025297499][DBG][ENCODE] encode: 1.08ms
[2025297501][DBG][CAPTURE] capture_frame: 1.00ms
[2025297503][DBG][ENCODE] encode: 2.64ms
[2025297528][DBG][CAPTURE] capture_frame: 24.80ms
[2025297535][DBG][CAPTURE] capture_frame: 7.21ms
[2025297537][DBG][ENCODE] encode: 1.17ms
[2025297537][DBG][CAPTURE] capture_frame: 0.03ms
[2025297537][DBG][ENCODE] encode: 0.23ms
[2025297538][DBG][CAPTURE] capture_frame: 0.02ms
[2025297538][DBG][ENCODE] encode: 0.30ms
[2025297538][DBG][CAPTURE] capture_frame: 0.52ms
[2025297539][DBG][ENCODE] encode: 0.36ms
[2025297539][DBG][CAPTURE] capture_frame: 0.51ms
[2025297540][DBG][ENCODE] encode: 1.03ms
[2025297541][DBG][CAPTURE] capture_frame: 0.07ms
[2025297541][DBG][ENCODE] encode: 0.84ms
[2025297542][DBG][CAPTURE] capture_frame: 0.06ms
[2025297542][DBG][ENCODE] encode: 0.70ms
[2025297542][DBG][CAPTURE] capture_frame: 0.05ms
[2025297544][DBG][ENCODE] encode: 1.58ms
[2025297544][DBG][CAPTURE] capture_frame: 0.02ms
[2025297545][DBG][ENCODE] encode: 1.01ms
[2025297545][DBG][CAPTURE] capture_frame: 0.02ms
[2025297546][DBG][ENCODE] encode: 0.73ms
[2025297546][DBG][CAPTURE] capture_frame: 0.02ms
[2025297547][DBG][ENCODE] encode: 1.44ms
[2025297548][DBG][CAPTURE] capture_frame: 0.02ms
[2025297548][DBG][ENCODE] encode: 0.72ms
[2025297548][DBG][CAPTURE] capture_frame: 0.02ms
[2025297549][DBG][ENCODE] encode: 0.95ms
[2025297549][DBG][CAPTURE] capture_frame: 0.05ms
[2025297550][DBG][ENCODE] encode: 0.73ms
[2025297550][DBG][CAPTURE] capture_frame: 0.13ms
[2025297551][DBG][ENCODE] encode: 1.02ms
[2025297552][DBG][CAPTURE] capture_frame: 0.07ms
[2025297553][DBG][ENCODE] encode: 1.15ms
[2025297553][DBG][CAPTURE] capture_frame: 0.04ms
[2025297553][ERR][ENCODE] SubmitInput failed: 25
[2025297553][DBG][ENCODE] encode: 0.04ms
[2025297554][DBG][CAPTURE] capture_frame: 0.23ms
[2025297554][ERR][ENCODE] SubmitInput failed: 25
[2025297554][DBG][ENCODE] encode: 0.06ms
[2025297554][DBG][CAPTURE] capture_frame: 0.75ms
[2025297554][ERR][ENCODE] SubmitInput failed: 25
[2025297554][DBG][ENCODE] encode: 0.03ms
[2025297556][DBG][CAPTURE] capture_frame: 0.02ms
[2025297556][ERR][ENCODE] SubmitInput failed: 25
[2025297556][DBG][ENCODE] encode: 0.04ms
[2025297556][DBG][CAPTURE] capture_frame: 0.74ms
[2025297556][ERR][ENCODE] SubmitInput failed: 25
[2025297556][DBG][ENCODE] encode: 0.05ms
[2025297557][DBG][CAPTURE] capture_frame: 0.79ms
[2025297557][ERR][ENCODE] SubmitInput failed: 25
[2025297558][DBG][ENCODE] encode: 0.05ms
[2025297574][DBG][CAPTURE] capture_frame: 16.26ms
[2025297594][DBG][CAPTURE] capture_frame: 19.80ms
[2025297620][DBG][CAPTURE] capture_frame: 26.71ms
[2025297651][DBG][CAPTURE] capture_frame: 30.69ms
[2025297683][DBG][CAPTURE] capture_frame: 31.29ms
[2025297694][DBG][CAPTURE] capture_frame: 11.59ms
[2025297697][DBG][ENCODE] encode: 2.50ms
[2025297698][INF][HOST] Frames: 300, FPS: 49.9, RTT: 3.9ms, state: connected
[2025297698][DBG][CAPTURE] capture_frame: 0.05ms
[2025297698][DBG][ENCODE] encode: 0.40ms
[2025297700][DBG][CAPTURE] capture_frame: 2.26ms
[2025297701][DBG][ENCODE] encode: 0.47ms
[2025297702][DBG][CAPTURE] capture_frame: 0.47ms
[2025297702][DBG][ENCODE] encode: 0.30ms
[2025297702][DBG][CAPTURE] capture_frame: 0.56ms
[2025297703][DBG][ENCODE] encode: 0.31ms
[2025297706][DBG][CAPTURE] capture_frame: 3.56ms
[2025297707][DBG][ENCODE] encode: 0.56ms
[2025297711][DBG][CAPTURE] capture_frame: 4.34ms
[2025297712][DBG][ENCODE] encode: 0.51ms
[2025297714][DBG][CAPTURE] capture_frame: 2.42ms
[2025297715][DBG][ENCODE] encode: 0.49ms
[2025297715][DBG][CAPTURE] capture_frame: 0.36ms
[2025297716][DBG][ENCODE] encode: 0.31ms
[2025297716][DBG][CAPTURE] capture_frame: 0.57ms
[2025297717][DBG][ENCODE] encode: 0.30ms
[2025297720][DBG][CAPTURE] capture_frame: 3.62ms
[2025297721][DBG][ENCODE] encode: 0.48ms
[2025297728][DBG][CAPTURE] capture_frame: 6.55ms
[2025297728][DBG][ENCODE] encode: 0.60ms
[2025297728][DBG][CAPTURE] capture_frame: 0.15ms
[2025297729][DBG][ENCODE] encode: 0.30ms
[2025297729][DBG][CAPTURE] capture_frame: 0.64ms
[2025297730][DBG][ENCODE] encode: 0.33ms
[2025297736][DBG][CAPTURE] capture_frame: 5.69ms
[2025297736][DBG][ENCODE] encode: 0.63ms
[2025297736][DBG][CAPTURE] capture_frame: 0.19ms
[2025297737][DBG][ENCODE] encode: 0.34ms
[2025297740][DBG][CAPTURE] capture_frame: 2.69ms
[2025297740][ERR][ENCODE] SubmitInput failed: 25
[2025297740][DBG][ENCODE] encode: 0.11ms
[2025297741][DBG][CAPTURE] capture_frame: 0.68ms
[2025297741][ERR][ENCODE] SubmitInput failed: 25
[2025297741][DBG][ENCODE] encode: 0.06ms
[2025297743][DBG][CAPTURE] capture_frame: 1.83ms
[2025297743][ERR][ENCODE] SubmitInput failed: 25
[2025297743][DBG][ENCODE] encode: 0.07ms
[2025297761][DBG][CAPTURE] capture_frame: 18.35ms
[2025297792][DBG][CAPTURE] capture_frame: 31.12ms
[2025297824][DBG][CAPTURE] capture_frame: 31.33ms
[2025297840][DBG][CAPTURE] capture_frame: 15.95ms
[2025297870][DBG][CAPTURE] capture_frame: 30.45ms
[2025297901][DBG][CAPTURE] capture_frame: 30.91ms
[2025297930][DBG][CAPTURE] capture_frame: 29.04ms
[2025297933][DBG][ENCODE] encode: 2.18ms
[2025297962][DBG][CAPTURE] capture_frame: 28.86ms
[2025297994][DBG][CAPTURE] capture_frame: 31.66ms
[2025298025][DBG][CAPTURE] capture_frame: 31.34ms
[2025298028][DBG][CAPTURE] capture_frame: 2.29ms
[2025298029][DBG][ENCODE] encode: 0.76ms
[2025298029][DBG][CAPTURE] capture_frame: 0.03ms
[2025298029][DBG][ENCODE] encode: 0.26ms
[2025298029][DBG][CAPTURE] capture_frame: 0.28ms
[2025298030][DBG][ENCODE] encode: 0.29ms
[2025298030][DBG][CAPTURE] capture_frame: 0.59ms
[2025298031][DBG][ENCODE] encode: 0.28ms
[2025298031][DBG][CAPTURE] capture_frame: 0.65ms
[2025298032][DBG][ENCODE] encode: 0.41ms
[2025298032][DBG][CAPTURE] capture_frame: 0.50ms
[2025298033][DBG][ENCODE] encode: 0.37ms
[2025298033][DBG][CAPTURE] capture_frame: 0.51ms
[2025298034][DBG][ENCODE] encode: 0.40ms
[2025298056][DBG][CAPTURE] capture_frame: 21.99ms
[2025298087][DBG][CAPTURE] capture_frame: 30.49ms
[2025298100][DBG][CAPTURE] capture_frame: 13.32ms
[2025298101][DBG][ENCODE] encode: 1.07ms
[2025298103][DBG][CAPTURE] capture_frame: 1.99ms
[2025298104][DBG][ENCODE] encode: 0.45ms
[2025298104][DBG][CAPTURE] capture_frame: 0.41ms
[2025298105][DBG][ENCODE] encode: 0.26ms
[2025298109][DBG][CAPTURE] capture_frame: 4.70ms
[2025298110][DBG][ENCODE] encode: 0.47ms
[2025298113][DBG][CAPTURE] capture_frame: 3.44ms
[2025298114][DBG][ENCODE] encode: 0.29ms
[2025298114][DBG][CAPTURE] capture_frame: 0.61ms
[2025298115][DBG][ENCODE] encode: 0.33ms
[2025298135][DBG][CAPTURE] capture_frame: 19.89ms
[2025298165][DBG][CAPTURE] capture_frame: 30.47ms
[2025298179][DBG][CAPTURE] capture_frame: 13.50ms
[2025298180][DBG][ENCODE] encode: 1.03ms
[2025298197][DBG][CAPTURE] capture_frame: 16.81ms
[2025298212][DBG][CAPTURE] capture_frame: 14.64ms
[2025298213][DBG][ENCODE] encode: 1.35ms
[2025298214][DBG][CAPTURE] capture_frame: 0.12ms
[2025298215][DBG][ENCODE] encode: 0.61ms
[2025298217][DBG][CAPTURE] capture_frame: 1.85ms
[2025298217][DBG][ENCODE] encode: 0.48ms
[2025298217][DBG][CAPTURE] capture_frame: 0.35ms
[2025298218][DBG][ENCODE] encode: 0.41ms
[2025298243][DBG][CAPTURE] capture_frame: 25.55ms
[2025298258][DBG][CAPTURE] capture_frame: 14.42ms
[2025298259][DBG][ENCODE] encode: 0.96ms
[2025298259][DBG][CAPTURE] capture_frame: 0.15ms
[2025298260][DBG][ENCODE] encode: 0.27ms
[2025298263][DBG][CAPTURE] capture_frame: 3.69ms
[2025298264][DBG][ENCODE] encode: 0.42ms
[2025298265][DBG][CAPTURE] capture_frame: 1.47ms
[2025298266][DBG][ENCODE] encode: 0.33ms
[2025298266][DBG][CAPTURE] capture_frame: 0.58ms
[2025298267][DBG][ENCODE] encode: 0.28ms
[2025298267][DBG][CAPTURE] capture_frame: 0.64ms
[2025298268][DBG][ENCODE] encode: 0.24ms
[2025298272][DBG][CAPTURE] capture_frame: 4.76ms
[2025298273][DBG][ENCODE] encode: 0.34ms
[2025298273][DBG][CAPTURE] capture_frame: 0.55ms
[2025298274][DBG][ENCODE] encode: 0.40ms
[2025298277][DBG][CAPTURE] capture_frame: 3.53ms
[2025298278][DBG][ENCODE] encode: 0.32ms
[2025298306][DBG][CAPTURE] capture_frame: 28.21ms
[2025298338][DBG][CAPTURE] capture_frame: 31.44ms
[2025298369][DBG][CAPTURE] capture_frame: 30.89ms
[2025298400][DBG][CAPTURE] capture_frame: 30.90ms
[2025298404][DBG][CAPTURE] capture_frame: 4.76ms
[2025298406][DBG][ENCODE] encode: 1.53ms
[2025298422][DBG][CAPTURE] capture_frame: 11.52ms
[2025298423][DBG][ENCODE] encode: 0.54ms
[2025298447][DBG][CAPTURE] capture_frame: 23.91ms
[2025298476][DBG][CAPTURE] capture_frame: 28.45ms
[2025298477][DBG][ENCODE] encode: 0.94ms
[2025298491][DBG][CAPTURE] capture_frame: 14.46ms
[2025298493][DBG][ENCODE] encode: 1.17ms
[2025298495][DBG][CAPTURE] capture_frame: 1.73ms
[2025298495][DBG][ENCODE] encode: 0.67ms
[2025298496][DBG][CAPTURE] capture_frame: 0.07ms
[2025298496][DBG][ENCODE] encode: 0.56ms
[2025298525][DBG][CAPTURE] capture_frame: 28.52ms
[2025298532][DBG][CAPTURE] capture_frame: 6.78ms
[2025298533][DBG][ENCODE] encode: 0.80ms
[2025298552][DBG][CAPTURE] capture_frame: 19.34ms
[2025298554][DBG][ENCODE] encode: 1.46ms
[2025298567][DBG][CAPTURE] capture_frame: 12.50ms
[2025298568][DBG][ENCODE] encode: 1.25ms
[2025298585][DBG][CAPTURE] capture_frame: 17.09ms
[2025298586][DBG][ENCODE] encode: 0.62ms
[2025298602][DBG][CAPTURE] capture_frame: 16.17ms
[2025298603][DBG][ENCODE] encode: 0.65ms
[2025298616][DBG][CAPTURE] capture_frame: 12.51ms
[2025298616][DBG][ENCODE] encode: 0.57ms
[2025298619][DBG][CAPTURE] capture_frame: 2.84ms
[2025298620][DBG][ENCODE] encode: 0.42ms
[2025298621][DBG][CAPTURE] capture_frame: 1.06ms
[2025298622][DBG][ENCODE] encode: 0.53ms
[2025298652][DBG][CAPTURE] capture_frame: 29.70ms
[2025298668][DBG][CAPTURE] capture_frame: 15.91ms
[2025298693][DBG][CAPTURE] capture_frame: 25.70ms
[2025298695][DBG][ENCODE] encode: 1.36ms
[2025298695][INF][HOST] Frames: 360, FPS: 51.3, RTT: 8.0ms, state: connected
[2025298706][DBG][CAPTURE] capture_frame: 11.39ms
[2025298709][DBG][ENCODE] encode: 2.12ms
[2025298720][DBG][CAPTURE] capture_frame: 7.81ms
[2025298722][DBG][ENCODE] encode: 1.43ms
[2025298742][DBG][CAPTURE] capture_frame: 19.52ms
[2025298744][DBG][ENCODE] encode: 1.13ms
[2025298756][DBG][CAPTURE] capture_frame: 11.63ms
[2025298758][DBG][ENCODE] encode: 1.29ms
[2025298775][DBG][CAPTURE] capture_frame: 16.75ms
[2025298776][DBG][ENCODE] encode: 0.76ms
[2025298794][DBG][CAPTURE] capture_frame: 17.32ms
[2025298794][DBG][CAPTURE] capture_frame: 0.20ms
[2025298795][DBG][ENCODE] encode: 0.77ms
[2025298813][DBG][CAPTURE] capture_frame: 17.48ms
[2025298814][DBG][ENCODE] encode: 0.68ms
[2025298836][DBG][CAPTURE] capture_frame: 21.68ms
[2025298837][DBG][ENCODE] encode: 1.11ms
[2025298851][DBG][CAPTURE] capture_frame: 13.32ms
[2025298851][DBG][ENCODE] encode: 0.68ms
[2025298866][DBG][CAPTURE] capture_frame: 13.93ms
[2025298867][DBG][ENCODE] encode: 1.15ms
[2025298884][DBG][CAPTURE] capture_frame: 17.06ms
[2025298885][DBG][ENCODE] encode: 0.89ms
[2025298899][DBG][CAPTURE] capture_frame: 13.51ms
[2025298900][DBG][ENCODE] encode: 0.92ms
[2025298920][DBG][CAPTURE] capture_frame: 19.68ms
[2025298922][DBG][ENCODE] encode: 1.43ms
[2025298936][DBG][CAPTURE] capture_frame: 14.03ms
[2025298937][DBG][ENCODE] encode: 1.10ms
[2025298957][DBG][CAPTURE] capture_frame: 19.46ms
[2025298959][DBG][ENCODE] encode: 1.16ms
[2025298975][DBG][CAPTURE] capture_frame: 15.74ms
[2025298976][DBG][ENCODE] encode: 1.33ms
[2025298992][DBG][CAPTURE] capture_frame: 15.00ms
[2025298993][DBG][ENCODE] encode: 0.93ms
[2025299004][DBG][CAPTURE] capture_frame: 11.24ms
[2025299006][DBG][ENCODE] encode: 1.10ms
[2025299018][DBG][CAPTURE] capture_frame: 11.71ms
[2025299020][DBG][ENCODE] encode: 1.47ms
[2025299031][DBG][CAPTURE] capture_frame: 11.44ms
[2025299033][DBG][ENCODE] encode: 1.38ms
[2025299053][DBG][CAPTURE] capture_frame: 19.63ms
[2025299054][DBG][ENCODE] encode: 0.70ms
[2025299071][DBG][CAPTURE] capture_frame: 17.19ms
[2025299072][DBG][ENCODE] encode: 1.33ms
[2025299089][DBG][CAPTURE] capture_frame: 16.43ms
[2025299090][DBG][ENCODE] encode: 0.88ms
[2025299104][DBG][CAPTURE] capture_frame: 13.51ms
[2025299105][DBG][ENCODE] encode: 0.60ms
[2025299125][DBG][CAPTURE] capture_frame: 19.61ms
[2025299129][DBG][CAPTURE] capture_frame: 3.93ms
[2025299130][DBG][ENCODE] encode: 0.99ms
[2025299145][DBG][CAPTURE] capture_frame: 14.78ms
[2025299146][DBG][ENCODE] encode: 1.17ms
[2025299162][DBG][CAPTURE] capture_frame: 14.95ms
[2025299163][DBG][ENCODE] encode: 1.06ms
[2025299180][DBG][CAPTURE] capture_frame: 17.13ms
[2025299181][DBG][ENCODE] encode: 1.09ms
[2025299197][DBG][CAPTURE] capture_frame: 15.40ms
[2025299198][DBG][ENCODE] encode: 0.87ms
[2025299216][DBG][CAPTURE] capture_frame: 17.43ms
[2025299217][DBG][ENCODE] encode: 0.82ms
[2025299235][DBG][CAPTURE] capture_frame: 16.76ms
[2025299235][DBG][CAPTURE] capture_frame: 0.61ms
[2025299237][DBG][ENCODE] encode: 1.33ms
[2025299254][DBG][CAPTURE] capture_frame: 16.61ms
[2025299254][DBG][ENCODE] encode: 0.82ms
[2025299270][DBG][CAPTURE] capture_frame: 15.07ms
[2025299271][DBG][ENCODE] encode: 1.05ms
[2025299282][DBG][CAPTURE] capture_frame: 10.18ms
[2025299283][DBG][ENCODE] encode: 0.98ms
[2025299303][DBG][CAPTURE] capture_frame: 19.67ms
[2025299304][DBG][ENCODE] encode: 0.95ms
[2025299316][DBG][CAPTURE] capture_frame: 11.50ms
[2025299317][DBG][ENCODE] encode: 0.89ms
[2025299330][DBG][CAPTURE] capture_frame: 12.59ms
[2025299332][DBG][ENCODE] encode: 1.16ms
[2025299347][DBG][CAPTURE] capture_frame: 15.21ms
[2025299348][DBG][ENCODE] encode: 0.55ms
[2025299368][DBG][CAPTURE] capture_frame: 19.55ms
[2025299369][DBG][ENCODE] encode: 1.06ms
[2025299388][DBG][CAPTURE] capture_frame: 19.39ms
[2025299390][DBG][ENCODE] encode: 1.98ms
[2025299404][DBG][CAPTURE] capture_frame: 6.74ms
[2025299405][DBG][ENCODE] encode: 1.06ms
[2025299422][DBG][CAPTURE] capture_frame: 16.89ms
[2025299423][DBG][ENCODE] encode: 0.71ms
[2025299439][DBG][CAPTURE] capture_frame: 16.03ms
[2025299439][DBG][CAPTURE] capture_frame: 0.16ms
[2025299440][DBG][ENCODE] encode: 0.76ms
[2025299460][DBG][CAPTURE] capture_frame: 19.55ms
[2025299461][DBG][ENCODE] encode: 1.21ms
[2025299480][DBG][CAPTURE] capture_frame: 17.96ms
[2025299481][DBG][ENCODE] encode: 1.08ms
[2025299496][DBG][CAPTURE] capture_frame: 14.64ms
[2025299497][DBG][ENCODE] encode: 0.82ms
[2025299514][DBG][CAPTURE] capture_frame: 16.67ms
[2025299515][DBG][ENCODE] encode: 1.04ms
[2025299529][DBG][CAPTURE] capture_frame: 13.17ms
[2025299530][DBG][ENCODE] encode: 0.79ms
[2025299548][DBG][CAPTURE] capture_frame: 18.09ms
[2025299549][DBG][ENCODE] encode: 0.64ms
[2025299565][DBG][CAPTURE] capture_frame: 15.87ms
[2025299566][DBG][CAPTURE] capture_frame: 1.16ms
[2025299567][DBG][ENCODE] encode: 1.18ms
[2025299580][DBG][CAPTURE] capture_frame: 11.93ms
[2025299581][DBG][ENCODE] encode: 0.86ms
[2025299599][DBG][CAPTURE] capture_frame: 16.66ms
[2025299600][DBG][ENCODE] encode: 0.76ms
[2025299615][DBG][CAPTURE] capture_frame: 14.70ms
[2025299616][DBG][ENCODE] encode: 0.66ms
[2025299636][DBG][CAPTURE] capture_frame: 19.75ms
[2025299637][DBG][ENCODE] encode: 1.29ms
[2025299652][DBG][CAPTURE] capture_frame: 14.43ms
[2025299653][DBG][ENCODE] encode: 0.59ms
[2025299671][DBG][CAPTURE] capture_frame: 17.96ms
[2025299672][DBG][ENCODE] encode: 0.89ms
[2025299686][DBG][CAPTURE] capture_frame: 13.55ms
[2025299688][DBG][ENCODE] encode: 1.33ms
[2025299705][DBG][CAPTURE] capture_frame: 16.33ms
[2025299706][DBG][ENCODE] encode: 0.71ms
[2025299718][DBG][CAPTURE] capture_frame: 12.46ms
[2025299719][DBG][ENCODE] encode: 0.59ms
[2025299736][DBG][CAPTURE] capture_frame: 16.82ms
[2025299738][DBG][CAPTURE] capture_frame: 1.68ms
[2025299739][DBG][ENCODE] encode: 0.82ms
[2025299739][INF][HOST] Frames: 420, FPS: 52.1, RTT: 19.1ms, state: connected
[2025299754][DBG][CAPTURE] capture_frame: 14.91ms
[2025299756][DBG][ENCODE] encode: 1.25ms
[2025299770][DBG][CAPTURE] capture_frame: 13.71ms
[2025299771][DBG][ENCODE] encode: 1.36ms
[2025299786][DBG][CAPTURE] capture_frame: 13.25ms
[2025299787][DBG][ENCODE] encode: 1.26ms
[2025299800][DBG][CAPTURE] capture_frame: 11.97ms
[2025299801][DBG][ENCODE] encode: 0.95ms
[2025299814][DBG][CAPTURE] capture_frame: 12.55ms
[2025299814][DBG][ENCODE] encode: 0.55ms
[2025299831][DBG][CAPTURE] capture_frame: 16.78ms
[2025299832][DBG][ENCODE] encode: 0.89ms
[2025299844][DBG][CAPTURE] capture_frame: 11.75ms
[2025299845][DBG][ENCODE] encode: 0.74ms
[2025299858][DBG][CAPTURE] capture_frame: 12.05ms
[2025299859][DBG][ENCODE] encode: 0.91ms
[2025299870][DBG][CAPTURE] capture_frame: 11.14ms
[2025299871][DBG][ENCODE] encode: 0.89ms
[2025299884][DBG][CAPTURE] capture_frame: 13.12ms
[2025299885][DBG][ENCODE] encode: 0.76ms
[2025299902][DBG][CAPTURE] capture_frame: 16.90ms
[2025299903][DBG][ENCODE] encode: 0.77ms
[2025299919][DBG][CAPTURE] capture_frame: 15.44ms
[2025299920][DBG][ENCODE] encode: 0.99ms
[2025299938][DBG][CAPTURE] capture_frame: 17.15ms
[2025299938][DBG][CAPTURE] capture_frame: 0.62ms
[2025299939][DBG][ENCODE] encode: 1.10ms
[2025299955][DBG][CAPTURE] capture_frame: 14.96ms
[2025299956][DBG][ENCODE] encode: 0.66ms
[2025299973][DBG][CAPTURE] capture_frame: 17.19ms
[2025299974][DBG][ENCODE] encode: 1.21ms
[2025299985][DBG][CAPTURE] capture_frame: 10.33ms
[2025299986][DBG][ENCODE] encode: 1.21ms
[2025300005][DBG][CAPTURE] capture_frame: 18.02ms
[2025300006][DBG][ENCODE] encode: 1.04ms
[2025300021][DBG][CAPTURE] capture_frame: 14.69ms
[2025300022][DBG][ENCODE] encode: 0.86ms
[2025300040][DBG][CAPTURE] capture_frame: 16.91ms
[2025300040][DBG][ENCODE] encode: 0.62ms
[2025300061][DBG][CAPTURE] capture_frame: 20.57ms
[2025300062][DBG][ENCODE] encode: 0.92ms
[2025300075][DBG][CAPTURE] capture_frame: 12.54ms
[2025300076][DBG][ENCODE] encode: 0.68ms
[2025300093][DBG][CAPTURE] capture_frame: 16.95ms
[2025300095][DBG][CAPTURE] capture_frame: 1.84ms
[2025300096][DBG][ENCODE] encode: 0.79ms
[2025300115][DBG][CAPTURE] capture_frame: 18.38ms
[2025300116][DBG][ENCODE] encode: 1.31ms
[2025300127][DBG][CAPTURE] capture_frame: 9.77ms
[2025300128][DBG][ENCODE] encode: 1.08ms
[2025300146][DBG][CAPTURE] capture_frame: 17.45ms
[2025300147][DBG][ENCODE] encode: 0.80ms
[2025300162][DBG][CAPTURE] capture_frame: 14.76ms
[2025300163][DBG][ENCODE] encode: 0.73ms
[2025300177][DBG][CAPTURE] capture_frame: 14.41ms
[2025300178][DBG][ENCODE] encode: 0.88ms
[2025300194][DBG][CAPTURE] capture_frame: 15.11ms
[2025300195][DBG][ENCODE] encode: 0.78ms
[2025300214][DBG][CAPTURE] capture_frame: 18.62ms
[2025300215][DBG][ENCODE] encode: 1.20ms
[2025300231][DBG][CAPTURE] capture_frame: 15.35ms
[2025300232][DBG][ENCODE] encode: 1.03ms
[2025300248][DBG][CAPTURE] capture_frame: 15.85ms
[2025300249][DBG][ENCODE] encode: 1.16ms
[2025300266][DBG][CAPTURE] capture_frame: 16.43ms
[2025300267][DBG][ENCODE] encode: 0.71ms
[2025300283][DBG][CAPTURE] capture_frame: 16.12ms
[2025300284][DBG][ENCODE] encode: 0.68ms
[2025300303][DBG][CAPTURE] capture_frame: 18.96ms
[2025300304][DBG][ENCODE] encode: 1.07ms
[2025300320][DBG][CAPTURE] capture_frame: 14.94ms
[2025300321][DBG][ENCODE] encode: 0.97ms
[2025300335][DBG][CAPTURE] capture_frame: 13.52ms
[2025300336][DBG][ENCODE] encode: 0.93ms
[2025300352][DBG][CAPTURE] capture_frame: 15.61ms
[2025300353][DBG][ENCODE] encode: 0.70ms
[2025300370][DBG][CAPTURE] capture_frame: 17.21ms
[2025300371][DBG][ENCODE] encode: 0.57ms
[2025300382][DBG][CAPTURE] capture_frame: 11.31ms
[2025300383][DBG][ENCODE] encode: 0.58ms
[2025300400][DBG][CAPTURE] capture_frame: 17.44ms
[2025300402][DBG][ENCODE] encode: 1.23ms
[2025300419][DBG][CAPTURE] capture_frame: 14.49ms
[2025300420][DBG][ENCODE] encode: 0.67ms
[2025300437][DBG][CAPTURE] capture_frame: 17.10ms
[2025300443][DBG][CAPTURE] capture_frame: 5.74ms
[2025300444][DBG][ENCODE] encode: 0.75ms
[2025300461][DBG][CAPTURE] capture_frame: 17.08ms
[2025300462][DBG][ENCODE] encode: 0.84ms
[2025300479][DBG][CAPTURE] capture_frame: 17.09ms
[2025300480][DBG][ENCODE] encode: 0.95ms
[2025300493][DBG][CAPTURE] capture_frame: 12.17ms
[2025300494][DBG][ENCODE] encode: 0.68ms
[2025300510][DBG][CAPTURE] capture_frame: 15.81ms
[2025300510][DBG][ENCODE] encode: 0.78ms
[2025300522][DBG][CAPTURE] capture_frame: 11.25ms
[2025300523][DBG][ENCODE] encode: 1.01ms
[2025300540][DBG][CAPTURE] capture_frame: 16.15ms
[2025300541][DBG][ENCODE] encode: 0.77ms
[2025300553][DBG][CAPTURE] capture_frame: 11.81ms
[2025300554][DBG][ENCODE] encode: 1.31ms
[2025300570][DBG][CAPTURE] capture_frame: 15.37ms
[2025300571][DBG][ENCODE] encode: 0.56ms
[2025300583][DBG][CAPTURE] capture_frame: 11.70ms
[2025300584][DBG][ENCODE] encode: 1.16ms
[2025300596][DBG][CAPTURE] capture_frame: 11.31ms
[2025300597][DBG][ENCODE] encode: 0.98ms
[2025300609][DBG][CAPTURE] capture_frame: 12.01ms
[2025300610][DBG][ENCODE] encode: 1.33ms
[2025300622][DBG][CAPTURE] capture_frame: 11.77ms
[2025300624][DBG][ENCODE] encode: 1.34ms
[2025300636][DBG][CAPTURE] capture_frame: 12.22ms
[2025300638][DBG][ENCODE] encode: 0.98ms
[2025300650][DBG][CAPTURE] capture_frame: 11.75ms
[2025300650][DBG][ENCODE] encode: 0.81ms
[2025300662][DBG][CAPTURE] capture_frame: 11.10ms
[2025300663][DBG][ENCODE] encode: 0.89ms
[2025300679][DBG][CAPTURE] capture_frame: 16.46ms
[2025300680][DBG][ENCODE] encode: 0.45ms
[2025300692][DBG][CAPTURE] capture_frame: 11.91ms
[2025300693][DBG][ENCODE] encode: 1.07ms
[2025300705][DBG][CAPTURE] capture_frame: 11.84ms
[2025300706][DBG][ENCODE] encode: 0.47ms
[2025300706][INF][HOST] Frames: 480, FPS: 53.2, RTT: 13.7ms, state: connected
[2025300723][DBG][CAPTURE] capture_frame: 16.60ms
[2025300723][DBG][ENCODE] encode: 0.46ms
[2025300740][DBG][CAPTURE] capture_frame: 17.01ms
[2025300741][DBG][ENCODE] encode: 0.59ms
[2025300753][DBG][CAPTURE] capture_frame: 11.69ms
[2025300753][DBG][ENCODE] encode: 0.49ms
[2025300765][DBG][CAPTURE] capture_frame: 11.53ms
[2025300766][DBG][ENCODE] encode: 0.97ms
[2025300779][DBG][CAPTURE] capture_frame: 12.81ms
[2025300780][DBG][ENCODE] encode: 0.98ms
[2025300798][DBG][CAPTURE] capture_frame: 17.92ms
[2025300799][DBG][ENCODE] encode: 0.68ms
[2025300811][DBG][CAPTURE] capture_frame: 11.48ms
[2025300811][DBG][ENCODE] encode: 0.75ms
[2025300826][DBG][CAPTURE] capture_frame: 13.98ms
[2025300826][DBG][ENCODE] encode: 0.65ms
[2025300839][DBG][CAPTURE] capture_frame: 11.98ms
[2025300840][DBG][ENCODE] encode: 1.40ms
[2025300854][DBG][CAPTURE] capture_frame: 14.17ms
[2025300856][DBG][ENCODE] encode: 1.03ms
[2025300868][DBG][CAPTURE] capture_frame: 12.13ms
[2025300869][DBG][ENCODE] encode: 1.20ms
[2025300881][DBG][CAPTURE] capture_frame: 11.30ms
[2025300882][DBG][ENCODE] encode: 1.13ms
[2025300898][DBG][CAPTURE] capture_frame: 15.80ms
[2025300899][DBG][ENCODE] encode: 0.61ms
[2025300911][DBG][CAPTURE] capture_frame: 12.04ms
[2025300912][DBG][ENCODE] encode: 0.95ms
[2025300923][DBG][CAPTURE] capture_frame: 10.84ms
[2025300924][DBG][ENCODE] encode: 1.15ms
[2025300936][DBG][CAPTURE] capture_frame: 11.79ms
[2025300938][DBG][ENCODE] encode: 1.27ms
[2025300954][DBG][CAPTURE] capture_frame: 15.55ms
[2025300954][DBG][ENCODE] encode: 0.75ms
[2025300966][DBG][CAPTURE] capture_frame: 11.85ms
[2025300967][DBG][ENCODE] encode: 1.02ms
[2025300980][DBG][CAPTURE] capture_frame: 12.45ms
[2025300981][DBG][ENCODE] encode: 0.95ms
[2025300995][DBG][CAPTURE] capture_frame: 13.65ms
[2025300996][DBG][ENCODE] encode: 1.12ms
[2025301007][DBG][CAPTURE] capture_frame: 10.94ms
[2025301008][DBG][ENCODE] encode: 1.04ms
[2025301021][DBG][CAPTURE] capture_frame: 12.14ms
[2025301022][DBG][ENCODE] encode: 0.98ms
[2025301039][DBG][CAPTURE] capture_frame: 16.51ms
[2025301040][DBG][ENCODE] encode: 1.16ms
[2025301051][DBG][CAPTURE] capture_frame: 11.10ms
[2025301052][DBG][ENCODE] encode: 0.54ms
[2025301066][DBG][CAPTURE] capture_frame: 13.72ms
[2025301066][DBG][ENCODE] encode: 0.62ms
[2025301080][DBG][CAPTURE] capture_frame: 13.78ms
[2025301081][DBG][ENCODE] encode: 0.51ms
[2025301093][DBG][CAPTURE] capture_frame: 11.65ms
[2025301093][DBG][ENCODE] encode: 0.78ms
[2025301106][DBG][CAPTURE] capture_frame: 12.12ms
[2025301107][DBG][ENCODE] encode: 1.08ms
[2025301123][DBG][CAPTURE] capture_frame: 16.29ms
[2025301124][DBG][ENCODE] encode: 0.63ms
[2025301141][DBG][CAPTURE] capture_frame: 16.76ms
[2025301141][DBG][ENCODE] encode: 0.50ms
[2025301154][DBG][CAPTURE] capture_frame: 12.11ms
[2025301154][DBG][ENCODE] encode: 0.47ms
[2025301171][DBG][CAPTURE] capture_frame: 16.98ms
[2025301172][DBG][ENCODE] encode: 0.62ms
[2025301184][DBG][CAPTURE] capture_frame: 11.61ms
[2025301185][DBG][ENCODE] encode: 1.15ms
[2025301196][DBG][CAPTURE] capture_frame: 11.16ms
[2025301198][DBG][ENCODE] encode: 1.16ms
[2025301212][DBG][CAPTURE] capture_frame: 14.40ms
[2025301213][DBG][ENCODE] encode: 0.64ms
[2025301226][DBG][CAPTURE] capture_frame: 12.97ms
[2025301227][DBG][ENCODE] encode: 0.67ms
[2025301240][DBG][CAPTURE] capture_frame: 12.60ms
[2025301241][DBG][ENCODE] encode: 0.87ms
[2025301256][DBG][CAPTURE] capture_frame: 15.37ms
[2025301257][DBG][ENCODE] encode: 0.52ms
[2025301269][DBG][CAPTURE] capture_frame: 11.73ms
[2025301270][DBG][ENCODE] encode: 1.33ms
[2025301285][DBG][CAPTURE] capture_frame: 14.61ms
[2025301288][DBG][ENCODE] encode: 2.47ms
[2025301304][DBG][CAPTURE] capture_frame: 7.94ms
[2025301305][DBG][ENCODE] encode: 1.21ms
[2025301322][DBG][CAPTURE] capture_frame: 16.57ms
[2025301323][DBG][CAPTURE] capture_frame: 0.51ms
[2025301324][DBG][ENCODE] encode: 1.28ms
[2025301341][DBG][CAPTURE] capture_frame: 16.07ms
[2025301342][DBG][ENCODE] encode: 0.88ms
[2025301360][DBG][CAPTURE] capture_frame: 16.73ms
[2025301361][DBG][ENCODE] encode: 1.09ms
[2025301375][DBG][CAPTURE] capture_frame: 13.14ms
[2025301376][DBG][ENCODE] encode: 0.91ms
[2025301388][DBG][CAPTURE] capture_frame: 12.18ms
[2025301390][DBG][ENCODE] encode: 1.25ms
[2025301400][DBG][CAPTURE] capture_frame: 9.47ms
[2025301401][DBG][ENCODE] encode: 0.66ms
[2025301418][DBG][CAPTURE] capture_frame: 16.32ms
[2025301425][DBG][CAPTURE] capture_frame: 7.03ms
[2025301426][DBG][ENCODE] encode: 0.86ms
[2025301439][DBG][CAPTURE] capture_frame: 13.43ms
[2025301441][DBG][ENCODE] encode: 1.26ms
[2025301455][DBG][CAPTURE] capture_frame: 12.39ms
[2025301455][DBG][ENCODE] encode: 0.68ms
[2025301474][DBG][CAPTURE] capture_frame: 18.65ms
[2025301476][DBG][ENCODE] encode: 1.36ms
[2025301492][DBG][CAPTURE] capture_frame: 14.76ms
[2025301494][DBG][ENCODE] encode: 1.33ms
[2025301507][DBG][CAPTURE] capture_frame: 12.72ms
[2025301507][DBG][ENCODE] encode: 0.54ms
[2025301524][DBG][CAPTURE] capture_frame: 16.60ms
[2025301525][DBG][ENCODE] encode: 0.89ms
[2025301537][DBG][CAPTURE] capture_frame: 11.34ms
[2025301538][DBG][ENCODE] encode: 0.65ms
[2025301550][DBG][CAPTURE] capture_frame: 11.85ms
[2025301551][DBG][ENCODE] encode: 1.21ms
[2025301564][DBG][CAPTURE] capture_frame: 11.70ms
[2025301564][DBG][ENCODE] encode: 0.49ms
[2025301578][DBG][CAPTURE] capture_frame: 14.08ms
[2025301579][DBG][ENCODE] encode: 1.10ms
[2025301599][DBG][CAPTURE] capture_frame: 17.97ms
[2025301600][DBG][ENCODE] encode: 1.32ms
[2025301612][DBG][CAPTURE] capture_frame: 11.88ms
[2025301613][DBG][ENCODE] encode: 0.62ms
[2025301613][INF][HOST] Frames: 540, FPS: 54.4, RTT: 12.3ms, state: connected
[2025301627][DBG][CAPTURE] capture_frame: 13.80ms
[2025301628][DBG][ENCODE] encode: 1.29ms
[2025301643][DBG][CAPTURE] capture_frame: 14.45ms
[2025301644][DBG][ENCODE] encode: 0.74ms
[2025301661][DBG][CAPTURE] capture_frame: 16.64ms
[2025301662][DBG][ENCODE] encode: 0.78ms
[2025301682][DBG][CAPTURE] capture_frame: 19.75ms
[2025301682][DBG][CAPTURE] capture_frame: 0.13ms
[2025301684][DBG][ENCODE] encode: 1.18ms
[2025301699][DBG][CAPTURE] capture_frame: 13.92ms
[2025301700][DBG][ENCODE] encode: 0.97ms
[2025301716][DBG][CAPTURE] capture_frame: 16.11ms
[2025301718][DBG][ENCODE] encode: 1.38ms
[2025301730][DBG][CAPTURE] capture_frame: 12.31ms
[2025301732][DBG][ENCODE] encode: 1.35ms
[2025301747][DBG][CAPTURE] capture_frame: 14.60ms
[2025301748][DBG][ENCODE] encode: 0.69ms
[2025301764][DBG][CAPTURE] capture_frame: 15.90ms
[2025301765][DBG][ENCODE] encode: 0.72ms
[2025301779][DBG][CAPTURE] capture_frame: 14.01ms
[2025301780][DBG][ENCODE] encode: 0.80ms
[2025301800][DBG][CAPTURE] capture_frame: 19.22ms
[2025301800][DBG][ENCODE] encode: 0.69ms
[2025301818][DBG][CAPTURE] capture_frame: 16.71ms
[2025301819][DBG][ENCODE] encode: 1.19ms
[2025301839][DBG][CAPTURE] capture_frame: 19.16ms
[2025301840][DBG][ENCODE] encode: 0.99ms
[2025301854][DBG][CAPTURE] capture_frame: 13.79ms
[2025301855][DBG][ENCODE] encode: 0.79ms
[2025301870][DBG][CAPTURE] capture_frame: 14.29ms
[2025301871][DBG][ENCODE] encode: 0.74ms
[2025301892][DBG][CAPTURE] capture_frame: 20.99ms
[2025301893][DBG][ENCODE] encode: 0.80ms
[2025301907][DBG][CAPTURE] capture_frame: 13.34ms
[2025301908][DBG][ENCODE] encode: 1.29ms
[2025301921][DBG][CAPTURE] capture_frame: 12.58ms
[2025301922][DBG][ENCODE] encode: 1.05ms
[2025301936][DBG][CAPTURE] capture_frame: 13.58ms
[2025301937][DBG][ENCODE] encode: 0.94ms
[2025301950][DBG][CAPTURE] capture_frame: 11.93ms
[2025301951][DBG][ENCODE] encode: 0.92ms
[2025301963][DBG][CAPTURE] capture_frame: 11.67ms
[2025301964][DBG][ENCODE] encode: 1.10ms
[2025301976][DBG][CAPTURE] capture_frame: 11.36ms
[2025301977][DBG][ENCODE] encode: 1.00ms
[2025301988][DBG][CAPTURE] capture_frame: 11.27ms
[2025301989][DBG][ENCODE] encode: 0.81ms
[2025302001][DBG][CAPTURE] capture_frame: 11.04ms
[2025302002][DBG][ENCODE] encode: 0.95ms
[2025302015][DBG][CAPTURE] capture_frame: 13.12ms
[2025302016][DBG][ENCODE] encode: 1.27ms
[2025302037][DBG][CAPTURE] capture_frame: 19.73ms
[2025302038][DBG][ENCODE] encode: 0.99ms
[2025302051][DBG][CAPTURE] capture_frame: 12.33ms
[2025302052][DBG][ENCODE] encode: 1.28ms
[2025302065][DBG][CAPTURE] capture_frame: 12.35ms
[2025302066][DBG][ENCODE] encode: 1.04ms
[2025302078][DBG][CAPTURE] capture_frame: 11.58ms
[2025302079][DBG][ENCODE] encode: 1.01ms
[2025302092][DBG][CAPTURE] capture_frame: 12.84ms
[2025302093][DBG][ENCODE] encode: 0.74ms
[2025302107][DBG][CAPTURE] capture_frame: 13.68ms
[2025302108][DBG][ENCODE] encode: 1.26ms
[2025302122][DBG][CAPTURE] capture_frame: 13.11ms
[2025302123][DBG][ENCODE] encode: 1.13ms
[2025302136][DBG][CAPTURE] capture_frame: 13.30ms
[2025302138][DBG][ENCODE] encode: 1.27ms
[2025302150][DBG][CAPTURE] capture_frame: 11.63ms
[2025302151][DBG][ENCODE] encode: 1.27ms
[2025302163][DBG][CAPTURE] capture_frame: 11.33ms
[2025302164][DBG][ENCODE] encode: 1.11ms
[2025302176][DBG][CAPTURE] capture_frame: 11.72ms
[2025302177][DBG][ENCODE] encode: 1.07ms
[2025302195][DBG][CAPTURE] capture_frame: 17.69ms
[2025302195][DBG][CAPTURE] capture_frame: 0.14ms
[2025302197][DBG][ENCODE] encode: 1.13ms
[2025302209][DBG][CAPTURE] capture_frame: 12.37ms
[2025302211][DBG][ENCODE] encode: 1.15ms
[2025302222][DBG][CAPTURE] capture_frame: 11.19ms
[2025302223][DBG][ENCODE] encode: 0.93ms
[2025302241][DBG][CAPTURE] capture_frame: 17.60ms
[2025302242][DBG][ENCODE] encode: 1.48ms
[2025302271][DBG][CAPTURE] capture_frame: 22.47ms
[2025302272][DBG][ENCODE] encode: 0.92ms
[2025302284][DBG][CAPTURE] capture_frame: 11.85ms
[2025302285][DBG][ENCODE] encode: 0.80ms
[2025302297][DBG][CAPTURE] capture_frame: 11.72ms
[2025302298][DBG][ENCODE] encode: 0.71ms
[2025302310][DBG][CAPTURE] capture_frame: 11.87ms
[2025302311][DBG][ENCODE] encode: 0.92ms
[2025302322][DBG][CAPTURE] capture_frame: 11.33ms
[2025302323][DBG][ENCODE] encode: 0.89ms
[2025302335][DBG][CAPTURE] capture_frame: 11.31ms
[2025302336][DBG][ENCODE] encode: 1.15ms
[2025302350][DBG][CAPTURE] capture_frame: 13.77ms
[2025302351][DBG][ENCODE] encode: 1.02ms
[2025302363][DBG][CAPTURE] capture_frame: 11.77ms
[2025302364][DBG][ENCODE] encode: 0.58ms
[2025302382][DBG][CAPTURE] capture_frame: 18.12ms
[2025302383][DBG][CAPTURE] capture_frame: 0.83ms
[2025302384][DBG][ENCODE] encode: 0.88ms
[2025302398][DBG][CAPTURE] capture_frame: 14.11ms
[2025302399][DBG][ENCODE] encode: 0.85ms
[2025302411][DBG][CAPTURE] capture_frame: 11.05ms
[2025302412][DBG][ENCODE] encode: 1.00ms
[2025302424][DBG][CAPTURE] capture_frame: 12.39ms
[2025302425][DBG][ENCODE] encode: 0.79ms
[2025302439][DBG][CAPTURE] capture_frame: 13.59ms
[2025302440][DBG][ENCODE] encode: 0.84ms
[2025302452][DBG][CAPTURE] capture_frame: 11.94ms
[2025302453][DBG][ENCODE] encode: 0.94ms
[2025302465][DBG][CAPTURE] capture_frame: 12.04ms
[2025302466][DBG][ENCODE] encode: 0.81ms
[2025302478][DBG][CAPTURE] capture_frame: 11.37ms
[2025302479][DBG][ENCODE] encode: 1.00ms
[2025302491][DBG][CAPTURE] capture_frame: 11.81ms
[2025302492][DBG][ENCODE] encode: 1.45ms
[2025302506][DBG][CAPTURE] capture_frame: 13.25ms
[2025302507][DBG][ENCODE] encode: 1.20ms
[2025302520][DBG][CAPTURE] capture_frame: 11.51ms
[2025302521][DBG][ENCODE] encode: 1.35ms
[2025302533][DBG][CAPTURE] capture_frame: 12.18ms
[2025302534][DBG][ENCODE] encode: 0.90ms
[2025302535][INF][HOST] Frames: 600, FPS: 55.3, RTT: 12.3ms, state: connected
[2025302548][DBG][CAPTURE] capture_frame: 13.34ms
[2025302549][DBG][ENCODE] encode: 1.00ms
[2025302562][DBG][CAPTURE] capture_frame: 12.15ms
[2025302563][DBG][ENCODE] encode: 1.21ms
[2025302575][DBG][CAPTURE] capture_frame: 11.74ms
[2025302576][DBG][ENCODE] encode: 1.12ms
[2025302588][DBG][CAPTURE] capture_frame: 11.44ms
[2025302589][DBG][ENCODE] encode: 0.95ms
[2025302602][DBG][CAPTURE] capture_frame: 12.30ms
[2025302603][DBG][ENCODE] encode: 1.28ms
[2025302615][DBG][CAPTURE] capture_frame: 12.07ms
[2025302617][DBG][ENCODE] encode: 1.39ms
[2025302632][DBG][CAPTURE] capture_frame: 14.60ms
[2025302633][DBG][ENCODE] encode: 0.93ms
[2025302646][DBG][CAPTURE] capture_frame: 13.38ms
[2025302647][DBG][ENCODE] encode: 0.46ms
[2025302664][DBG][CAPTURE] capture_frame: 17.49ms
[2025302665][DBG][ENCODE] encode: 0.47ms
[2025302677][DBG][CAPTURE] capture_frame: 11.81ms
[2025302678][DBG][ENCODE] encode: 0.97ms
[2025302690][DBG][CAPTURE] capture_frame: 11.59ms
[2025302691][DBG][ENCODE] encode: 0.78ms
[2025302703][DBG][CAPTURE] capture_frame: 12.19ms
[2025302705][DBG][ENCODE] encode: 1.33ms
[2025302717][DBG][CAPTURE] capture_frame: 12.50ms
[2025302719][DBG][ENCODE] encode: 1.04ms
[2025302731][DBG][CAPTURE] capture_frame: 11.88ms
[2025302731][DBG][ENCODE] encode: 0.51ms
[2025302744][DBG][CAPTURE] capture_frame: 12.04ms
[2025302744][DBG][ENCODE] encode: 0.86ms
[2025302756][DBG][CAPTURE] capture_frame: 11.83ms
[2025302758][DBG][ENCODE] encode: 1.18ms
[2025302770][DBG][CAPTURE] capture_frame: 11.74ms
[2025302771][DBG][ENCODE] encode: 0.85ms
[2025302782][DBG][CAPTURE] capture_frame: 11.44ms
[2025302783][DBG][ENCODE] encode: 0.64ms
[2025302798][DBG][CAPTURE] capture_frame: 14.63ms
[2025302799][DBG][ENCODE] encode: 0.89ms
[2025302811][DBG][CAPTURE] capture_frame: 11.71ms
[2025302812][DBG][ENCODE] encode: 0.86ms
[2025302823][DBG][CAPTURE] capture_frame: 11.29ms
[2025302824][DBG][ENCODE] encode: 0.72ms
[2025302840][DBG][CAPTURE] capture_frame: 16.14ms
[2025302841][DBG][ENCODE] encode: 0.46ms
[2025302859][DBG][CAPTURE] capture_frame: 17.65ms
[2025302859][DBG][ENCODE] encode: 0.48ms
[2025302878][DBG][CAPTURE] capture_frame: 18.41ms
[2025302879][DBG][ENCODE] encode: 1.01ms
[2025302891][DBG][CAPTURE] capture_frame: 12.14ms
[2025302892][DBG][ENCODE] encode: 0.71ms
[2025302907][DBG][CAPTURE] capture_frame: 14.98ms
[2025302908][DBG][ENCODE] encode: 0.48ms
[2025302925][DBG][CAPTURE] capture_frame: 17.48ms
[2025302926][DBG][ENCODE] encode: 0.58ms
[2025302938][DBG][CAPTURE] capture_frame: 11.60ms
[2025302939][DBG][ENCODE] encode: 0.89ms
[2025302951][DBG][CAPTURE] capture_frame: 11.67ms
[2025302952][DBG][ENCODE] encode: 1.24ms
[2025302966][DBG][CAPTURE] capture_frame: 14.04ms
[2025302967][DBG][ENCODE] encode: 0.89ms
[2025302981][DBG][CAPTURE] capture_frame: 13.21ms
[2025302982][DBG][ENCODE] encode: 1.07ms
[2025302996][DBG][CAPTURE] capture_frame: 13.55ms
[2025302997][DBG][ENCODE] encode: 1.16ms
[2025303009][DBG][CAPTURE] capture_frame: 11.76ms
[2025303010][DBG][ENCODE] encode: 0.99ms
[2025303023][DBG][CAPTURE] capture_frame: 13.03ms
[2025303025][DBG][ENCODE] encode: 1.24ms
[2025303038][DBG][CAPTURE] capture_frame: 12.80ms
[2025303039][DBG][ENCODE] encode: 1.06ms
[2025303053][DBG][CAPTURE] capture_frame: 13.94ms
[2025303055][DBG][ENCODE] encode: 1.15ms
[2025303068][DBG][CAPTURE] capture_frame: 13.34ms
[2025303069][DBG][ENCODE] encode: 0.83ms
[2025303083][DBG][CAPTURE] capture_frame: 14.00ms
[2025303085][DBG][ENCODE] encode: 1.57ms
[2025303099][DBG][CAPTURE] capture_frame: 13.73ms
[2025303100][DBG][ENCODE] encode: 0.79ms
[2025303114][DBG][CAPTURE] capture_frame: 14.02ms
[2025303116][DBG][ENCODE] encode: 1.56ms
[2025303141][DBG][CAPTURE] capture_frame: 18.08ms
[2025303142][DBG][ENCODE] encode: 0.97ms
[2025303155][DBG][CAPTURE] capture_frame: 12.10ms
[2025303156][DBG][ENCODE] encode: 1.24ms
[2025303173][DBG][CAPTURE] capture_frame: 17.01ms
[2025303174][DBG][ENCODE] encode: 1.05ms
[2025303187][DBG][CAPTURE] capture_frame: 11.86ms
[2025303188][DBG][ENCODE] encode: 0.99ms
[2025303200][DBG][CAPTURE] capture_frame: 11.76ms
[2025303201][DBG][ENCODE] encode: 0.87ms
[2025303217][DBG][CAPTURE] capture_frame: 15.80ms
[2025303217][DBG][ENCODE] encode: 0.56ms
[2025303229][DBG][CAPTURE] capture_frame: 11.70ms
[2025303231][DBG][ENCODE] encode: 1.33ms
[2025303245][DBG][CAPTURE] capture_frame: 14.10ms
[2025303246][DBG][ENCODE] encode: 1.04ms
[2025303259][DBG][CAPTURE] capture_frame: 12.60ms
[2025303261][DBG][ENCODE] encode: 1.39ms
[2025303273][DBG][CAPTURE] capture_frame: 11.86ms
[2025303274][DBG][ENCODE] encode: 1.04ms
[2025303286][DBG][CAPTURE] capture_frame: 11.75ms
[2025303288][DBG][ENCODE] encode: 1.45ms
[2025303299][DBG][CAPTURE] capture_frame: 11.27ms
[2025303300][DBG][ENCODE] encode: 0.78ms
[2025303316][DBG][CAPTURE] capture_frame: 15.28ms
[2025303317][DBG][ENCODE] encode: 1.11ms
[2025303330][DBG][CAPTURE] capture_frame: 13.39ms
[2025303331][DBG][ENCODE] encode: 0.94ms
[2025303345][DBG][CAPTURE] capture_frame: 13.03ms
[2025303346][DBG][ENCODE] encode: 1.23ms
[2025303358][DBG][CAPTURE] capture_frame: 11.69ms
[2025303359][DBG][ENCODE] encode: 1.34ms
[2025303371][DBG][CAPTURE] capture_frame: 11.17ms
[2025303372][DBG][ENCODE] encode: 1.46ms
[2025303387][DBG][CAPTURE] capture_frame: 14.26ms
[2025303388][DBG][ENCODE] encode: 0.89ms
[2025303401][DBG][CAPTURE] capture_frame: 12.34ms
[2025303401][DBG][ENCODE] encode: 0.75ms
[2025303416][DBG][CAPTURE] capture_frame: 14.86ms
[2025303417][DBG][ENCODE] encode: 0.91ms
[2025303418][INF][HOST] Frames: 660, FPS: 56.2, RTT: 13.2ms, state: connected
[2025303429][DBG][CAPTURE] capture_frame: 11.72ms
[2025303431][DBG][ENCODE] encode: 1.22ms
[2025303443][DBG][CAPTURE] capture_frame: 12.26ms
[2025303445][DBG][ENCODE] encode: 1.09ms
[2025303460][DBG][CAPTURE] capture_frame: 15.02ms
[2025303461][DBG][ENCODE] encode: 0.72ms
[2025303472][DBG][CAPTURE] capture_frame: 11.49ms
[2025303474][DBG][ENCODE] encode: 1.26ms
[2025303488][DBG][CAPTURE] capture_frame: 13.49ms
[2025303489][DBG][ENCODE] encode: 1.04ms
[2025303503][DBG][CAPTURE] capture_frame: 14.33ms
[2025303504][DBG][ENCODE] encode: 0.65ms
[2025303520][DBG][CAPTURE] capture_frame: 16.20ms
[2025303521][DBG][ENCODE] encode: 1.02ms
[2025303533][DBG][CAPTURE] capture_frame: 11.34ms
[2025303534][DBG][ENCODE] encode: 1.09ms
[2025303549][DBG][CAPTURE] capture_frame: 14.56ms
[2025303551][DBG][ENCODE] encode: 1.32ms
[2025303563][DBG][CAPTURE] capture_frame: 12.05ms
[2025303564][DBG][ENCODE] encode: 1.21ms
[2025303577][DBG][CAPTURE] capture_frame: 12.32ms
[2025303578][DBG][ENCODE] encode: 1.11ms
[2025303592][DBG][CAPTURE] capture_frame: 13.85ms
[2025303593][DBG][ENCODE] encode: 1.08ms
[2025303606][DBG][CAPTURE] capture_frame: 12.02ms
[2025303607][DBG][ENCODE] encode: 1.12ms
[2025303618][DBG][CAPTURE] capture_frame: 11.16ms
[2025303619][DBG][ENCODE] encode: 0.92ms
[2025303636][DBG][CAPTURE] capture_frame: 16.08ms
[2025303636][DBG][ENCODE] encode: 0.48ms
[2025303649][DBG][CAPTURE] capture_frame: 12.40ms
[2025303650][DBG][ENCODE] encode: 1.31ms
[2025303665][DBG][CAPTURE] capture_frame: 14.79ms
[2025303666][DBG][ENCODE] encode: 1.09ms
[2025303678][DBG][CAPTURE] capture_frame: 11.82ms
[2025303680][DBG][ENCODE] encode: 1.04ms
[2025303691][DBG][CAPTURE] capture_frame: 11.50ms
[2025303692][DBG][ENCODE] encode: 1.05ms
[2025303704][DBG][CAPTURE] capture_frame: 11.36ms
[2025303706][DBG][ENCODE] encode: 1.17ms
[2025303721][DBG][CAPTURE] capture_frame: 14.59ms
[2025303721][DBG][ENCODE] encode: 0.57ms
[2025303733][DBG][CAPTURE] capture_frame: 11.71ms
[2025303734][DBG][ENCODE] encode: 0.61ms
[2025303746][DBG][CAPTURE] capture_frame: 12.08ms
[2025303747][DBG][ENCODE] encode: 1.18ms
[2025303760][DBG][CAPTURE] capture_frame: 12.77ms
[2025303761][DBG][ENCODE] encode: 0.85ms
[2025303773][DBG][CAPTURE] capture_frame: 11.88ms
[2025303775][DBG][ENCODE] encode: 1.14ms
[2025303788][DBG][CAPTURE] capture_frame: 12.83ms
[2025303789][DBG][ENCODE] encode: 1.17ms
[2025303801][DBG][CAPTURE] capture_frame: 12.01ms
[2025303802][DBG][ENCODE] encode: 1.01ms
[2025303813][DBG][CAPTURE] capture_frame: 10.66ms
[2025303814][DBG][ENCODE] encode: 1.14ms
[2025303826][DBG][CAPTURE] capture_frame: 11.74ms
[2025303827][DBG][ENCODE] encode: 0.65ms
[2025303841][DBG][CAPTURE] capture_frame: 14.18ms
[2025303842][DBG][ENCODE] encode: 0.74ms
[2025303854][DBG][CAPTURE] capture_frame: 11.77ms
[2025303855][DBG][ENCODE] encode: 1.02ms
[2025303868][DBG][CAPTURE] capture_frame: 12.05ms
[2025303869][DBG][ENCODE] encode: 1.16ms
[2025303885][DBG][CAPTURE] capture_frame: 15.46ms
[2025303885][DBG][ENCODE] encode: 0.68ms
[2025303897][DBG][CAPTURE] capture_frame: 11.48ms
[2025303898][DBG][ENCODE] encode: 1.02ms
[2025303911][DBG][CAPTURE] capture_frame: 12.19ms
[2025303911][DBG][ENCODE] encode: 0.59ms
[2025303928][DBG][CAPTURE] capture_frame: 16.14ms
[2025303929][DBG][ENCODE] encode: 0.95ms
[2025303941][DBG][CAPTURE] capture_frame: 12.46ms
[2025303942][DBG][ENCODE] encode: 0.93ms
[2025303955][DBG][CAPTURE] capture_frame: 12.28ms
[2025303956][DBG][ENCODE] encode: 1.05ms
[2025303968][DBG][CAPTURE] capture_frame: 11.37ms
[2025303968][DBG][ENCODE] encode: 0.59ms
[2025303983][DBG][CAPTURE] capture_frame: 14.22ms
[2025303984][DBG][ENCODE] encode: 1.39ms
[2025304001][DBG][CAPTURE] capture_frame: 6.61ms
[2025304002][DBG][ENCODE] encode: 0.67ms
[2025304017][DBG][CAPTURE] capture_frame: 15.33ms
[2025304019][DBG][ENCODE] encode: 1.23ms
[2025304031][DBG][CAPTURE] capture_frame: 11.91ms
[2025304032][DBG][ENCODE] encode: 0.84ms
[2025304044][DBG][CAPTURE] capture_frame: 11.70ms
[2025304045][DBG][ENCODE] encode: 1.29ms
[2025304057][DBG][CAPTURE] capture_frame: 11.75ms
[2025304058][DBG][ENCODE] encode: 0.75ms
[2025304074][DBG][CAPTURE] capture_frame: 15.12ms
[2025304074][DBG][ENCODE] encode: 0.45ms
[2025304092][DBG][CAPTURE] capture_frame: 17.48ms
[2025304092][DBG][ENCODE] encode: 0.71ms
[2025304109][DBG][CAPTURE] capture_frame: 16.53ms
[2025304110][DBG][ENCODE] encode: 0.78ms
[2025304121][DBG][CAPTURE] capture_frame: 11.22ms
[2025304122][DBG][ENCODE] encode: 1.01ms
[2025304135][DBG][CAPTURE] capture_frame: 12.42ms
[2025304136][DBG][ENCODE] encode: 0.98ms
[2025304152][DBG][CAPTURE] capture_frame: 15.08ms
[2025304152][DBG][ENCODE] encode: 0.57ms
[2025304170][DBG][CAPTURE] capture_frame: 17.29ms
[2025304170][DBG][CAPTURE] capture_frame: 0.22ms
[2025304170][DBG][ENCODE] encode: 0.56ms
[2025304182][DBG][CAPTURE] capture_frame: 11.67ms
[2025304183][DBG][ENCODE] encode: 0.64ms
[2025304199][DBG][CAPTURE] capture_frame: 16.07ms
[2025304200][DBG][ENCODE] encode: 0.86ms
[2025304212][DBG][CAPTURE] capture_frame: 12.11ms
[2025304214][DBG][ENCODE] encode: 1.03ms
[2025304225][DBG][CAPTURE] capture_frame: 11.44ms
[2025304227][DBG][ENCODE] encode: 1.21ms
[2025304239][DBG][CAPTURE] capture_frame: 11.92ms
[2025304240][DBG][ENCODE] encode: 1.12ms
[2025304251][DBG][CAPTURE] capture_frame: 11.26ms
[2025304253][DBG][ENCODE] encode: 1.24ms
[2025304267][DBG][CAPTURE] capture_frame: 13.67ms
[2025304268][DBG][ENCODE] encode: 1.02ms
[2025304280][DBG][CAPTURE] capture_frame: 11.77ms
[2025304281][DBG][ENCODE] encode: 1.02ms
[2025304281][INF][HOST] Frames: 720, FPS: 57.1, RTT: 13.8ms, state: connected
[2025304294][DBG][CAPTURE] capture_frame: 12.93ms
[2025304295][DBG][ENCODE] encode: 0.67ms
[2025304309][DBG][CAPTURE] capture_frame: 14.45ms
[2025304310][DBG][ENCODE] encode: 0.53ms
[2025304322][DBG][CAPTURE] capture_frame: 11.54ms
[2025304323][DBG][ENCODE] encode: 0.93ms
[2025304335][DBG][CAPTURE] capture_frame: 12.36ms
[2025304336][DBG][ENCODE] encode: 0.84ms
[2025304352][DBG][CAPTURE] capture_frame: 15.47ms
[2025304352][DBG][ENCODE] encode: 0.49ms
[2025304370][DBG][CAPTURE] capture_frame: 17.67ms
[2025304371][DBG][ENCODE] encode: 0.97ms
[2025304387][DBG][CAPTURE] capture_frame: 15.12ms
[2025304388][DBG][ENCODE] encode: 1.32ms
[2025304399][DBG][CAPTURE] capture_frame: 11.04ms
[2025304400][DBG][ENCODE] encode: 0.87ms
[2025304413][DBG][CAPTURE] capture_frame: 12.12ms
[2025304414][DBG][ENCODE] encode: 0.94ms
[2025304426][DBG][CAPTURE] capture_frame: 11.72ms
[2025304427][DBG][ENCODE] encode: 1.21ms
[2025304439][DBG][CAPTURE] capture_frame: 11.70ms
[2025304440][DBG][ENCODE] encode: 1.09ms
[2025304452][DBG][CAPTURE] capture_frame: 11.39ms
[2025304453][DBG][ENCODE] encode: 1.02ms
[2025304466][DBG][CAPTURE] capture_frame: 12.59ms
[2025304466][DBG][ENCODE] encode: 0.60ms
[2025304480][DBG][CAPTURE] capture_frame: 13.05ms
[2025304480][DBG][ENCODE] encode: 0.71ms
[2025304492][DBG][CAPTURE] capture_frame: 11.87ms
[2025304493][DBG][ENCODE] encode: 0.78ms
[2025304510][DBG][CAPTURE] capture_frame: 16.24ms
[2025304510][DBG][ENCODE] encode: 0.51ms
[2025304522][DBG][CAPTURE] capture_frame: 11.86ms
[2025304523][DBG][ENCODE] encode: 1.07ms
[2025304538][DBG][CAPTURE] capture_frame: 14.87ms
[2025304539][DBG][ENCODE] encode: 0.92ms
[2025304551][DBG][CAPTURE] capture_frame: 11.13ms
[2025304552][DBG][ENCODE] encode: 0.74ms
[2025304563][DBG][CAPTURE] capture_frame: 11.17ms
[2025304564][DBG][ENCODE] encode: 1.05ms
[2025304576][DBG][CAPTURE] capture_frame: 11.44ms
[2025304577][DBG][ENCODE] encode: 0.94ms
[2025304589][DBG][CAPTURE] capture_frame: 11.58ms
[2025304590][DBG][ENCODE] encode: 0.74ms
[2025304602][DBG][CAPTURE] capture_frame: 11.80ms
[2025304603][DBG][ENCODE] encode: 0.89ms
[2025304614][DBG][CAPTURE] capture_frame: 11.41ms
[2025304615][DBG][ENCODE] encode: 1.04ms
[2025304628][DBG][CAPTURE] capture_frame: 12.31ms
[2025304629][DBG][ENCODE] encode: 0.64ms
[2025304643][DBG][CAPTURE] capture_frame: 14.53ms
[2025304644][DBG][ENCODE] encode: 0.84ms
[2025304656][DBG][CAPTURE] capture_frame: 11.20ms
[2025304657][DBG][ENCODE] encode: 1.12ms
[2025304669][DBG][CAPTURE] capture_frame: 11.63ms
[2025304670][DBG][ENCODE] encode: 0.91ms
[2025304686][DBG][CAPTURE] capture_frame: 15.64ms
[2025304686][DBG][ENCODE] encode: 0.55ms
[2025304699][DBG][CAPTURE] capture_frame: 12.93ms
[2025304700][DBG][ENCODE] encode: 1.06ms
[2025304712][DBG][CAPTURE] capture_frame: 11.23ms
[2025304713][DBG][ENCODE] encode: 0.86ms
[2025304725][DBG][CAPTURE] capture_frame: 12.17ms
[2025304726][DBG][ENCODE] encode: 0.85ms
[2025304738][DBG][CAPTURE] capture_frame: 11.91ms
[2025304739][DBG][ENCODE] encode: 0.87ms
[2025304753][DBG][CAPTURE] capture_frame: 13.28ms
[2025304754][DBG][ENCODE] encode: 0.81ms
[2025304771][DBG][CAPTURE] capture_frame: 17.12ms
[2025304772][DBG][ENCODE] encode: 0.68ms
[2025304787][DBG][CAPTURE] capture_frame: 15.30ms
[2025304788][DBG][ENCODE] encode: 1.08ms
[2025304800][DBG][CAPTURE] capture_frame: 11.84ms
[2025304801][DBG][ENCODE] encode: 0.58ms
[2025304813][DBG][CAPTURE] capture_frame: 12.19ms
[2025304814][DBG][ENCODE] encode: 0.92ms
[2025304826][DBG][CAPTURE] capture_frame: 11.48ms
[2025304827][DBG][ENCODE] encode: 0.80ms
[2025304844][DBG][CAPTURE] capture_frame: 16.34ms
[2025304845][DBG][ENCODE] encode: 1.49ms
[2025304857][DBG][CAPTURE] capture_frame: 5.67ms
[2025304857][DBG][ENCODE] encode: 0.73ms
[2025304873][DBG][CAPTURE] capture_frame: 15.51ms
[2025304878][DBG][CAPTURE] capture_frame: 4.58ms
[2025304878][DBG][ENCODE] encode: 0.55ms
[2025304897][DBG][CAPTURE] capture_frame: 18.82ms
[2025304898][DBG][ENCODE] encode: 0.87ms
[2025304915][DBG][CAPTURE] capture_frame: 16.13ms
[2025304916][DBG][ENCODE] encode: 1.19ms
[2025304935][DBG][CAPTURE] capture_frame: 17.77ms
[2025304936][DBG][ENCODE] encode: 1.24ms
[2025304954][DBG][CAPTURE] capture_frame: 17.47ms
[2025304955][DBG][ENCODE] encode: 1.02ms
[2025304970][DBG][CAPTURE] capture_frame: 14.38ms
[2025304971][DBG][ENCODE] encode: 0.89ms
[2025304987][DBG][CAPTURE] capture_frame: 15.68ms
[2025304988][DBG][ENCODE] encode: 1.03ms
[2025305001][DBG][CAPTURE] capture_frame: 12.23ms
[2025305002][DBG][ENCODE] encode: 0.71ms
[2025305021][DBG][CAPTURE] capture_frame: 18.49ms
[2025305022][DBG][ENCODE] encode: 1.10ms
[2025305036][DBG][CAPTURE] capture_frame: 12.87ms
[2025305037][DBG][ENCODE] encode: 0.85ms
[2025305054][DBG][CAPTURE] capture_frame: 17.03ms
[2025305055][DBG][ENCODE] encode: 1.02ms
[2025305067][DBG][CAPTURE] capture_frame: 10.74ms
[2025305068][DBG][ENCODE] encode: 0.90ms
[2025305090][DBG][CAPTURE] capture_frame: 22.32ms
[2025305091][DBG][ENCODE] encode: 0.73ms
[2025305113][DBG][CAPTURE] capture_frame: 21.38ms
[2025305114][DBG][ENCODE] encode: 1.23ms
[2025305135][DBG][CAPTURE] capture_frame: 19.51ms
[2025305136][DBG][ENCODE] encode: 1.51ms
[2025305153][DBG][CAPTURE] capture_frame: 16.46ms
[2025305154][DBG][ENCODE] encode: 1.09ms
[2025305169][DBG][CAPTURE] capture_frame: 14.17ms
[2025305170][DBG][ENCODE] encode: 0.63ms
[2025305188][DBG][CAPTURE] capture_frame: 17.24ms
[2025305189][DBG][ENCODE] encode: 1.40ms
[2025305200][DBG][CAPTURE] capture_frame: 10.75ms
[2025305202][DBG][ENCODE] encode: 1.26ms
[2025305202][INF][HOST] Frames: 780, FPS: 57.7, RTT: 12.6ms, state: connected
[2025305220][DBG][CAPTURE] capture_frame: 17.64ms
[2025305221][DBG][ENCODE] encode: 0.87ms
[2025305236][DBG][CAPTURE] capture_frame: 14.82ms
[2025305237][DBG][ENCODE] encode: 0.68ms
[2025305250][DBG][CAPTURE] capture_frame: 12.94ms
[2025305251][DBG][ENCODE] encode: 1.26ms
[2025305271][DBG][CAPTURE] capture_frame: 18.88ms
[2025305272][DBG][ENCODE] encode: 1.37ms
[2025305285][DBG][CAPTURE] capture_frame: 12.59ms
[2025305286][DBG][ENCODE] encode: 0.64ms
[2025305302][DBG][CAPTURE] capture_frame: 15.92ms
[2025305303][DBG][ENCODE] encode: 0.56ms
[2025305318][DBG][CAPTURE] capture_frame: 14.48ms
[2025305318][DBG][ENCODE] encode: 0.66ms
[2025305337][DBG][CAPTURE] capture_frame: 18.54ms
[2025305338][DBG][ENCODE] encode: 1.15ms
[2025305351][DBG][CAPTURE] capture_frame: 12.45ms
[2025305352][DBG][ENCODE] encode: 1.05ms
[2025305370][DBG][CAPTURE] capture_frame: 16.81ms
[2025305371][DBG][ENCODE] encode: 1.35ms
[2025305385][DBG][CAPTURE] capture_frame: 13.06ms
[2025305386][DBG][ENCODE] encode: 0.86ms
[2025305397][DBG][CAPTURE] capture_frame: 11.46ms
[2025305398][DBG][ENCODE] encode: 0.87ms
[2025305411][DBG][CAPTURE] capture_frame: 12.64ms
[2025305412][DBG][ENCODE] encode: 0.60ms
[2025305426][DBG][CAPTURE] capture_frame: 14.15ms
[2025305427][DBG][ENCODE] encode: 0.58ms
[2025305439][DBG][CAPTURE] capture_frame: 11.37ms
[2025305440][DBG][ENCODE] encode: 1.01ms
[2025305453][DBG][CAPTURE] capture_frame: 12.47ms
[2025305453][DBG][ENCODE] encode: 0.65ms
[2025305466][DBG][CAPTURE] capture_frame: 12.09ms
[2025305467][DBG][ENCODE] encode: 0.89ms
[2025305481][DBG][CAPTURE] capture_frame: 13.60ms
[2025305482][DBG][ENCODE] encode: 0.91ms
[2025305494][DBG][CAPTURE] capture_frame: 11.54ms
[2025305495][DBG][ENCODE] encode: 0.91ms
[2025305507][DBG][CAPTURE] capture_frame: 11.60ms
[2025305508][DBG][ENCODE] encode: 1.41ms
[2025305521][DBG][CAPTURE] capture_frame: 11.74ms
[2025305521][DBG][ENCODE] encode: 0.77ms
[2025305533][DBG][CAPTURE] capture_frame: 11.87ms
[2025305534][DBG][ENCODE] encode: 0.66ms
[2025305546][DBG][CAPTURE] capture_frame: 11.45ms
[2025305547][DBG][ENCODE] encode: 0.69ms
[2025305558][DBG][CAPTURE] capture_frame: 11.38ms
[2025305559][DBG][ENCODE] encode: 0.69ms
[2025305571][DBG][CAPTURE] capture_frame: 12.11ms
[2025305572][DBG][ENCODE] encode: 1.13ms
[2025305587][DBG][CAPTURE] capture_frame: 14.75ms
[2025305588][DBG][ENCODE] encode: 0.91ms
[2025305600][DBG][CAPTURE] capture_frame: 11.58ms
[2025305601][DBG][ENCODE] encode: 0.83ms
[2025305615][DBG][CAPTURE] capture_frame: 13.12ms
[2025305616][DBG][ENCODE] encode: 0.96ms
[2025305628][DBG][CAPTURE] capture_frame: 11.59ms
[2025305628][DBG][ENCODE] encode: 0.89ms
[2025305640][DBG][CAPTURE] capture_frame: 11.67ms
[2025305642][DBG][ENCODE] encode: 1.10ms
[2025305655][DBG][CAPTURE] capture_frame: 12.62ms
[2025305656][DBG][ENCODE] encode: 1.28ms
[2025305673][DBG][CAPTURE] capture_frame: 16.47ms
[2025305674][DBG][ENCODE] encode: 0.85ms
[2025305690][DBG][CAPTURE] capture_frame: 16.20ms
[2025305691][DBG][ENCODE] encode: 0.64ms
[2025305712][DBG][CAPTURE] capture_frame: 20.81ms
[2025305713][DBG][ENCODE] encode: 1.09ms
[2025305727][DBG][CAPTURE] capture_frame: 13.71ms
[2025305728][DBG][ENCODE] encode: 0.72ms
[2025305745][DBG][CAPTURE] capture_frame: 16.57ms
[2025305746][DBG][ENCODE] encode: 0.99ms
[2025305765][DBG][CAPTURE] capture_frame: 17.91ms
[2025305766][DBG][ENCODE] encode: 1.05ms
[2025305778][DBG][CAPTURE] capture_frame: 9.93ms
[2025305779][DBG][ENCODE] encode: 0.95ms
[2025305790][DBG][CAPTURE] capture_frame: 9.76ms
[2025305791][DBG][ENCODE] encode: 1.23ms
[2025305805][DBG][CAPTURE] capture_frame: 14.09ms
[2025305807][DBG][ENCODE] encode: 1.11ms
[2025305833][DBG][CAPTURE] capture_frame: 23.95ms
[2025305834][DBG][ENCODE] encode: 1.41ms
[2025305845][DBG][CAPTURE] capture_frame: 9.55ms
[2025305846][DBG][ENCODE] encode: 1.00ms
[2025305860][DBG][CAPTURE] capture_frame: 12.65ms
[2025305861][DBG][ENCODE] encode: 0.73ms
[2025305874][DBG][CAPTURE] capture_frame: 13.62ms
[2025305875][DBG][ENCODE] encode: 0.78ms
[2025305890][DBG][CAPTURE] capture_frame: 14.07ms
[2025305891][DBG][ENCODE] encode: 1.05ms
[2025305907][DBG][CAPTURE] capture_frame: 15.15ms
[2025305908][DBG][ENCODE] encode: 0.98ms
[2025305933][DBG][CAPTURE] capture_frame: 24.67ms
[2025305964][DBG][CAPTURE] capture_frame: 30.82ms
[2025305965][DBG][CAPTURE] capture_frame: 1.48ms
[2025305966][DBG][ENCODE] encode: 1.03ms
[2025305994][DBG][CAPTURE] capture_frame: 27.25ms
[2025306026][DBG][CAPTURE] capture_frame: 31.87ms
[2025306036][DBG][CAPTURE] capture_frame: 10.02ms
[2025306037][DBG][ENCODE] encode: 0.93ms
[2025306057][DBG][CAPTURE] capture_frame: 18.11ms
[2025306074][DBG][CAPTURE] capture_frame: 16.72ms
[2025306075][DBG][ENCODE] encode: 1.27ms
[2025306096][DBG][CAPTURE] capture_frame: 19.41ms
[2025306097][DBG][ENCODE] encode: 1.10ms
[2025306115][DBG][CAPTURE] capture_frame: 17.57ms
[2025306116][DBG][ENCODE] encode: 0.68ms
[2025306134][DBG][CAPTURE] capture_frame: 18.39ms
[2025306140][DBG][CAPTURE] capture_frame: 5.67ms
[2025306141][DBG][ENCODE] encode: 1.19ms
[2025306157][DBG][CAPTURE] capture_frame: 14.61ms
[2025306157][DBG][ENCODE] encode: 0.68ms
[2025306180][DBG][CAPTURE] capture_frame: 22.62ms
[2025306181][DBG][ENCODE] encode: 0.71ms
[2025306195][DBG][CAPTURE] capture_frame: 14.10ms
[2025306197][DBG][ENCODE] encode: 1.53ms
[2025306214][DBG][CAPTURE] capture_frame: 16.62ms
[2025306216][DBG][ENCODE] encode: 1.03ms
[2025306232][DBG][CAPTURE] capture_frame: 16.54ms
[2025306234][DBG][ENCODE] encode: 1.65ms
[2025306247][DBG][CAPTURE] capture_frame: 12.45ms
[2025306248][DBG][ENCODE] encode: 1.35ms
[2025306267][DBG][CAPTURE] capture_frame: 17.84ms
[2025306268][DBG][ENCODE] encode: 1.25ms
[2025306287][DBG][CAPTURE] capture_frame: 17.90ms
[2025306289][DBG][ENCODE] encode: 1.73ms
[2025306289][INF][HOST] Frames: 840, FPS: 57.5, RTT: 12.8ms, state: connected
[2025306301][DBG][CAPTURE] capture_frame: 11.42ms
[2025306302][DBG][ENCODE] encode: 1.12ms
[2025306321][DBG][CAPTURE] capture_frame: 18.78ms
[2025306326][DBG][CAPTURE] capture_frame: 4.71ms
[2025306327][DBG][ENCODE] encode: 0.81ms
[2025306342][DBG][CAPTURE] capture_frame: 15.16ms
[2025306344][DBG][ENCODE] encode: 1.34ms
[2025306359][DBG][CAPTURE] capture_frame: 14.45ms
[2025306359][DBG][ENCODE] encode: 0.66ms
[2025306375][DBG][CAPTURE] capture_frame: 14.93ms
[2025306376][DBG][ENCODE] encode: 1.07ms
[2025306389][DBG][CAPTURE] capture_frame: 13.39ms
[2025306391][DBG][ENCODE] encode: 1.30ms
[2025306408][DBG][CAPTURE] capture_frame: 16.94ms
[2025306409][DBG][ENCODE] encode: 0.98ms
[2025306424][DBG][CAPTURE] capture_frame: 14.44ms
[2025306425][DBG][ENCODE] encode: 0.81ms
[2025306446][DBG][CAPTURE] capture_frame: 20.15ms
[2025306452][DBG][CAPTURE] capture_frame: 6.58ms
[2025306454][DBG][ENCODE] encode: 2.00ms
[2025306477][DBG][CAPTURE] capture_frame: 21.87ms
[2025306482][DBG][CAPTURE] capture_frame: 5.47ms
[2025306483][DBG][ENCODE] encode: 0.82ms
[2025306509][DBG][CAPTURE] capture_frame: 25.16ms
[2025306516][DBG][CAPTURE] capture_frame: 7.63ms
[2025306517][DBG][ENCODE] encode: 0.77ms
[2025306531][DBG][CAPTURE] capture_frame: 13.63ms
[2025306533][DBG][ENCODE] encode: 1.20ms
[2025306548][DBG][CAPTURE] capture_frame: 14.87ms
[2025306549][DBG][ENCODE] encode: 1.13ms
[2025306561][DBG][CAPTURE] capture_frame: 11.90ms
[2025306563][DBG][ENCODE] encode: 1.33ms
