[2022263981][WRN][CAPTURE] DuplicateOutput1 failed: 0x887A0004, falling back
[2022263984][INF][CAPTURE] DuplicateOutput fallback: BGRA SDR
[2022263984][INF][CAPTURE] Initialized DXGI capture: 3440x1440 on monitor 0
[2022263984][INF][HOST] Capture: 3440x1440
[2022264009][INF][ENCODE] AMF loaded successfully
[2022264132][INF][ENCODE] AMF HEVC 10-bit encoder initialized: 3440x1440 @ 60 fps, 15000 kbps, SDR
[2022264133][INF][HostSession] Listening on port 9880
[2022264133][INF][HOST] Waiting for client on port 9880... (Ctrl+C to stop)
[2022264138][DBG][CAPTURE] capture_frame: 0.17ms
[2022264159][DBG][ENCODE] encode: 20.37ms
[2022264179][DBG][CAPTURE] capture_frame: 20.01ms
[2022264208][DBG][CAPTURE] capture_frame: 28.80ms
[2022264222][DBG][CAPTURE] capture_frame: 13.76ms
[2022264224][DBG][ENCODE] encode: 1.50ms
[2022264246][DBG][CAPTURE] capture_frame: 22.09ms
[2022264275][DBG][CAPTURE] capture_frame: 28.57ms
[2022264284][DBG][CAPTURE] capture_frame: 9.49ms
[2022264285][DBG][ENCODE] encode: 0.64ms
[2022264304][DBG][CAPTURE] capture_frame: 19.23ms
[2022264321][DBG][CAPTURE] capture_frame: 16.95ms
[2022264349][DBG][CAPTURE] capture_frame: 28.12ms
[2022264363][DBG][CAPTURE] capture_frame: 13.24ms
[2022264363][DBG][ENCODE] encode: 0.69ms
[2022264377][DBG][CAPTURE] capture_frame: 13.75ms
[2022264393][DBG][CAPTURE] capture_frame: 16.16ms
[2022264405][DBG][CAPTURE] capture_frame: 11.19ms
[2022264405][DBG][ENCODE] encode: 0.59ms
[2022264434][DBG][CAPTURE] capture_frame: 28.61ms
[2022264435][DBG][CAPTURE] capture_frame: 1.32ms
[2022264436][DBG][ENCODE] encode: 0.67ms
[2022264459][DBG][CAPTURE] capture_frame: 23.09ms
[2022264483][DBG][CAPTURE] capture_frame: 24.14ms
[2022264484][DBG][ENCODE] encode: 0.76ms
[2022264501][DBG][CAPTURE] capture_frame: 16.51ms
[2022264526][DBG][CAPTURE] capture_frame: 25.07ms
[2022264538][DBG][CAPTURE] capture_frame: 11.90ms
[2022264539][DBG][ENCODE] encode: 0.63ms
[2022264555][DBG][CAPTURE] capture_frame: 16.11ms
[2022264571][DBG][CAPTURE] capture_frame: 16.59ms
[2022264599][DBG][CAPTURE] capture_frame: 27.65ms
[2022264600][DBG][ENCODE] encode: 0.78ms
[2022264625][DBG][CAPTURE] capture_frame: 25.46ms
[2022264648][DBG][CAPTURE] capture_frame: 22.09ms
[2022264648][DBG][ENCODE] encode: 0.75ms
[2022264666][DBG][CAPTURE] capture_frame: 17.28ms
[2022264696][DBG][CAPTURE] capture_frame: 30.36ms
[2022264708][DBG][CAPTURE] capture_frame: 11.53ms
[2022264709][DBG][ENCODE] encode: 0.70ms
[2022264725][DBG][CAPTURE] capture_frame: 16.47ms
[2022264754][DBG][CAPTURE] capture_frame: 28.85ms
[2022264763][DBG][CAPTURE] capture_frame: 8.43ms
[2022264763][DBG][ENCODE] encode: 0.66ms
[2022264784][DBG][CAPTURE] capture_frame: 20.34ms
[2022264814][DBG][CAPTURE] capture_frame: 30.52ms
[2022264829][DBG][CAPTURE] capture_frame: 15.06ms
[2022264830][DBG][ENCODE] encode: 0.71ms
[2022264844][DBG][CAPTURE] capture_frame: 13.40ms
[2022264874][DBG][CAPTURE] capture_frame: 30.27ms
[2022264885][DBG][CAPTURE] capture_frame: 10.45ms
[2022264885][DBG][ENCODE] encode: 0.80ms
[2022264902][DBG][CAPTURE] capture_frame: 16.16ms
[2022264918][DBG][CAPTURE] capture_frame: 16.10ms
[2022264949][DBG][CAPTURE] capture_frame: 30.63ms
[2022264963][DBG][CAPTURE] capture_frame: 14.43ms
[2022264964][DBG][ENCODE] encode: 0.68ms
[2022264978][DBG][CAPTURE] capture_frame: 14.22ms
[2022265008][DBG][CAPTURE] capture_frame: 29.38ms
[2022265017][DBG][CAPTURE] capture_frame: 9.49ms
[2022265018][DBG][ENCODE] encode: 0.62ms
[2022265038][DBG][CAPTURE] capture_frame: 20.05ms
[2022265064][DBG][CAPTURE] capture_frame: 26.25ms
[2022265078][DBG][CAPTURE] capture_frame: 13.82ms
[2022265079][DBG][ENCODE] encode: 0.67ms
[2022265092][DBG][CAPTURE] capture_frame: 13.60ms
[2022265109][DBG][CAPTURE] capture_frame: 16.29ms
[2022265126][DBG][CAPTURE] capture_frame: 16.67ms
[2022265139][DBG][CAPTURE] capture_frame: 13.00ms
[2022265139][DBG][ENCODE] encode: 0.58ms
[2022265166][DBG][CAPTURE] capture_frame: 26.82ms
[2022265193][DBG][CAPTURE] capture_frame: 26.60ms
[2022265193][DBG][CAPTURE] capture_frame: 0.45ms
[2022265194][DBG][ENCODE] encode: 0.61ms
[2022265219][DBG][CAPTURE] capture_frame: 24.52ms
[2022265248][DBG][CAPTURE] capture_frame: 29.04ms
[2022265256][DBG][CAPTURE] capture_frame: 7.84ms
[2022265256][DBG][ENCODE] encode: 0.59ms
[2022265277][DBG][CAPTURE] capture_frame: 21.05ms
[2022265294][DBG][CAPTURE] capture_frame: 16.81ms
[2022265309][DBG][CAPTURE] capture_frame: 15.24ms
[2022265310][DBG][ENCODE] encode: 0.66ms
[2022265324][DBG][CAPTURE] capture_frame: 13.84ms
[2022265341][DBG][CAPTURE] capture_frame: 16.49ms
[2022265364][DBG][CAPTURE] capture_frame: 22.90ms
[2022265364][DBG][ENCODE] encode: 0.59ms
[2022265380][DBG][CAPTURE] capture_frame: 15.15ms
[2022265388][DBG][CAPTURE] capture_frame: 8.14ms
[2022265389][DBG][ENCODE] encode: 0.78ms
[2022265410][DBG][CAPTURE] capture_frame: 21.33ms
[2022265425][DBG][CAPTURE] capture_frame: 14.92ms
[2022265426][DBG][ENCODE] encode: 0.65ms
[2022265449][DBG][CAPTURE] capture_frame: 23.09ms
[2022265450][DBG][ENCODE] encode: 0.65ms
[2022265465][DBG][CAPTURE] capture_frame: 15.64ms
[2022265494][DBG][CAPTURE] capture_frame: 28.84ms
[2022265503][DBG][CAPTURE] capture_frame: 8.85ms
[2022265504][DBG][ENCODE] encode: 0.89ms
[2022265524][DBG][CAPTURE] capture_frame: 20.11ms
[2022265550][DBG][CAPTURE] capture_frame: 25.72ms
[2022265558][DBG][CAPTURE] capture_frame: 7.95ms
[2022265559][DBG][ENCODE] encode: 0.74ms
[2022265569][DBG][CAPTURE] capture_frame: 9.88ms
[2022265570][DBG][ENCODE] encode: 0.59ms
[2022265590][DBG][CAPTURE] capture_frame: 20.77ms
[2022265614][DBG][CAPTURE] capture_frame: 23.45ms
[2022265615][DBG][ENCODE] encode: 0.79ms
[2022265636][DBG][CAPTURE] capture_frame: 21.39ms
[2022265665][DBG][CAPTURE] capture_frame: 28.71ms
[2022265681][DBG][CAPTURE] capture_frame: 16.26ms
[2022265691][DBG][CAPTURE] capture_frame: 9.86ms
[2022265692][DBG][ENCODE] encode: 0.69ms
[2022265707][DBG][CAPTURE] capture_frame: 15.22ms
[2022265723][DBG][CAPTURE] capture_frame: 16.14ms
[2022265752][DBG][CAPTURE] capture_frame: 28.30ms
[2022265764][DBG][CAPTURE] capture_frame: 12.05ms
[2022265765][DBG][ENCODE] encode: 0.77ms
[2022265780][DBG][CAPTURE] capture_frame: 15.49ms
[2022265796][DBG][CAPTURE] capture_frame: 16.14ms
[2022265822][DBG][CAPTURE] capture_frame: 25.80ms
[2022265837][DBG][CAPTURE] capture_frame: 14.12ms
[2022265837][DBG][ENCODE] encode: 0.57ms
[2022265861][DBG][CAPTURE] capture_frame: 24.01ms
[2022265891][DBG][CAPTURE] capture_frame: 30.16ms
[2022265892][DBG][ENCODE] encode: 0.70ms
[2022265906][DBG][CAPTURE] capture_frame: 13.84ms
[2022265931][DBG][CAPTURE] capture_frame: 24.79ms
[2022265946][DBG][CAPTURE] capture_frame: 15.12ms
[2022265947][DBG][ENCODE] encode: 0.65ms
[2022265972][DBG][CAPTURE] capture_frame: 24.93ms
[2022265988][DBG][CAPTURE] capture_frame: 16.42ms
[2022265989][DBG][ENCODE] encode: 0.66ms
[2022266001][DBG][CAPTURE] capture_frame: 11.85ms
[2022266002][DBG][ENCODE] encode: 0.73ms
[2022266002][INF][HostSession] Client connected from 127.0.0.1:56671
[2022266033][DBG][CAPTURE] capture_frame: 30.67ms
[2022266035][DBG][CAPTURE] capture_frame: 2.02ms
[2022266035][INF][HOST] IDR requested for new client
[2022266035][DBG][ENCODE] encode: 0.82ms
[2022266055][DBG][CAPTURE] capture_frame: 18.79ms
[2022266056][DBG][ENCODE] encode: 1.31ms
[2022266069][DBG][CAPTURE] capture_frame: 11.48ms
[2022266070][DBG][ENCODE] encode: 0.83ms
[2022266086][DBG][CAPTURE] capture_frame: 15.82ms
[2022266087][DBG][ENCODE] encode: 0.82ms
[2022266103][DBG][CAPTURE] capture_frame: 15.78ms
[2022266111][DBG][CAPTURE] capture_frame: 7.37ms
[2022266112][DBG][ENCODE] encode: 0.97ms
[2022266125][DBG][CAPTURE] capture_frame: 13.05ms
[2022266126][DBG][ENCODE] encode: 0.79ms
[2022266144][DBG][CAPTURE] capture_frame: 17.46ms
[2022266148][DBG][CAPTURE] capture_frame: 3.79ms
[2022266149][DBG][ENCODE] encode: 0.89ms
[2022266161][DBG][CAPTURE] capture_frame: 12.34ms
[2022266163][DBG][ENCODE] encode: 1.11ms
[2022266177][DBG][CAPTURE] capture_frame: 14.06ms
[2022266178][DBG][ENCODE] encode: 1.03ms
[2022266198][DBG][CAPTURE] capture_frame: 19.72ms
[2022266200][DBG][ENCODE] encode: 1.06ms
[2022266217][DBG][CAPTURE] capture_frame: 17.47ms
[2022266221][DBG][CAPTURE] capture_frame: 3.82ms
[2022266222][DBG][ENCODE] encode: 0.98ms
[2022266237][DBG][CAPTURE] capture_frame: 14.27ms
[2022266238][DBG][ENCODE] encode: 1.16ms
[2022266256][DBG][CAPTURE] capture_frame: 17.07ms
[2022266256][DBG][ENCODE] encode: 0.58ms
[2022266267][DBG][CAPTURE] capture_frame: 10.86ms
[2022266268][DBG][ENCODE] encode: 0.44ms
[2022266280][DBG][CAPTURE] capture_frame: 12.17ms
[2022266281][DBG][ENCODE] encode: 0.62ms
[2022266292][DBG][CAPTURE] capture_frame: 11.07ms
[2022266293][DBG][ENCODE] encode: 0.59ms
[2022266304][DBG][CAPTURE] capture_frame: 11.36ms
[2022266305][DBG][ENCODE] encode: 0.66ms
[2022266316][DBG][CAPTURE] capture_frame: 11.13ms
[2022266317][DBG][ENCODE] encode: 0.62ms
[2022266328][DBG][CAPTURE] capture_frame: 11.25ms
[2022266329][DBG][ENCODE] encode: 0.54ms
[2022266341][DBG][CAPTURE] capture_frame: 11.95ms
[2022266342][DBG][ENCODE] encode: 0.68ms
[2022266353][DBG][CAPTURE] capture_frame: 10.66ms
[2022266353][DBG][ENCODE] encode: 0.58ms
[2022266365][DBG][CAPTURE] capture_frame: 11.04ms
[2022266365][DBG][ENCODE] encode: 0.42ms
[2022266377][DBG][CAPTURE] capture_frame: 11.46ms
[2022266377][DBG][ENCODE] encode: 0.41ms
[2022266389][DBG][CAPTURE] capture_frame: 12.09ms
[2022266390][DBG][ENCODE] encode: 0.52ms
[2022266401][DBG][CAPTURE] capture_frame: 11.33ms
[2022266402][DBG][ENCODE] encode: 0.44ms
[2022266402][INF][HOST] Frames: 60, FPS: 26.4, RTT: 30.8ms, state: connected
[2022266413][DBG][CAPTURE] capture_frame: 10.93ms
[2022266413][DBG][ENCODE] encode: 0.38ms
[2022266425][DBG][CAPTURE] capture_frame: 11.91ms
[2022266426][DBG][ENCODE] encode: 0.37ms
[2022266438][DBG][CAPTURE] capture_frame: 11.53ms
[2022266438][DBG][ENCODE] encode: 0.42ms
[2022266450][DBG][CAPTURE] capture_frame: 11.42ms
[2022266450][DBG][ENCODE] encode: 0.41ms
[2022266463][DBG][CAPTURE] capture_frame: 12.46ms
[2022266463][DBG][ENCODE] encode: 0.67ms
[2022266474][DBG][CAPTURE] capture_frame: 10.53ms
[2022266474][DBG][ENCODE] encode: 0.41ms
[2022266486][DBG][CAPTURE] capture_frame: 11.40ms
[2022266486][DBG][ENCODE] encode: 0.37ms
[2022266498][DBG][CAPTURE] capture_frame: 11.18ms
[2022266498][DBG][ENCODE] encode: 0.44ms
[2022266514][DBG][CAPTURE] capture_frame: 15.84ms
[2022266523][DBG][CAPTURE] capture_frame: 8.94ms
[2022266524][DBG][ENCODE] encode: 0.70ms
[2022266541][DBG][CAPTURE] capture_frame: 16.73ms
[2022266568][DBG][CAPTURE] capture_frame: 26.77ms
[2022266573][DBG][CAPTURE] capture_frame: 5.12ms
[2022266573][DBG][ENCODE] encode: 0.61ms
[2022266584][DBG][CAPTURE] capture_frame: 10.81ms
[2022266585][DBG][ENCODE] encode: 0.66ms
[2022266596][DBG][CAPTURE] capture_frame: 10.89ms
[2022266597][DBG][ENCODE] encode: 0.66ms
[2022266608][DBG][CAPTURE] capture_frame: 10.70ms
[2022266608][DBG][ENCODE] encode: 0.49ms
[2022266619][DBG][CAPTURE] capture_frame: 11.00ms
[2022266620][DBG][ENCODE] encode: 0.45ms
[2022266632][DBG][CAPTURE] capture_frame: 11.79ms
[2022266632][DBG][ENCODE] encode: 0.57ms
[2022266644][DBG][CAPTURE] capture_frame: 11.40ms
[2022266645][DBG][ENCODE] encode: 0.53ms
[2022266657][DBG][CAPTURE] capture_frame: 11.87ms
[2022266657][DBG][ENCODE] encode: 0.61ms
[2022266668][DBG][CAPTURE] capture_frame: 11.00ms
[2022266669][DBG][ENCODE] encode: 0.65ms
[2022266681][DBG][CAPTURE] capture_frame: 11.55ms
[2022266682][DBG][ENCODE] encode: 0.55ms
[2022266693][DBG][CAPTURE] capture_frame: 10.87ms
[2022266693][DBG][ENCODE] encode: 0.65ms
[2022266705][DBG][CAPTURE] capture_frame: 11.20ms
[2022266705][DBG][ENCODE] encode: 0.56ms
[2022266718][DBG][CAPTURE] capture_frame: 12.35ms
[2022266719][DBG][ENCODE] encode: 0.63ms
[2022266729][DBG][CAPTURE] capture_frame: 10.35ms
[2022266730][DBG][ENCODE] encode: 0.48ms
[2022266741][DBG][CAPTURE] capture_frame: 11.28ms
[2022266742][DBG][ENCODE] encode: 0.52ms
[2022266753][DBG][CAPTURE] capture_frame: 11.04ms
[2022266754][DBG][ENCODE] encode: 0.56ms
[2022266766][DBG][CAPTURE] capture_frame: 12.09ms
[2022266767][DBG][ENCODE] encode: 0.67ms
[2022266777][DBG][CAPTURE] capture_frame: 10.31ms
[2022266778][DBG][ENCODE] encode: 0.62ms
[2022266790][DBG][CAPTURE] capture_frame: 11.41ms
[2022266790][DBG][ENCODE] encode: 0.66ms
[2022266802][DBG][CAPTURE] capture_frame: 11.47ms
[2022266803][DBG][ENCODE] encode: 0.66ms
[2022266814][DBG][CAPTURE] capture_frame: 11.08ms
[2022266815][DBG][ENCODE] encode: 0.55ms
[2022266826][DBG][CAPTURE] capture_frame: 11.29ms
[2022266827][DBG][ENCODE] encode: 0.53ms
[2022266839][DBG][CAPTURE] capture_frame: 11.79ms
[2022266839][DBG][ENCODE] encode: 0.53ms
[2022266850][DBG][CAPTURE] capture_frame: 10.95ms
[2022266851][DBG][ENCODE] encode: 0.39ms
[2022266866][DBG][CAPTURE] capture_frame: 14.59ms
[2022266882][DBG][CAPTURE] capture_frame: 16.25ms
[2022266894][DBG][CAPTURE] capture_frame: 12.06ms
[2022266895][DBG][ENCODE] encode: 0.65ms
[2022266921][DBG][CAPTURE] capture_frame: 26.38ms
[2022266948][DBG][CAPTURE] capture_frame: 26.84ms
[2022266949][DBG][ENCODE] encode: 0.75ms
[2022266965][DBG][CAPTURE] capture_frame: 15.88ms
[2022266995][DBG][CAPTURE] capture_frame: 29.71ms
[2022267002][DBG][CAPTURE] capture_frame: 7.21ms
[2022267003][DBG][ENCODE] encode: 0.86ms
[2022267020][DBG][CAPTURE] capture_frame: 17.07ms
[2022267047][DBG][CAPTURE] capture_frame: 26.83ms
[2022267057][DBG][CAPTURE] capture_frame: 9.96ms
[2022267059][DBG][ENCODE] encode: 1.04ms
[2022267078][DBG][CAPTURE] capture_frame: 17.86ms
[2022267105][DBG][CAPTURE] capture_frame: 26.87ms
[2022267118][DBG][CAPTURE] capture_frame: 13.02ms
[2022267119][DBG][ENCODE] encode: 0.74ms
[2022267134][DBG][CAPTURE] capture_frame: 14.56ms
[2022267164][DBG][CAPTURE] capture_frame: 30.24ms
[2022267191][DBG][CAPTURE] capture_frame: 27.05ms
[2022267192][DBG][ENCODE] encode: 0.98ms
[2022267203][DBG][CAPTURE] capture_frame: 10.86ms
[2022267204][DBG][ENCODE] encode: 0.61ms
[2022267220][DBG][CAPTURE] capture_frame: 15.75ms
[2022267249][DBG][CAPTURE] capture_frame: 28.75ms
[2022267275][DBG][CAPTURE] capture_frame: 26.49ms
[2022267276][DBG][CAPTURE] capture_frame: 0.59ms
[2022267277][DBG][ENCODE] encode: 0.63ms
[2022267300][DBG][CAPTURE] capture_frame: 23.13ms
[2022267301][DBG][ENCODE] encode: 0.73ms
[2022267319][DBG][CAPTURE] capture_frame: 17.75ms
[2022267346][DBG][CAPTURE] capture_frame: 27.30ms
[2022267361][DBG][CAPTURE] capture_frame: 15.02ms
[2022267362][DBG][ENCODE] encode: 0.68ms
[2022267376][DBG][CAPTURE] capture_frame: 13.80ms
[2022267407][DBG][CAPTURE] capture_frame: 30.72ms
[2022267421][DBG][CAPTURE] capture_frame: 14.52ms
[2022267422][DBG][ENCODE] encode: 0.61ms
[2022267448][DBG][CAPTURE] capture_frame: 25.49ms
[2022267475][DBG][CAPTURE] capture_frame: 27.32ms
[2022267488][DBG][CAPTURE] capture_frame: 12.91ms
[2022267489][DBG][ENCODE] encode: 0.83ms
[2022267504][DBG][CAPTURE] capture_frame: 14.57ms
[2022267534][DBG][CAPTURE] capture_frame: 30.24ms
[2022267549][DBG][CAPTURE] capture_frame: 14.74ms
[2022267550][DBG][ENCODE] encode: 0.80ms
[2022267575][DBG][CAPTURE] capture_frame: 24.40ms
[2022267597][DBG][CAPTURE] capture_frame: 22.78ms
[2022267598][DBG][ENCODE] encode: 0.63ms
[2022267619][DBG][CAPTURE] capture_frame: 20.83ms
[2022267628][DBG][CAPTURE] capture_frame: 8.49ms
[2022267628][DBG][ENCODE] encode: 0.59ms
[2022267644][DBG][CAPTURE] capture_frame: 15.36ms
[2022267652][DBG][CAPTURE] capture_frame: 7.53ms
[2022267652][DBG][ENCODE] encode: 0.74ms
[2022267672][DBG][CAPTURE] capture_frame: 19.82ms
[2022267689][DBG][CAPTURE] capture_frame: 16.33ms
[2022267705][DBG][CAPTURE] capture_frame: 15.94ms
[2022267719][DBG][CAPTURE] capture_frame: 13.52ms
[2022267719][DBG][ENCODE] encode: 0.69ms
[2022267737][DBG][CAPTURE] capture_frame: 17.46ms
[2022267753][DBG][CAPTURE] capture_frame: 16.35ms
[2022267770][DBG][CAPTURE] capture_frame: 16.18ms
[2022267779][DBG][CAPTURE] capture_frame: 9.42ms
[2022267780][DBG][ENCODE] encode: 0.83ms
[2022267798][DBG][CAPTURE] capture_frame: 17.71ms
[2022267814][DBG][CAPTURE] capture_frame: 16.25ms
[2022267830][DBG][CAPTURE] capture_frame: 16.14ms
[2022267840][DBG][CAPTURE] capture_frame: 9.52ms
[2022267841][DBG][ENCODE] encode: 0.66ms
[2022267859][DBG][CAPTURE] capture_frame: 17.87ms
[2022267885][DBG][CAPTURE] capture_frame: 25.71ms
[2022267894][DBG][CAPTURE] capture_frame: 9.51ms
[2022267895][DBG][ENCODE] encode: 0.73ms
[2022267913][DBG][CAPTURE] capture_frame: 17.99ms
[2022267942][DBG][CAPTURE] capture_frame: 28.67ms
[2022267968][DBG][CAPTURE] capture_frame: 25.72ms
[2022267968][DBG][CAPTURE] capture_frame: 0.24ms
[2022267969][DBG][ENCODE] encode: 0.81ms
[2022267997][DBG][CAPTURE] capture_frame: 27.79ms
[2022268022][DBG][CAPTURE] capture_frame: 24.76ms
[2022268023][DBG][ENCODE] encode: 0.71ms
[2022268039][DBG][CAPTURE] capture_frame: 16.02ms
[2022268064][DBG][CAPTURE] capture_frame: 24.83ms
[2022268089][DBG][CAPTURE] capture_frame: 25.21ms
[2022268090][DBG][ENCODE] encode: 0.74ms
[2022268107][DBG][CAPTURE] capture_frame: 16.29ms
[2022268135][DBG][CAPTURE] capture_frame: 28.52ms
[2022268150][DBG][CAPTURE] capture_frame: 14.54ms
[2022268150][DBG][ENCODE] encode: 0.59ms
[2022268169][DBG][CAPTURE] capture_frame: 18.82ms
[2022268170][DBG][ENCODE] encode: 0.65ms
[2022268187][DBG][CAPTURE] capture_frame: 16.74ms
[2022268211][DBG][CAPTURE] capture_frame: 23.76ms
[2022268212][DBG][ENCODE] encode: 0.65ms
[2022268228][DBG][CAPTURE] capture_frame: 16.13ms
[2022268244][DBG][CAPTURE] capture_frame: 16.28ms
[2022268275][DBG][CAPTURE] capture_frame: 30.28ms
[2022268283][DBG][CAPTURE] capture_frame: 8.37ms
[2022268284][DBG][ENCODE] encode: 0.58ms
[2022268284][INF][HOST] Frames: 120, FPS: 28.9, RTT: 30.8ms, state: connected
[2022268295][DBG][CAPTURE] capture_frame: 11.01ms
[2022268296][DBG][ENCODE] encode: 0.86ms
[2022268313][DBG][CAPTURE] capture_frame: 16.62ms
[2022268342][DBG][CAPTURE] capture_frame: 28.49ms
[2022268357][DBG][CAPTURE] capture_frame: 14.91ms
[2022268357][DBG][ENCODE] encode: 0.80ms
[2022268371][DBG][CAPTURE] capture_frame: 13.51ms
[2022268398][DBG][CAPTURE] capture_frame: 26.63ms
[2022268427][DBG][CAPTURE] capture_frame: 28.56ms
[2022268435][DBG][CAPTURE] capture_frame: 8.53ms
[2022268436][DBG][ENCODE] encode: 0.69ms
[2022268454][DBG][CAPTURE] capture_frame: 17.27ms
[2022268483][DBG][CAPTURE] capture_frame: 29.19ms
[2022268496][DBG][CAPTURE] capture_frame: 13.04ms
[2022268497][DBG][ENCODE] encode: 0.65ms
[2022268514][DBG][CAPTURE] capture_frame: 16.74ms
[2022268526][DBG][CAPTURE] capture_frame: 12.33ms
[2022268527][DBG][ENCODE] encode: 0.73ms
[2022268542][DBG][CAPTURE] capture_frame: 15.15ms
[2022268557][DBG][CAPTURE] capture_frame: 14.52ms
[2022268558][DBG][ENCODE] encode: 0.71ms
[2022268581][DBG][CAPTURE] capture_frame: 23.44ms
[2022268598][DBG][CAPTURE] capture_frame: 16.39ms
[2022268611][DBG][CAPTURE] capture_frame: 13.51ms
[2022268612][DBG][ENCODE] encode: 0.65ms
[2022268635][DBG][CAPTURE] capture_frame: 23.06ms
[2022268636][DBG][ENCODE] encode: 0.68ms
[2022268651][DBG][CAPTURE] capture_frame: 15.24ms
[2022268666][DBG][CAPTURE] capture_frame: 14.60ms
[2022268667][DBG][ENCODE] encode: 0.85ms
[2022268694][DBG][CAPTURE] capture_frame: 26.38ms
[2022268710][DBG][CAPTURE] capture_frame: 16.44ms
[2022268720][DBG][CAPTURE] capture_frame: 9.80ms
[2022268721][DBG][ENCODE] encode: 0.65ms
[2022268743][DBG][CAPTURE] capture_frame: 22.14ms
[2022268760][DBG][CAPTURE] capture_frame: 16.51ms
[2022268769][DBG][CAPTURE] capture_frame: 8.77ms
[2022268769][DBG][ENCODE] encode: 0.62ms
[2022268785][DBG][CAPTURE] capture_frame: 15.33ms
[2022268801][DBG][CAPTURE] capture_frame: 16.28ms
[2022268818][DBG][CAPTURE] capture_frame: 16.50ms
[2022268834][DBG][CAPTURE] capture_frame: 16.17ms
[2022268848][DBG][CAPTURE] capture_frame: 13.51ms
[2022268848][DBG][ENCODE] encode: 0.73ms
[2022268873][DBG][CAPTURE] capture_frame: 24.40ms
[2022268896][DBG][CAPTURE] capture_frame: 23.56ms
[2022268897][DBG][ENCODE] encode: 0.62ms
[2022268914][DBG][CAPTURE] capture_frame: 16.35ms
[2022268942][DBG][CAPTURE] capture_frame: 28.57ms
[2022268969][DBG][CAPTURE] capture_frame: 26.22ms
[2022268969][DBG][CAPTURE] capture_frame: 0.65ms
[2022268970][DBG][ENCODE] encode: 0.65ms
[2022268995][DBG][CAPTURE] capture_frame: 24.32ms
[2022269023][DBG][CAPTURE] capture_frame: 27.94ms
[2022269024][DBG][CAPTURE] capture_frame: 1.21ms
[2022269025][DBG][ENCODE] encode: 0.85ms
[2022269052][DBG][CAPTURE] capture_frame: 26.55ms
[2022269082][DBG][CAPTURE] capture_frame: 30.28ms
[2022269091][DBG][CAPTURE] capture_frame: 8.46ms
[2022269091][DBG][ENCODE] encode: 0.77ms
[2022269112][DBG][CAPTURE] capture_frame: 20.74ms
[2022269134][DBG][CAPTURE] capture_frame: 21.74ms
[2022269135][DBG][ENCODE] encode: 0.58ms
[2022269150][DBG][CAPTURE] capture_frame: 15.38ms
[2022269151][DBG][ENCODE] encode: 0.50ms
[2022269168][DBG][CAPTURE] capture_frame: 17.21ms
[2022269169][DBG][CAPTURE] capture_frame: 0.65ms
[2022269170][DBG][ENCODE] encode: 0.53ms
[2022269197][DBG][CAPTURE] capture_frame: 27.48ms
[2022269224][DBG][CAPTURE] capture_frame: 26.85ms
[2022269225][DBG][ENCODE] encode: 0.65ms
[2022269241][DBG][CAPTURE] capture_frame: 15.62ms
[2022269242][DBG][CAPTURE] capture_frame: 1.30ms
[2022269243][DBG][ENCODE] encode: 0.57ms
[2022269269][DBG][CAPTURE] capture_frame: 26.01ms
[2022269286][DBG][CAPTURE] capture_frame: 17.24ms
[2022269303][DBG][CAPTURE] capture_frame: 16.69ms
[2022269304][DBG][ENCODE] encode: 0.66ms
[2022269331][DBG][CAPTURE] capture_frame: 26.31ms
[2022269361][DBG][CAPTURE] capture_frame: 30.69ms
[2022269376][DBG][CAPTURE] capture_frame: 14.73ms
[2022269377][DBG][ENCODE] encode: 0.73ms
[2022269401][DBG][CAPTURE] capture_frame: 24.30ms
[2022269418][DBG][CAPTURE] capture_frame: 16.01ms
[2022269431][DBG][CAPTURE] capture_frame: 13.19ms
[2022269432][DBG][ENCODE] encode: 0.64ms
[2022269458][DBG][CAPTURE] capture_frame: 26.70ms
[2022269489][DBG][CAPTURE] capture_frame: 30.21ms
[2022269498][DBG][CAPTURE] capture_frame: 8.68ms
[2022269499][DBG][ENCODE] encode: 0.70ms
[2022269518][DBG][CAPTURE] capture_frame: 19.31ms
[2022269545][DBG][CAPTURE] capture_frame: 27.00ms
[2022269558][DBG][CAPTURE] capture_frame: 12.95ms
[2022269559][DBG][ENCODE] encode: 0.66ms
[2022269575][DBG][CAPTURE] capture_frame: 16.33ms
[2022269604][DBG][CAPTURE] capture_frame: 28.72ms
[2022269614][DBG][CAPTURE] capture_frame: 9.39ms
[2022269615][DBG][ENCODE] encode: 0.77ms
[2022269633][DBG][CAPTURE] capture_frame: 18.65ms
[2022269644][DBG][CAPTURE] capture_frame: 10.22ms
[2022269644][DBG][ENCODE] encode: 0.65ms
[2022269660][DBG][CAPTURE] capture_frame: 15.75ms
[2022269674][DBG][CAPTURE] capture_frame: 13.02ms
[2022269674][DBG][ENCODE] encode: 0.70ms
[2022269690][DBG][CAPTURE] capture_frame: 15.85ms
[2022269719][DBG][CAPTURE] capture_frame: 28.89ms
[2022269727][DBG][CAPTURE] capture_frame: 7.75ms
[2022269728][DBG][ENCODE] encode: 0.68ms
[2022269745][DBG][CAPTURE] capture_frame: 16.66ms
[2022269758][DBG][CAPTURE] capture_frame: 12.99ms
[2022269759][DBG][ENCODE] encode: 0.64ms
[2022269782][DBG][CAPTURE] capture_frame: 23.33ms
[2022269783][DBG][ENCODE] encode: 0.76ms
[2022269801][DBG][CAPTURE] capture_frame: 17.52ms
[2022269829][DBG][CAPTURE] capture_frame: 28.04ms
[2022269837][DBG][CAPTURE] capture_frame: 8.17ms
[2022269838][DBG][ENCODE] encode: 0.63ms
[2022269857][DBG][CAPTURE] capture_frame: 18.51ms
[2022269884][DBG][CAPTURE] capture_frame: 27.45ms
[2022269898][DBG][CAPTURE] capture_frame: 13.44ms
[2022269899][DBG][ENCODE] encode: 0.92ms
[2022269925][DBG][CAPTURE] capture_frame: 26.02ms
[2022269941][DBG][CAPTURE] capture_frame: 16.14ms
[2022269965][DBG][CAPTURE] capture_frame: 23.60ms
[2022269965][DBG][ENCODE] encode: 0.60ms
[2022269985][DBG][CAPTURE] capture_frame: 19.55ms
[2022270012][DBG][CAPTURE] capture_frame: 27.16ms
[2022270026][DBG][CAPTURE] capture_frame: 13.20ms
[2022270027][DBG][ENCODE] encode: 0.82ms
[2022270053][DBG][CAPTURE] capture_frame: 26.37ms
[2022270080][DBG][CAPTURE] capture_frame: 27.07ms
[2022270092][DBG][CAPTURE] capture_frame: 11.88ms
[2022270093][DBG][ENCODE] encode: 0.90ms
[2022270105][DBG][CAPTURE] capture_frame: 9.74ms
[2022270105][DBG][ENCODE] encode: 0.62ms
[2022270121][DBG][CAPTURE] capture_frame: 15.12ms
[2022270148][DBG][CAPTURE] capture_frame: 26.90ms
[2022270159][DBG][CAPTURE] capture_frame: 10.89ms
[2022270159][DBG][ENCODE] encode: 0.58ms
[2022270173][DBG][CAPTURE] capture_frame: 14.01ms
[2022270199][DBG][CAPTURE] capture_frame: 25.64ms
[2022270208][DBG][CAPTURE] capture_frame: 9.17ms
[2022270209][DBG][ENCODE] encode: 0.85ms
[2022270219][DBG][CAPTURE] capture_frame: 9.60ms
[2022270220][DBG][ENCODE] encode: 0.66ms
[2022270237][DBG][CAPTURE] capture_frame: 17.14ms
[2022270265][DBG][CAPTURE] capture_frame: 28.03ms
[2022270296][DBG][CAPTURE] capture_frame: 30.77ms
[2022270326][DBG][CAPTURE] capture_frame: 29.98ms
[2022270347][DBG][CAPTURE] capture_frame: 20.41ms
[2022270348][DBG][ENCODE] encode: 0.63ms
[2022270365][DBG][CAPTURE] capture_frame: 17.43ms
[2022270366][DBG][ENCODE] encode: 0.61ms
[2022270383][DBG][CAPTURE] capture_frame: 16.65ms
[2022270396][DBG][CAPTURE] capture_frame: 13.02ms
[2022270397][DBG][ENCODE] encode: 0.69ms
[2022270411][DBG][CAPTURE] capture_frame: 13.78ms
[2022270437][DBG][CAPTURE] capture_frame: 26.69ms
[2022270451][DBG][CAPTURE] capture_frame: 13.04ms
[2022270451][DBG][ENCODE] encode: 0.60ms
[2022270478][DBG][CAPTURE] capture_frame: 26.79ms
[2022270508][DBG][CAPTURE] capture_frame: 30.04ms
[2022270523][DBG][CAPTURE] capture_frame: 15.02ms
[2022270524][DBG][ENCODE] encode: 0.72ms
[2022270551][DBG][CAPTURE] capture_frame: 26.91ms
[2022270581][DBG][CAPTURE] capture_frame: 29.22ms
[2022270590][DBG][CAPTURE] capture_frame: 8.92ms
[2022270590][DBG][ENCODE] encode: 0.66ms
[2022270609][DBG][CAPTURE] capture_frame: 18.36ms
[2022270620][DBG][CAPTURE] capture_frame: 11.45ms
[2022270621][DBG][ENCODE] encode: 0.73ms
[2022270640][DBG][CAPTURE] capture_frame: 18.64ms
[2022270651][DBG][CAPTURE] capture_frame: 10.78ms
[2022270652][DBG][ENCODE] encode: 0.74ms
[2022270667][DBG][CAPTURE] capture_frame: 14.93ms
[2022270697][DBG][CAPTURE] capture_frame: 29.62ms
[2022270706][DBG][CAPTURE] capture_frame: 9.29ms
[2022270707][DBG][ENCODE] encode: 0.80ms
[2022270726][DBG][CAPTURE] capture_frame: 19.15ms
[2022270757][DBG][CAPTURE] capture_frame: 30.81ms
[2022270766][DBG][CAPTURE] capture_frame: 8.10ms
[2022270766][DBG][ENCODE] encode: 0.70ms
[2022270786][DBG][CAPTURE] capture_frame: 19.69ms
[2022270811][DBG][CAPTURE] capture_frame: 24.82ms
[2022270827][DBG][CAPTURE] capture_frame: 16.18ms
[2022270838][DBG][CAPTURE] capture_frame: 11.00ms
[2022270839][DBG][ENCODE] encode: 0.76ms
[2022270856][DBG][CAPTURE] capture_frame: 16.59ms
[2022270872][DBG][CAPTURE] capture_frame: 16.03ms
[2022270889][DBG][CAPTURE] capture_frame: 16.46ms
[2022270899][DBG][CAPTURE] capture_frame: 10.08ms
[2022270900][DBG][ENCODE] encode: 0.78ms
[2022270917][DBG][CAPTURE] capture_frame: 16.64ms
[2022270945][DBG][CAPTURE] capture_frame: 28.26ms
[2022270971][DBG][CAPTURE] capture_frame: 26.48ms
[2022270973][DBG][CAPTURE] capture_frame: 0.97ms
[2022270973][DBG][ENCODE] encode: 0.64ms
[2022271000][DBG][CAPTURE] capture_frame: 26.85ms
[2022271021][DBG][CAPTURE] capture_frame: 20.59ms
[2022271022][DBG][ENCODE] encode: 0.68ms
[2022271038][DBG][CAPTURE] capture_frame: 16.32ms
[2022271038][WRN][HostSession] Client timed out (5005ms)
[2022271038][INF][HOST] Client disconnected
