[2024441908][WRN][CAPTURE] DuplicateOutput1 failed: 0x887A0004, falling back
[2024441909][INF][CAPTURE] DuplicateOutput fallback: BGRA SDR
[2024441909][INF][CAPTURE] Initialized DXGI capture: 3440x1440 on monitor 0
[2024441909][INF][HOST] Capture: 3440x1440
[2024441913][INF][ENCODE] AMF loaded successfully
[2024441982][INF][ENCODE] AMF HEVC 10-bit encoder initialized: 3440x1440 @ 60 fps, 15000 kbps, SDR
[2024441983][INF][HostSession] Listening on port 9883
[2024441983][INF][HOST] Waiting for client on port 9883... (Ctrl+C to stop)
[2024441983][DBG][CAPTURE] capture_frame: 0.20ms
[2024442001][DBG][ENCODE] encode: 18.19ms
[2024442021][DBG][CAPTURE] capture_frame: 19.49ms
[2024442022][DBG][ENCODE] encode: 0.72ms
[2024442039][DBG][CAPTURE] capture_frame: 16.91ms
[2024442064][DBG][CAPTURE] capture_frame: 25.15ms
[2024442065][DBG][CAPTURE] capture_frame: 0.69ms
[2024442066][DBG][ENCODE] encode: 0.70ms
[2024442093][DBG][CAPTURE] capture_frame: 26.61ms
[2024442119][DBG][CAPTURE] capture_frame: 26.09ms
[2024442120][DBG][CAPTURE] capture_frame: 0.96ms
[2024442120][DBG][ENCODE] encode: 0.64ms
[2024442148][DBG][CAPTURE] capture_frame: 27.12ms
[2024442173][DBG][CAPTURE] capture_frame: 25.28ms
[2024442174][DBG][CAPTURE] capture_frame: 1.31ms
[2024442175][DBG][ENCODE] encode: 0.71ms
[2024442189][DBG][CAPTURE] capture_frame: 14.29ms
[2024442200][DBG][CAPTURE] capture_frame: 10.15ms
[2024442200][DBG][ENCODE] encode: 0.62ms
[2024442219][DBG][CAPTURE] capture_frame: 19.04ms
[2024442241][DBG][CAPTURE] capture_frame: 21.37ms
[2024442242][DBG][ENCODE] encode: 0.76ms
[2024442263][DBG][CAPTURE] capture_frame: 20.93ms
[2024442293][DBG][CAPTURE] capture_frame: 30.27ms
[2024442302][DBG][CAPTURE] capture_frame: 8.72ms
[2024442303][DBG][ENCODE] encode: 0.92ms
[2024442318][DBG][CAPTURE] capture_frame: 15.21ms
[2024442344][DBG][CAPTURE] capture_frame: 25.53ms
[2024442368][DBG][CAPTURE] capture_frame: 24.16ms
[2024442369][DBG][ENCODE] encode: 0.70ms
[2024442398][DBG][CAPTURE] capture_frame: 29.17ms
[2024442427][DBG][CAPTURE] capture_frame: 28.58ms
[2024442441][DBG][CAPTURE] capture_frame: 14.60ms
[2024442442][DBG][ENCODE] encode: 0.57ms
[2024442456][DBG][CAPTURE] capture_frame: 14.36ms
[2024442482][DBG][CAPTURE] capture_frame: 25.57ms
[2024442496][DBG][CAPTURE] capture_frame: 13.70ms
[2024442496][DBG][ENCODE] encode: 0.56ms
[2024442511][DBG][CAPTURE] capture_frame: 14.65ms
[2024442537][DBG][CAPTURE] capture_frame: 26.42ms
[2024442554][DBG][CAPTURE] capture_frame: 16.52ms
[2024442569][DBG][CAPTURE] capture_frame: 14.53ms
[2024442569][DBG][ENCODE] encode: 0.74ms
[2024442593][DBG][CAPTURE] capture_frame: 23.57ms
[2024442620][DBG][CAPTURE] capture_frame: 26.91ms
[2024442629][DBG][CAPTURE] capture_frame: 8.93ms
[2024442630][DBG][ENCODE] encode: 0.62ms
[2024442646][DBG][CAPTURE] capture_frame: 15.91ms
[2024442676][DBG][CAPTURE] capture_frame: 29.73ms
[2024442690][DBG][CAPTURE] capture_frame: 14.07ms
[2024442690][DBG][ENCODE] encode: 0.78ms
[2024442714][DBG][CAPTURE] capture_frame: 23.43ms
[2024442715][DBG][ENCODE] encode: 0.62ms
[2024442731][DBG][CAPTURE] capture_frame: 16.18ms
[2024442745][DBG][CAPTURE] capture_frame: 13.51ms
[2024442745][DBG][ENCODE] encode: 0.67ms
[2024442772][DBG][CAPTURE] capture_frame: 27.12ms
[2024442788][DBG][CAPTURE] capture_frame: 15.75ms
[2024442811][DBG][CAPTURE] capture_frame: 22.60ms
[2024442812][DBG][ENCODE] encode: 0.67ms
[2024442830][DBG][CAPTURE] capture_frame: 18.20ms
[2024442846][DBG][CAPTURE] capture_frame: 16.45ms
[2024442875][DBG][CAPTURE] capture_frame: 28.48ms
[2024442884][DBG][CAPTURE] capture_frame: 9.38ms
[2024442885][DBG][ENCODE] encode: 0.71ms
[2024442901][DBG][CAPTURE] capture_frame: 16.15ms
[2024442918][DBG][CAPTURE] capture_frame: 16.24ms
[2024442944][DBG][CAPTURE] capture_frame: 26.05ms
[2024442945][DBG][CAPTURE] capture_frame: 1.52ms
[2024442946][DBG][ENCODE] encode: 0.90ms
[2024442973][DBG][CAPTURE] capture_frame: 26.42ms
[2024443003][DBG][CAPTURE] capture_frame: 30.22ms
[2024443012][DBG][CAPTURE] capture_frame: 8.41ms
[2024443012][DBG][ENCODE] encode: 0.66ms
[2024443033][DBG][CAPTURE] capture_frame: 20.69ms
[2024443060][DBG][CAPTURE] capture_frame: 26.77ms
[2024443072][DBG][CAPTURE] capture_frame: 11.86ms
[2024443073][DBG][ENCODE] encode: 0.74ms
[2024443103][DBG][CAPTURE] capture_frame: 29.81ms
[2024443131][DBG][CAPTURE] capture_frame: 28.23ms
[2024443139][DBG][CAPTURE] capture_frame: 7.96ms
[2024443140][DBG][ENCODE] encode: 0.97ms
[2024443160][DBG][CAPTURE] capture_frame: 20.35ms
[2024443164][DBG][CAPTURE] capture_frame: 3.70ms
[2024443165][DBG][ENCODE] encode: 0.62ms
[2024443180][DBG][CAPTURE] capture_frame: 15.46ms
[2024443181][DBG][ENCODE] encode: 0.50ms
[2024443198][DBG][CAPTURE] capture_frame: 17.31ms
[2024443200][DBG][CAPTURE] capture_frame: 1.13ms
[2024443200][DBG][ENCODE] encode: 0.53ms
[2024443224][DBG][CAPTURE] capture_frame: 23.40ms
[2024443251][DBG][CAPTURE] capture_frame: 27.77ms
[2024443267][DBG][CAPTURE] capture_frame: 15.71ms
[2024443279][DBG][CAPTURE] capture_frame: 11.61ms
[2024443279][DBG][ENCODE] encode: 0.61ms
[2024443294][DBG][CAPTURE] capture_frame: 14.36ms
[2024443322][DBG][CAPTURE] capture_frame: 27.64ms
[2024443322][DBG][ENCODE] encode: 0.68ms
[2024443337][DBG][CAPTURE] capture_frame: 14.72ms
[2024443367][DBG][CAPTURE] capture_frame: 30.34ms
[2024443394][DBG][CAPTURE] capture_frame: 26.28ms
[2024443394][DBG][CAPTURE] capture_frame: 0.51ms
[2024443395][DBG][ENCODE] encode: 0.60ms
[2024443422][DBG][CAPTURE] capture_frame: 26.94ms
[2024443448][DBG][CAPTURE] capture_frame: 26.22ms
[2024443449][DBG][ENCODE] encode: 0.54ms
[2024443469][DBG][CAPTURE] capture_frame: 19.99ms
[2024443485][DBG][CAPTURE] capture_frame: 16.35ms
[2024443516][DBG][CAPTURE] capture_frame: 30.12ms
[2024443516][DBG][ENCODE] encode: 0.67ms
[2024443543][DBG][CAPTURE] capture_frame: 26.84ms
[2024443546][DBG][CAPTURE] capture_frame: 2.36ms
[2024443547][DBG][ENCODE] encode: 0.84ms
[2024443570][DBG][CAPTURE] capture_frame: 23.38ms
[2024443571][DBG][CAPTURE] capture_frame: 0.44ms
[2024443571][DBG][ENCODE] encode: 0.69ms
[2024443587][DBG][CAPTURE] capture_frame: 15.35ms
[2024443616][DBG][CAPTURE] capture_frame: 29.49ms
[2024443642][DBG][CAPTURE] capture_frame: 25.74ms
[2024443643][DBG][CAPTURE] capture_frame: 1.13ms
[2024443644][DBG][ENCODE] encode: 0.55ms
[2024443658][DBG][CAPTURE] capture_frame: 14.30ms
[2024443688][DBG][CAPTURE] capture_frame: 29.21ms
[2024443697][DBG][CAPTURE] capture_frame: 9.69ms
[2024443698][DBG][ENCODE] encode: 0.59ms
[2024443715][DBG][CAPTURE] capture_frame: 17.20ms
[2024443742][DBG][CAPTURE] capture_frame: 26.21ms
[2024443764][DBG][CAPTURE] capture_frame: 22.44ms
[2024443765][DBG][ENCODE] encode: 0.55ms
[2024443782][DBG][CAPTURE] capture_frame: 17.42ms
[2024443798][DBG][CAPTURE] capture_frame: 16.28ms
[2024443815][DBG][CAPTURE] capture_frame: 16.32ms
[2024443843][DBG][CAPTURE] capture_frame: 28.11ms
[2024443844][DBG][ENCODE] encode: 0.56ms
[2024443857][DBG][CAPTURE] capture_frame: 12.91ms
[2024443885][DBG][CAPTURE] capture_frame: 28.25ms
[2024443902][DBG][CAPTURE] capture_frame: 16.99ms
[2024443905][DBG][CAPTURE] capture_frame: 3.25ms
[2024443906][DBG][ENCODE] encode: 0.73ms
[2024443924][DBG][CAPTURE] capture_frame: 17.86ms
[2024443925][DBG][ENCODE] encode: 0.60ms
[2024443944][DBG][CAPTURE] capture_frame: 19.34ms
[2024443955][DBG][CAPTURE] capture_frame: 11.18ms
[2024443957][DBG][ENCODE] encode: 1.17ms
[2024443969][DBG][CAPTURE] capture_frame: 12.06ms
[2024443970][DBG][ENCODE] encode: 0.87ms
[2024443970][INF][HostSession] Client connected from 127.0.0.1:55461
[2024443988][DBG][CAPTURE] capture_frame: 17.96ms
[2024443988][DBG][CAPTURE] capture_frame: 0.46ms
[2024443989][INF][HOST] IDR requested for new client
[2024443989][DBG][ENCODE] encode: 0.85ms
[2024444019][DBG][CAPTURE] capture_frame: 29.10ms
[2024444019][DBG][CAPTURE] capture_frame: 0.26ms
[2024444020][DBG][ENCODE] encode: 0.92ms
[2024444047][DBG][CAPTURE] capture_frame: 25.75ms
[2024444049][DBG][ENCODE] encode: 1.01ms
[2024444065][DBG][CAPTURE] capture_frame: 15.88ms
[2024444066][DBG][ENCODE] encode: 1.10ms
[2024444087][DBG][CAPTURE] capture_frame: 20.27ms
[2024444088][DBG][ENCODE] encode: 0.86ms
[2024444102][DBG][CAPTURE] capture_frame: 13.85ms
[2024444119][DBG][CAPTURE] capture_frame: 16.24ms
[2024444120][DBG][ENCODE] encode: 1.12ms
[2024444138][DBG][CAPTURE] capture_frame: 17.59ms
[2024444139][DBG][ENCODE] encode: 0.80ms
[2024444158][DBG][CAPTURE] capture_frame: 18.93ms
[2024444167][DBG][CAPTURE] capture_frame: 8.39ms
[2024444168][DBG][ENCODE] encode: 1.31ms
[2024444185][DBG][CAPTURE] capture_frame: 16.65ms
[2024444185][DBG][CAPTURE] capture_frame: 0.19ms
[2024444186][DBG][ENCODE] encode: 0.59ms
[2024444207][DBG][CAPTURE] capture_frame: 21.28ms
[2024444208][DBG][ENCODE] encode: 0.59ms
[2024444219][DBG][CAPTURE] capture_frame: 10.81ms
[2024444219][DBG][ENCODE] encode: 0.44ms
[2024444231][DBG][CAPTURE] capture_frame: 11.52ms
[2024444232][DBG][ENCODE] encode: 0.41ms
[2024444244][DBG][CAPTURE] capture_frame: 12.09ms
[2024444244][DBG][ENCODE] encode: 0.51ms
[2024444256][DBG][CAPTURE] capture_frame: 11.00ms
[2024444256][DBG][ENCODE] encode: 0.44ms
[2024444268][DBG][CAPTURE] capture_frame: 11.48ms
[2024444268][DBG][ENCODE] encode: 0.53ms
[2024444280][DBG][CAPTURE] capture_frame: 11.26ms
[2024444280][DBG][ENCODE] encode: 0.45ms
[2024444292][DBG][CAPTURE] capture_frame: 11.39ms
[2024444292][DBG][ENCODE] encode: 0.41ms
[2024444304][DBG][CAPTURE] capture_frame: 11.84ms
[2024444305][DBG][ENCODE] encode: 0.64ms
[2024444316][DBG][CAPTURE] capture_frame: 11.05ms
[2024444317][DBG][ENCODE] encode: 0.45ms
[2024444328][DBG][CAPTURE] capture_frame: 11.46ms
[2024444329][DBG][ENCODE] encode: 0.42ms
[2024444340][DBG][CAPTURE] capture_frame: 11.55ms
[2024444341][DBG][ENCODE] encode: 0.41ms
[2024444341][INF][HOST] Frames: 60, FPS: 25.4, RTT: 18.1ms, state: connected
[2024444353][DBG][CAPTURE] capture_frame: 11.61ms
[2024444353][DBG][ENCODE] encode: 0.48ms
[2024444365][DBG][CAPTURE] capture_frame: 11.67ms
[2024444366][DBG][ENCODE] encode: 0.62ms
[2024444377][DBG][CAPTURE] capture_frame: 11.41ms
[2024444378][DBG][ENCODE] encode: 0.52ms
[2024444389][DBG][CAPTURE] capture_frame: 11.11ms
[2024444389][DBG][ENCODE] encode: 0.40ms
[2024444401][DBG][CAPTURE] capture_frame: 11.41ms
[2024444401][DBG][ENCODE] encode: 0.42ms
[2024444413][DBG][CAPTURE] capture_frame: 11.24ms
[2024444413][DBG][ENCODE] encode: 0.45ms
[2024444426][DBG][CAPTURE] capture_frame: 12.54ms
[2024444427][DBG][ENCODE] encode: 0.60ms
[2024444441][DBG][CAPTURE] capture_frame: 14.31ms
[2024444464][DBG][CAPTURE] capture_frame: 22.56ms
[2024444464][DBG][ENCODE] encode: 0.64ms
[2024444475][DBG][CAPTURE] capture_frame: 10.37ms
[2024444476][DBG][ENCODE] encode: 0.57ms
[2024444487][DBG][CAPTURE] capture_frame: 11.16ms
[2024444488][DBG][ENCODE] encode: 0.56ms
[2024444498][DBG][CAPTURE] capture_frame: 10.76ms
[2024444499][DBG][ENCODE] encode: 0.54ms
[2024444511][DBG][CAPTURE] capture_frame: 11.58ms
[2024444511][DBG][ENCODE] encode: 0.48ms
[2024444523][DBG][CAPTURE] capture_frame: 11.78ms
[2024444524][DBG][ENCODE] encode: 0.50ms
[2024444535][DBG][CAPTURE] capture_frame: 11.55ms
[2024444536][DBG][ENCODE] encode: 0.72ms
[2024444548][DBG][CAPTURE] capture_frame: 11.51ms
[2024444549][DBG][ENCODE] encode: 0.72ms
[2024444560][DBG][CAPTURE] capture_frame: 10.62ms
[2024444560][DBG][ENCODE] encode: 0.75ms
[2024444572][DBG][CAPTURE] capture_frame: 11.36ms
[2024444573][DBG][ENCODE] encode: 0.56ms
[2024444584][DBG][CAPTURE] capture_frame: 11.10ms
[2024444584][DBG][ENCODE] encode: 0.58ms
[2024444596][DBG][CAPTURE] capture_frame: 11.09ms
[2024444596][DBG][ENCODE] encode: 0.52ms
[2024444608][DBG][CAPTURE] capture_frame: 11.67ms
[2024444609][DBG][ENCODE] encode: 0.65ms
[2024444620][DBG][CAPTURE] capture_frame: 10.75ms
[2024444620][DBG][ENCODE] encode: 0.41ms
[2024444632][DBG][CAPTURE] capture_frame: 11.72ms
[2024444633][DBG][ENCODE] encode: 0.52ms
[2024444645][DBG][CAPTURE] capture_frame: 11.77ms
[2024444645][DBG][ENCODE] encode: 0.64ms
[2024444657][DBG][CAPTURE] capture_frame: 11.41ms
[2024444657][DBG][ENCODE] encode: 0.61ms
[2024444669][DBG][CAPTURE] capture_frame: 10.86ms
[2024444669][DBG][ENCODE] encode: 0.57ms
[2024444681][DBG][CAPTURE] capture_frame: 11.31ms
[2024444681][DBG][ENCODE] encode: 0.41ms
[2024444693][DBG][CAPTURE] capture_frame: 11.53ms
[2024444693][DBG][ENCODE] encode: 0.58ms
[2024444705][DBG][CAPTURE] capture_frame: 11.36ms
[2024444706][DBG][ENCODE] encode: 0.55ms
[2024444718][DBG][CAPTURE] capture_frame: 12.14ms
[2024444718][DBG][ENCODE] encode: 0.59ms
[2024444730][DBG][CAPTURE] capture_frame: 10.93ms
[2024444730][DBG][ENCODE] encode: 0.61ms
[2024444742][DBG][CAPTURE] capture_frame: 11.28ms
[2024444742][DBG][ENCODE] encode: 0.57ms
[2024444754][DBG][CAPTURE] capture_frame: 11.16ms
[2024444755][DBG][ENCODE] encode: 0.75ms
[2024444766][DBG][CAPTURE] capture_frame: 11.11ms
[2024444767][DBG][ENCODE] encode: 0.70ms
[2024444778][DBG][CAPTURE] capture_frame: 11.00ms
[2024444778][DBG][ENCODE] encode: 0.61ms
[2024444790][DBG][CAPTURE] capture_frame: 11.15ms
[2024444790][DBG][ENCODE] encode: 0.49ms
[2024444801][DBG][CAPTURE] capture_frame: 10.92ms
[2024444802][DBG][ENCODE] encode: 0.51ms
[2024444824][DBG][CAPTURE] capture_frame: 21.52ms
[2024444838][DBG][CAPTURE] capture_frame: 14.60ms
[2024444839][DBG][ENCODE] encode: 0.62ms
[2024444864][DBG][CAPTURE] capture_frame: 25.05ms
[2024444887][DBG][CAPTURE] capture_frame: 22.50ms
[2024444888][DBG][ENCODE] encode: 0.65ms
[2024444915][DBG][CAPTURE] capture_frame: 27.67ms
[2024444941][DBG][CAPTURE] capture_frame: 25.95ms
[2024444942][DBG][CAPTURE] capture_frame: 0.91ms
[2024444943][DBG][ENCODE] encode: 0.67ms
[2024444970][DBG][CAPTURE] capture_frame: 26.58ms
[2024444997][DBG][CAPTURE] capture_frame: 26.62ms
[2024444997][DBG][CAPTURE] capture_frame: 0.07ms
[2024444997][DBG][ENCODE] encode: 0.61ms
[2024445026][DBG][CAPTURE] capture_frame: 27.96ms
[2024445055][DBG][CAPTURE] capture_frame: 29.24ms
[2024445063][DBG][CAPTURE] capture_frame: 8.43ms
[2024445064][DBG][ENCODE] encode: 0.85ms
[2024445077][DBG][CAPTURE] capture_frame: 9.33ms
[2024445077][DBG][ENCODE] encode: 0.49ms
[2024445093][DBG][CAPTURE] capture_frame: 15.79ms
[2024445109][DBG][CAPTURE] capture_frame: 16.36ms
[2024445125][DBG][CAPTURE] capture_frame: 15.70ms
[2024445126][DBG][ENCODE] encode: 0.85ms
[2024445152][DBG][CAPTURE] capture_frame: 25.22ms
[2024445179][DBG][CAPTURE] capture_frame: 27.14ms
[2024445180][DBG][ENCODE] encode: 0.58ms
[2024445194][DBG][CAPTURE] capture_frame: 14.23ms
[2024445221][DBG][CAPTURE] capture_frame: 27.12ms
[2024445245][DBG][CAPTURE] capture_frame: 23.91ms
[2024445246][DBG][ENCODE] encode: 0.76ms
[2024445263][DBG][CAPTURE] capture_frame: 16.73ms
[2024445289][DBG][CAPTURE] capture_frame: 25.97ms
[2024445316][DBG][CAPTURE] capture_frame: 27.17ms
[2024445319][DBG][CAPTURE] capture_frame: 2.39ms
[2024445319][DBG][ENCODE] encode: 0.57ms
[2024445342][DBG][CAPTURE] capture_frame: 22.59ms
[2024445343][DBG][ENCODE] encode: 0.77ms
[2024445370][DBG][CAPTURE] capture_frame: 26.85ms
[2024445372][DBG][CAPTURE] capture_frame: 2.08ms
[2024445373][DBG][ENCODE] encode: 0.67ms
[2024445398][DBG][CAPTURE] capture_frame: 25.12ms
[2024445424][DBG][CAPTURE] capture_frame: 25.96ms
[2024445439][DBG][CAPTURE] capture_frame: 14.84ms
[2024445440][DBG][ENCODE] encode: 0.81ms
[2024445468][DBG][CAPTURE] capture_frame: 28.05ms
[2024445494][DBG][CAPTURE] capture_frame: 24.97ms
[2024445512][DBG][CAPTURE] capture_frame: 18.57ms
[2024445513][DBG][ENCODE] encode: 0.58ms
[2024445535][DBG][CAPTURE] capture_frame: 21.80ms
[2024445564][DBG][CAPTURE] capture_frame: 29.14ms
[2024445585][DBG][CAPTURE] capture_frame: 21.05ms
[2024445586][DBG][ENCODE] encode: 0.65ms
[2024445596][DBG][CAPTURE] capture_frame: 10.30ms
[2024445597][DBG][ENCODE] encode: 0.45ms
[2024445618][DBG][CAPTURE] capture_frame: 21.38ms
[2024445646][DBG][CAPTURE] capture_frame: 27.92ms
[2024445647][DBG][ENCODE] encode: 0.64ms
[2024445665][DBG][CAPTURE] capture_frame: 18.03ms
[2024445690][DBG][CAPTURE] capture_frame: 25.13ms
[2024445712][DBG][CAPTURE] capture_frame: 21.80ms
[2024445713][DBG][ENCODE] encode: 0.59ms
[2024445729][DBG][CAPTURE] capture_frame: 15.63ms
[2024445755][DBG][CAPTURE] capture_frame: 25.57ms
[2024445767][DBG][CAPTURE] capture_frame: 12.52ms
[2024445768][DBG][ENCODE] encode: 0.71ms
[2024445794][DBG][CAPTURE] capture_frame: 25.67ms
[2024445822][DBG][CAPTURE] capture_frame: 27.71ms
[2024445822][DBG][ENCODE] encode: 0.67ms
[2024445848][DBG][CAPTURE] capture_frame: 24.97ms
[2024445876][DBG][CAPTURE] capture_frame: 27.90ms
[2024445876][DBG][CAPTURE] capture_frame: 0.66ms
[2024445877][DBG][ENCODE] encode: 0.69ms
[2024445892][DBG][CAPTURE] capture_frame: 15.18ms
[2024445923][DBG][CAPTURE] capture_frame: 30.43ms
[2024445937][DBG][CAPTURE] capture_frame: 14.37ms
[2024445938][DBG][ENCODE] encode: 0.76ms
[2024445961][DBG][CAPTURE] capture_frame: 23.11ms
[2024445962][DBG][ENCODE] encode: 0.71ms
[2024445987][DBG][CAPTURE] capture_frame: 24.34ms
[2024445988][DBG][ENCODE] encode: 0.76ms
[2024445988][INF][HOST] Frames: 120, FPS: 30.0, RTT: 18.1ms, state: connected
[2024446013][DBG][CAPTURE] capture_frame: 25.77ms
[2024446036][DBG][CAPTURE] capture_frame: 21.89ms
[2024446036][DBG][ENCODE] encode: 0.61ms
[2024446051][DBG][CAPTURE] capture_frame: 15.04ms
[2024446052][DBG][ENCODE] encode: 0.59ms
[2024446069][DBG][CAPTURE] capture_frame: 17.15ms
[2024446095][DBG][CAPTURE] capture_frame: 25.40ms
[2024446096][DBG][ENCODE] encode: 0.65ms
[2024446112][DBG][CAPTURE] capture_frame: 16.60ms
[2024446139][DBG][CAPTURE] capture_frame: 26.45ms
[2024446150][DBG][CAPTURE] capture_frame: 11.14ms
[2024446151][DBG][ENCODE] encode: 0.59ms
[2024446166][DBG][CAPTURE] capture_frame: 14.87ms
[2024446191][DBG][CAPTURE] capture_frame: 24.94ms
[2024446207][DBG][CAPTURE] capture_frame: 16.46ms
[2024446217][DBG][CAPTURE] capture_frame: 9.48ms
[2024446218][DBG][ENCODE] encode: 0.95ms
[2024446236][DBG][CAPTURE] capture_frame: 18.36ms
[2024446262][DBG][CAPTURE] capture_frame: 25.81ms
[2024446272][DBG][CAPTURE] capture_frame: 9.42ms
[2024446273][DBG][ENCODE] encode: 0.78ms
[2024446288][DBG][CAPTURE] capture_frame: 15.52ms
[2024446305][DBG][CAPTURE] capture_frame: 16.68ms
[2024446332][DBG][CAPTURE] capture_frame: 26.55ms
[2024446344][DBG][CAPTURE] capture_frame: 11.80ms
[2024446345][DBG][ENCODE] encode: 0.75ms
[2024446359][DBG][CAPTURE] capture_frame: 14.41ms
[2024446385][DBG][CAPTURE] capture_frame: 25.62ms
[2024446399][DBG][CAPTURE] capture_frame: 13.60ms
[2024446399][DBG][ENCODE] encode: 0.61ms
[2024446414][DBG][CAPTURE] capture_frame: 14.30ms
[2024446441][DBG][CAPTURE] capture_frame: 26.98ms
[2024446465][DBG][CAPTURE] capture_frame: 24.30ms
[2024446466][DBG][ENCODE] encode: 0.68ms
[2024446485][DBG][CAPTURE] capture_frame: 19.16ms
[2024446513][DBG][CAPTURE] capture_frame: 28.04ms
[2024446532][DBG][CAPTURE] capture_frame: 18.70ms
[2024446533][DBG][ENCODE] encode: 0.67ms
[2024446554][DBG][CAPTURE] capture_frame: 20.84ms
[2024446580][DBG][CAPTURE] capture_frame: 25.65ms
[2024446593][DBG][CAPTURE] capture_frame: 13.17ms
[2024446594][DBG][ENCODE] encode: 0.58ms
[2024446604][DBG][CAPTURE] capture_frame: 10.03ms
[2024446604][DBG][ENCODE] encode: 0.42ms
[2024446620][DBG][CAPTURE] capture_frame: 15.18ms
[2024446645][DBG][CAPTURE] capture_frame: 25.62ms
[2024446660][DBG][CAPTURE] capture_frame: 14.24ms
[2024446660][DBG][ENCODE] encode: 0.64ms
[2024446684][DBG][CAPTURE] capture_frame: 23.32ms
[2024446708][DBG][CAPTURE] capture_frame: 23.64ms
[2024446708][DBG][ENCODE] encode: 0.47ms
[2024446724][DBG][CAPTURE] capture_frame: 15.29ms
[2024446754][DBG][CAPTURE] capture_frame: 30.41ms
[2024446769][DBG][CAPTURE] capture_frame: 14.39ms
[2024446769][DBG][ENCODE] encode: 0.61ms
[2024446795][DBG][CAPTURE] capture_frame: 25.43ms
[2024446812][DBG][CAPTURE] capture_frame: 16.80ms
[2024446823][DBG][CAPTURE] capture_frame: 11.29ms
[2024446824][DBG][ENCODE] encode: 0.82ms
[2024446841][DBG][CAPTURE] capture_frame: 16.24ms
[2024446867][DBG][CAPTURE] capture_frame: 26.01ms
[2024446890][DBG][CAPTURE] capture_frame: 23.15ms
[2024446891][DBG][ENCODE] encode: 0.61ms
[2024446907][DBG][CAPTURE] capture_frame: 15.80ms
[2024446933][DBG][CAPTURE] capture_frame: 26.22ms
[2024446945][DBG][CAPTURE] capture_frame: 11.52ms
[2024446945][DBG][ENCODE] encode: 0.70ms
[2024446963][DBG][CAPTURE] capture_frame: 16.92ms
[2024446991][DBG][CAPTURE] capture_frame: 28.14ms
[2024447012][DBG][CAPTURE] capture_frame: 21.65ms
[2024447013][DBG][ENCODE] encode: 0.75ms
[2024447029][DBG][CAPTURE] capture_frame: 15.36ms
[2024447030][DBG][ENCODE] encode: 0.69ms
[2024447059][DBG][CAPTURE] capture_frame: 29.21ms
[2024447073][DBG][CAPTURE] capture_frame: 13.76ms
[2024447073][DBG][ENCODE] encode: 0.66ms
[2024447102][DBG][CAPTURE] capture_frame: 28.02ms
[2024447128][DBG][CAPTURE] capture_frame: 25.92ms
[2024447128][DBG][ENCODE] encode: 0.60ms
[2024447144][DBG][CAPTURE] capture_frame: 15.71ms
[2024447146][DBG][CAPTURE] capture_frame: 1.41ms
[2024447146][DBG][ENCODE] encode: 0.58ms
[2024447171][DBG][CAPTURE] capture_frame: 24.14ms
[2024447193][DBG][CAPTURE] capture_frame: 22.51ms
[2024447194][DBG][ENCODE] encode: 0.53ms
[2024447213][DBG][CAPTURE] capture_frame: 18.43ms
[2024447229][DBG][CAPTURE] capture_frame: 16.35ms
[2024447245][DBG][CAPTURE] capture_frame: 16.26ms
[2024447261][DBG][CAPTURE] capture_frame: 15.58ms
[2024447262][DBG][ENCODE] encode: 0.57ms
[2024447289][DBG][CAPTURE] capture_frame: 26.85ms
[2024447318][DBG][CAPTURE] capture_frame: 29.57ms
[2024447334][DBG][CAPTURE] capture_frame: 16.09ms
[2024447362][DBG][CAPTURE] capture_frame: 27.84ms
[2024447377][DBG][CAPTURE] capture_frame: 14.20ms
[2024447378][DBG][ENCODE] encode: 0.85ms
[2024447402][DBG][CAPTURE] capture_frame: 24.15ms
[2024447430][DBG][CAPTURE] capture_frame: 28.16ms
[2024447431][DBG][ENCODE] encode: 0.64ms
[2024447447][DBG][CAPTURE] capture_frame: 16.14ms
[2024447475][DBG][CAPTURE] capture_frame: 27.54ms
[2024447491][DBG][CAPTURE] capture_frame: 16.37ms
[2024447492][DBG][ENCODE] encode: 0.79ms
[2024447519][DBG][CAPTURE] capture_frame: 26.28ms
[2024447544][DBG][CAPTURE] capture_frame: 25.31ms
[2024447546][DBG][CAPTURE] capture_frame: 1.77ms
[2024447547][DBG][ENCODE] encode: 0.90ms
[2024447560][DBG][CAPTURE] capture_frame: 13.22ms
[2024447586][DBG][CAPTURE] capture_frame: 25.42ms
[2024447595][DBG][CAPTURE] capture_frame: 9.02ms
[2024447596][DBG][ENCODE] encode: 0.72ms
[2024447614][DBG][CAPTURE] capture_frame: 17.89ms
[2024447625][DBG][CAPTURE] capture_frame: 11.49ms
[2024447626][DBG][ENCODE] encode: 0.69ms
[2024447642][DBG][CAPTURE] capture_frame: 16.11ms
[2024447655][DBG][CAPTURE] capture_frame: 13.22ms
[2024447656][DBG][ENCODE] encode: 0.64ms
[2024447685][DBG][CAPTURE] capture_frame: 28.42ms
[2024447710][DBG][CAPTURE] capture_frame: 24.77ms
[2024447710][DBG][ENCODE] encode: 0.64ms
[2024447727][DBG][CAPTURE] capture_frame: 16.13ms
[2024447743][DBG][CAPTURE] capture_frame: 16.55ms
[2024447772][DBG][CAPTURE] capture_frame: 28.56ms
[2024447782][DBG][CAPTURE] capture_frame: 10.14ms
[2024447783][DBG][ENCODE] encode: 0.61ms
[2024447797][DBG][CAPTURE] capture_frame: 13.77ms
[2024447806][DBG][CAPTURE] capture_frame: 9.51ms
[2024447807][DBG][ENCODE] encode: 0.59ms
[2024447830][DBG][CAPTURE] capture_frame: 22.41ms
[2024447843][DBG][CAPTURE] capture_frame: 13.28ms
[2024447844][DBG][ENCODE] encode: 0.90ms
[2024447859][DBG][CAPTURE] capture_frame: 14.93ms
[2024447875][DBG][CAPTURE] capture_frame: 16.13ms
[2024447892][DBG][CAPTURE] capture_frame: 16.80ms
[2024447904][DBG][CAPTURE] capture_frame: 11.21ms
[2024447904][DBG][ENCODE] encode: 0.64ms
[2024447918][DBG][CAPTURE] capture_frame: 14.00ms
[2024447945][DBG][CAPTURE] capture_frame: 26.96ms
[2024447970][DBG][CAPTURE] capture_frame: 24.82ms
[2024447971][DBG][ENCODE] encode: 0.59ms
[2024447982][DBG][CAPTURE] capture_frame: 10.85ms
[2024447983][DBG][ENCODE] encode: 1.12ms
[2024448001][DBG][CAPTURE] capture_frame: 17.36ms
[2024448028][DBG][CAPTURE] capture_frame: 27.41ms
[2024448043][DBG][CAPTURE] capture_frame: 15.01ms
[2024448044][DBG][ENCODE] encode: 0.63ms
[2024448066][DBG][CAPTURE] capture_frame: 21.65ms
[2024448091][DBG][CAPTURE] capture_frame: 25.16ms
[2024448093][DBG][CAPTURE] capture_frame: 1.98ms
[2024448094][DBG][ENCODE] encode: 0.88ms
[2024448117][DBG][CAPTURE] capture_frame: 21.27ms
[2024448141][DBG][CAPTURE] capture_frame: 24.20ms
[2024448142][DBG][ENCODE] encode: 0.84ms
[2024448158][DBG][CAPTURE] capture_frame: 15.61ms
[2024448187][DBG][CAPTURE] capture_frame: 28.83ms
[2024448214][DBG][CAPTURE] capture_frame: 26.89ms
[2024448215][DBG][ENCODE] encode: 0.79ms
[2024448242][DBG][CAPTURE] capture_frame: 27.49ms
[2024448272][DBG][CAPTURE] capture_frame: 29.64ms
[2024448302][DBG][CAPTURE] capture_frame: 29.89ms
[2024448332][DBG][CAPTURE] capture_frame: 29.65ms
[2024448341][DBG][CAPTURE] capture_frame: 8.53ms
[2024448341][DBG][ENCODE] encode: 0.59ms
[2024448358][DBG][CAPTURE] capture_frame: 16.10ms
[2024448382][DBG][CAPTURE] capture_frame: 24.80ms
[2024448395][DBG][CAPTURE] capture_frame: 12.87ms
[2024448396][DBG][ENCODE] encode: 0.70ms
[2024448411][DBG][CAPTURE] capture_frame: 14.82ms
[2024448426][DBG][CAPTURE] capture_frame: 14.53ms
[2024448426][DBG][ENCODE] encode: 0.66ms
[2024448441][DBG][CAPTURE] capture_frame: 14.57ms
[2024448451][DBG][CAPTURE] capture_frame: 9.19ms
[2024448452][DBG][ENCODE] encode: 0.96ms
[2024448472][DBG][CAPTURE] capture_frame: 20.33ms
[2024448488][DBG][CAPTURE] capture_frame: 16.11ms
[2024448517][DBG][CAPTURE] capture_frame: 28.08ms
[2024448517][DBG][ENCODE] encode: 0.67ms
[2024448547][DBG][CAPTURE] capture_frame: 29.90ms
[2024448563][DBG][CAPTURE] capture_frame: 15.74ms
[2024448580][DBG][CAPTURE] capture_frame: 16.69ms
[2024448596][DBG][CAPTURE] capture_frame: 16.17ms
[2024448597][DBG][ENCODE] encode: 0.64ms
[2024448624][DBG][CAPTURE] capture_frame: 26.40ms
[2024448654][DBG][CAPTURE] capture_frame: 30.65ms
[2024448662][DBG][CAPTURE] capture_frame: 8.05ms
[2024448664][DBG][ENCODE] encode: 1.00ms
[2024448680][DBG][CAPTURE] capture_frame: 16.32ms
[2024448696][DBG][CAPTURE] capture_frame: 16.13ms
[2024448724][DBG][CAPTURE] capture_frame: 27.07ms
[2024448724][DBG][CAPTURE] capture_frame: 0.21ms
[2024448725][DBG][ENCODE] encode: 0.70ms
[2024448740][DBG][CAPTURE] capture_frame: 15.30ms
[2024448757][DBG][CAPTURE] capture_frame: 16.45ms
[2024448783][DBG][CAPTURE] capture_frame: 26.73ms
[2024448796][DBG][CAPTURE] capture_frame: 12.58ms
[2024448797][DBG][ENCODE] encode: 0.75ms
[2024448812][DBG][CAPTURE] capture_frame: 14.77ms
[2024448828][DBG][CAPTURE] capture_frame: 16.44ms
[2024448845][DBG][CAPTURE] capture_frame: 16.14ms
[2024448857][DBG][CAPTURE] capture_frame: 12.00ms
[2024448857][DBG][ENCODE] encode: 0.68ms
[2024448873][DBG][CAPTURE] capture_frame: 15.60ms
[2024448890][DBG][CAPTURE] capture_frame: 16.57ms
[2024448919][DBG][CAPTURE] capture_frame: 28.54ms
[2024448930][DBG][CAPTURE] capture_frame: 11.31ms
[2024448931][DBG][ENCODE] encode: 0.77ms
[2024448941][DBG][CAPTURE] capture_frame: 10.21ms
[2024448942][DBG][ENCODE] encode: 0.90ms
[2024448957][DBG][CAPTURE] capture_frame: 14.33ms
[2024448973][DBG][CAPTURE] capture_frame: 16.40ms
[2024448984][DBG][CAPTURE] capture_frame: 10.92ms
[2024448985][DBG][ENCODE] encode: 0.68ms
[2024449005][DBG][CAPTURE] capture_frame: 20.05ms
[2024449005][WRN][HostSession] Client timed out (5017ms)
[2024449005][INF][HOST] Client disconnected
