[2024645207][WRN][CAPTURE] DuplicateOutput1 failed: 0x887A0004, falling back
[2024645209][INF][CAPTURE] DuplicateOutput fallback: BGRA SDR
[2024645209][INF][CAPTURE] Initialized DXGI capture: 3440x1440 on monitor 0
[2024645209][INF][HOST] Capture: 3440x1440
[2024645213][INF][ENCODE] AMF loaded successfully
[2024645292][INF][ENCODE] AMF HEVC 10-bit encoder initialized: 3440x1440 @ 60 fps, 15000 kbps, SDR
[2024645293][INF][HostSession] Listening on port 9884
[2024645293][INF][HOST] Waiting for client on port 9884... (Ctrl+C to stop)
[2024645301][DBG][CAPTURE] capture_frame: 0.29ms
[2024645350][DBG][ENCODE] encode: 48.73ms
[2024645369][DBG][CAPTURE] capture_frame: 18.77ms
[2024645370][DBG][ENCODE] encode: 0.78ms
[2024645390][DBG][CAPTURE] capture_frame: 18.67ms
[2024645406][DBG][CAPTURE] capture_frame: 15.37ms
[2024645407][DBG][ENCODE] encode: 0.83ms
[2024645436][DBG][CAPTURE] capture_frame: 28.89ms
[2024645452][DBG][CAPTURE] capture_frame: 16.38ms
[2024645466][DBG][CAPTURE] capture_frame: 14.33ms
[2024645467][DBG][ENCODE] encode: 0.63ms
[2024645495][DBG][CAPTURE] capture_frame: 27.44ms
[2024645524][DBG][CAPTURE] capture_frame: 29.46ms
[2024645541][DBG][CAPTURE] capture_frame: 16.93ms
[2024645542][DBG][ENCODE] encode: 0.89ms
[2024645566][DBG][CAPTURE] capture_frame: 23.39ms
[2024645566][DBG][ENCODE] encode: 0.61ms
[2024645581][DBG][CAPTURE] capture_frame: 14.65ms
[2024645595][DBG][CAPTURE] capture_frame: 13.35ms
[2024645595][DBG][ENCODE] encode: 0.68ms
[2024645621][DBG][CAPTURE] capture_frame: 26.05ms
[2024645649][DBG][CAPTURE] capture_frame: 27.88ms
[2024645650][DBG][ENCODE] encode: 0.74ms
[2024645665][DBG][CAPTURE] capture_frame: 14.64ms
[2024645683][DBG][CAPTURE] capture_frame: 18.50ms
[2024645697][DBG][CAPTURE] capture_frame: 13.92ms
[2024645698][DBG][ENCODE] encode: 0.65ms
[2024645712][DBG][CAPTURE] capture_frame: 14.03ms
[2024645716][DBG][CAPTURE] capture_frame: 3.37ms
[2024645716][DBG][ENCODE] encode: 0.56ms
[2024645742][DBG][CAPTURE] capture_frame: 25.22ms
[2024645769][DBG][CAPTURE] capture_frame: 27.08ms
[2024645770][DBG][CAPTURE] capture_frame: 1.44ms
[2024645771][DBG][ENCODE] encode: 0.67ms
[2024645796][DBG][CAPTURE] capture_frame: 24.61ms
[2024645824][DBG][CAPTURE] capture_frame: 27.94ms
[2024645825][DBG][CAPTURE] capture_frame: 1.39ms
[2024645826][DBG][ENCODE] encode: 0.56ms
[2024645853][DBG][CAPTURE] capture_frame: 27.68ms
[2024645883][DBG][CAPTURE] capture_frame: 29.61ms
[2024645898][DBG][CAPTURE] capture_frame: 14.60ms
[2024645899][DBG][ENCODE] encode: 0.61ms
[2024645923][DBG][CAPTURE] capture_frame: 24.02ms
[2024645946][DBG][CAPTURE] capture_frame: 23.56ms
[2024645947][DBG][ENCODE] encode: 0.69ms
[2024645964][DBG][CAPTURE] capture_frame: 17.40ms
[2024645992][DBG][CAPTURE] capture_frame: 27.16ms
[2024646013][DBG][CAPTURE] capture_frame: 21.66ms
[2024646014][DBG][ENCODE] encode: 0.81ms
[2024646030][DBG][CAPTURE] capture_frame: 16.09ms
[2024646057][DBG][CAPTURE] capture_frame: 26.32ms
[2024646067][DBG][CAPTURE] capture_frame: 10.57ms
[2024646068][DBG][ENCODE] encode: 0.69ms
[2024646085][DBG][CAPTURE] capture_frame: 16.50ms
[2024646111][DBG][CAPTURE] capture_frame: 26.16ms
[2024646123][DBG][CAPTURE] capture_frame: 11.58ms
[2024646123][DBG][ENCODE] encode: 0.73ms
[2024646138][DBG][CAPTURE] capture_frame: 14.96ms
[2024646164][DBG][CAPTURE] capture_frame: 25.55ms
[2024646192][DBG][CAPTURE] capture_frame: 27.77ms
[2024646195][DBG][CAPTURE] capture_frame: 2.74ms
[2024646195][DBG][ENCODE] encode: 0.67ms
[2024646219][DBG][CAPTURE] capture_frame: 23.15ms
[2024646235][DBG][CAPTURE] capture_frame: 16.53ms
[2024646266][DBG][CAPTURE] capture_frame: 30.23ms
[2024646282][DBG][CAPTURE] capture_frame: 16.07ms
[2024646298][DBG][CAPTURE] capture_frame: 16.50ms
[2024646310][DBG][CAPTURE] capture_frame: 11.84ms
[2024646311][DBG][ENCODE] encode: 0.80ms
[2024646327][DBG][CAPTURE] capture_frame: 16.46ms
[2024646357][DBG][CAPTURE] capture_frame: 29.02ms
[2024646371][DBG][CAPTURE] capture_frame: 14.64ms
[2024646372][DBG][ENCODE] encode: 0.65ms
[2024646394][DBG][CAPTURE] capture_frame: 22.10ms
[2024646419][DBG][CAPTURE] capture_frame: 25.04ms
[2024646420][DBG][ENCODE] encode: 0.54ms
[2024646432][DBG][CAPTURE] capture_frame: 11.90ms
[2024646432][DBG][ENCODE] encode: 0.50ms
[2024646443][DBG][CAPTURE] capture_frame: 10.26ms
[2024646443][DBG][ENCODE] encode: 0.49ms
[2024646465][DBG][CAPTURE] capture_frame: 21.43ms
[2024646481][DBG][CAPTURE] capture_frame: 15.84ms
[2024646481][DBG][ENCODE] encode: 0.65ms
[2024646505][DBG][CAPTURE] capture_frame: 23.53ms
[2024646531][DBG][CAPTURE] capture_frame: 25.49ms
[2024646532][DBG][ENCODE] encode: 0.98ms
[2024646546][DBG][CAPTURE] capture_frame: 14.22ms
[2024646547][DBG][ENCODE] encode: 0.58ms
[2024646563][DBG][CAPTURE] capture_frame: 16.13ms
[2024646589][DBG][CAPTURE] capture_frame: 26.27ms
[2024646590][DBG][CAPTURE] capture_frame: 0.48ms
[2024646590][DBG][ENCODE] encode: 0.62ms
[2024646606][DBG][CAPTURE] capture_frame: 15.26ms
[2024646636][DBG][CAPTURE] capture_frame: 29.96ms
[2024646644][DBG][CAPTURE] capture_frame: 8.56ms
[2024646645][DBG][ENCODE] encode: 0.55ms
[2024646663][DBG][CAPTURE] capture_frame: 17.69ms
[2024646687][DBG][CAPTURE] capture_frame: 24.29ms
[2024646688][DBG][ENCODE] encode: 0.82ms
[2024646708][DBG][CAPTURE] capture_frame: 19.85ms
[2024646717][DBG][CAPTURE] capture_frame: 9.25ms
[2024646718][DBG][ENCODE] encode: 0.96ms
[2024646734][DBG][CAPTURE] capture_frame: 15.53ms
[2024646760][DBG][CAPTURE] capture_frame: 25.85ms
[2024646771][DBG][CAPTURE] capture_frame: 11.50ms
[2024646772][DBG][ENCODE] encode: 0.54ms
[2024646785][DBG][CAPTURE] capture_frame: 13.35ms
[2024646813][DBG][CAPTURE] capture_frame: 27.93ms
[2024646838][DBG][CAPTURE] capture_frame: 24.56ms
[2024646839][DBG][ENCODE] encode: 0.72ms
[2024646856][DBG][CAPTURE] capture_frame: 16.64ms
[2024646875][DBG][CAPTURE] capture_frame: 19.08ms
[2024646875][DBG][ENCODE] encode: 0.66ms
[2024646894][DBG][CAPTURE] capture_frame: 18.50ms
[2024646895][DBG][ENCODE] encode: 0.63ms
[2024646910][DBG][CAPTURE] capture_frame: 15.25ms
[2024646924][DBG][CAPTURE] capture_frame: 13.86ms
[2024646925][DBG][ENCODE] encode: 0.73ms
[2024646939][DBG][CAPTURE] capture_frame: 13.83ms
[2024646964][DBG][CAPTURE] capture_frame: 25.53ms
[2024646966][DBG][CAPTURE] capture_frame: 1.81ms
[2024646967][DBG][ENCODE] encode: 0.47ms
[2024646991][DBG][CAPTURE] capture_frame: 24.63ms
[2024647014][DBG][CAPTURE] capture_frame: 22.88ms
[2024647015][DBG][ENCODE] encode: 0.60ms
[2024647031][DBG][CAPTURE] capture_frame: 16.55ms
[2024647057][DBG][CAPTURE] capture_frame: 25.96ms
[2024647069][DBG][CAPTURE] capture_frame: 11.41ms
[2024647070][DBG][ENCODE] encode: 0.68ms
[2024647096][DBG][CAPTURE] capture_frame: 26.81ms
[2024647123][DBG][CAPTURE] capture_frame: 26.75ms
[2024647124][DBG][ENCODE] encode: 0.63ms
[2024647140][DBG][CAPTURE] capture_frame: 16.13ms
[2024647157][DBG][CAPTURE] capture_frame: 16.44ms
[2024647173][DBG][CAPTURE] capture_frame: 15.96ms
[2024647184][DBG][CAPTURE] capture_frame: 11.41ms
[2024647185][DBG][ENCODE] encode: 0.63ms
[2024647202][DBG][CAPTURE] capture_frame: 17.13ms
[2024647230][DBG][CAPTURE] capture_frame: 28.13ms
[2024647245][DBG][CAPTURE] capture_frame: 14.97ms
[2024647246][DBG][ENCODE] encode: 0.55ms
[2024647270][DBG][CAPTURE] capture_frame: 24.46ms
[2024647299][DBG][CAPTURE] capture_frame: 28.39ms
[2024647311][DBG][CAPTURE] capture_frame: 11.99ms
[2024647312][DBG][ENCODE] encode: 0.66ms
[2024647329][DBG][CAPTURE] capture_frame: 17.55ms
[2024647330][DBG][ENCODE] encode: 0.60ms
[2024647356][DBG][CAPTURE] capture_frame: 25.92ms
[2024647356][INF][HostSession] Client connected from 127.0.0.1:49187
[2024647368][DBG][CAPTURE] capture_frame: 11.91ms
[2024647368][INF][HOST] IDR requested for new client
[2024647369][DBG][ENCODE] encode: 0.58ms
[2024647387][DBG][CAPTURE] capture_frame: 18.58ms
[2024647388][DBG][ENCODE] encode: 1.15ms
[2024647401][DBG][CAPTURE] capture_frame: 10.17ms
[2024647402][DBG][ENCODE] encode: 1.04ms
[2024647419][DBG][CAPTURE] capture_frame: 17.09ms
[2024647420][DBG][CAPTURE] capture_frame: 0.90ms
[2024647421][DBG][ENCODE] encode: 0.90ms
[2024647441][DBG][CAPTURE] capture_frame: 19.37ms
[2024647442][DBG][ENCODE] encode: 0.80ms
[2024647458][DBG][CAPTURE] capture_frame: 16.16ms
[2024647463][DBG][CAPTURE] capture_frame: 4.40ms
[2024647464][DBG][ENCODE] encode: 0.90ms
[2024647477][DBG][CAPTURE] capture_frame: 12.90ms
[2024647478][DBG][ENCODE] encode: 0.90ms
[2024647494][DBG][CAPTURE] capture_frame: 16.37ms
[2024647495][DBG][ENCODE] encode: 0.84ms
[2024647511][DBG][CAPTURE] capture_frame: 15.73ms
[2024647512][DBG][ENCODE] encode: 0.57ms
[2024647526][DBG][CAPTURE] capture_frame: 13.70ms
[2024647532][DBG][CAPTURE] capture_frame: 6.39ms
[2024647534][DBG][ENCODE] encode: 1.10ms
[2024647545][DBG][CAPTURE] capture_frame: 11.25ms
[2024647546][DBG][ENCODE] encode: 1.06ms
[2024647562][DBG][CAPTURE] capture_frame: 15.25ms
[2024647563][DBG][ENCODE] encode: 0.63ms
[2024647579][DBG][CAPTURE] capture_frame: 16.24ms
[2024647580][DBG][ENCODE] encode: 0.62ms
[2024647591][DBG][CAPTURE] capture_frame: 10.98ms
[2024647592][DBG][ENCODE] encode: 0.58ms
[2024647603][DBG][CAPTURE] capture_frame: 11.23ms
[2024647604][DBG][ENCODE] encode: 0.60ms
[2024647615][DBG][CAPTURE] capture_frame: 11.21ms
[2024647616][DBG][ENCODE] encode: 0.58ms
[2024647627][DBG][CAPTURE] capture_frame: 11.47ms
[2024647628][DBG][ENCODE] encode: 0.66ms
[2024647639][DBG][CAPTURE] capture_frame: 10.88ms
[2024647640][DBG][ENCODE] encode: 0.52ms
[2024647640][INF][HOST] Frames: 60, FPS: 25.6, RTT: 12.7ms, state: connected
[2024647651][DBG][CAPTURE] capture_frame: 11.31ms
[2024647652][DBG][ENCODE] encode: 0.45ms
[2024647664][DBG][CAPTURE] capture_frame: 11.79ms
[2024647664][DBG][ENCODE] encode: 0.57ms
[2024647676][DBG][CAPTURE] capture_frame: 11.27ms
[2024647676][DBG][ENCODE] encode: 0.51ms
[2024647688][DBG][CAPTURE] capture_frame: 11.67ms
[2024647689][DBG][ENCODE] encode: 0.56ms
[2024647700][DBG][CAPTURE] capture_frame: 11.39ms
[2024647701][DBG][ENCODE] encode: 0.51ms
[2024647712][DBG][CAPTURE] capture_frame: 11.21ms
[2024647713][DBG][ENCODE] encode: 0.61ms
[2024647724][DBG][CAPTURE] capture_frame: 11.36ms
[2024647725][DBG][ENCODE] encode: 0.63ms
[2024647736][DBG][CAPTURE] capture_frame: 11.21ms
[2024647737][DBG][ENCODE] encode: 0.51ms
[2024647749][DBG][CAPTURE] capture_frame: 11.43ms
[2024647749][DBG][ENCODE] encode: 0.59ms
[2024647760][DBG][CAPTURE] capture_frame: 11.12ms
[2024647761][DBG][ENCODE] encode: 0.40ms
[2024647773][DBG][CAPTURE] capture_frame: 11.95ms
[2024647774][DBG][ENCODE] encode: 0.73ms
[2024647785][DBG][CAPTURE] capture_frame: 10.90ms
[2024647785][DBG][ENCODE] encode: 0.40ms
[2024647797][DBG][CAPTURE] capture_frame: 11.57ms
[2024647797][DBG][ENCODE] encode: 0.39ms
[2024647809][DBG][CAPTURE] capture_frame: 11.53ms
[2024647810][DBG][ENCODE] encode: 0.44ms
[2024647821][DBG][CAPTURE] capture_frame: 11.67ms
[2024647822][DBG][ENCODE] encode: 0.46ms
[2024647834][DBG][CAPTURE] capture_frame: 11.84ms
[2024647835][DBG][ENCODE] encode: 0.80ms
[2024647862][DBG][CAPTURE] capture_frame: 26.81ms
[2024647889][DBG][CAPTURE] capture_frame: 26.82ms
[2024647889][DBG][ENCODE] encode: 0.81ms
[2024647906][DBG][CAPTURE] capture_frame: 16.48ms
[2024647913][DBG][CAPTURE] capture_frame: 6.19ms
[2024647913][DBG][ENCODE] encode: 0.77ms
[2024647931][DBG][CAPTURE] capture_frame: 17.13ms
[2024647931][DBG][ENCODE] encode: 0.60ms
[2024647948][DBG][CAPTURE] capture_frame: 16.07ms
[2024647963][DBG][CAPTURE] capture_frame: 15.09ms
[2024647964][DBG][ENCODE] encode: 0.68ms
[2024647978][DBG][CAPTURE] capture_frame: 13.70ms
[2024648007][DBG][CAPTURE] capture_frame: 29.10ms
[2024648016][DBG][CAPTURE] capture_frame: 9.62ms
[2024648017][DBG][ENCODE] encode: 0.71ms
[2024648034][DBG][CAPTURE] capture_frame: 16.26ms
[2024648050][DBG][CAPTURE] capture_frame: 16.16ms
[2024648081][DBG][CAPTURE] capture_frame: 30.43ms
[2024648095][DBG][CAPTURE] capture_frame: 14.40ms
[2024648096][DBG][ENCODE] encode: 0.75ms
[2024648119][DBG][CAPTURE] capture_frame: 22.50ms
[2024648135][DBG][CAPTURE] capture_frame: 16.44ms
[2024648143][DBG][CAPTURE] capture_frame: 8.11ms
[2024648144][DBG][ENCODE] encode: 0.67ms
[2024648166][DBG][CAPTURE] capture_frame: 21.99ms
[2024648196][DBG][CAPTURE] capture_frame: 29.21ms
[2024648222][DBG][CAPTURE] capture_frame: 26.62ms
[2024648228][DBG][CAPTURE] capture_frame: 5.59ms
[2024648229][DBG][ENCODE] encode: 0.56ms
[2024648249][DBG][CAPTURE] capture_frame: 20.56ms
[2024648276][DBG][CAPTURE] capture_frame: 26.70ms
[2024648303][DBG][CAPTURE] capture_frame: 26.39ms
[2024648319][DBG][CAPTURE] capture_frame: 15.94ms
[2024648344][DBG][CAPTURE] capture_frame: 24.84ms
[2024648344][DBG][ENCODE] encode: 0.70ms
[2024648359][DBG][CAPTURE] capture_frame: 14.85ms
[2024648387][DBG][CAPTURE] capture_frame: 27.01ms
[2024648399][DBG][CAPTURE] capture_frame: 12.12ms
[2024648400][DBG][ENCODE] encode: 0.64ms
[2024648415][DBG][CAPTURE] capture_frame: 15.33ms
[2024648444][DBG][CAPTURE] capture_frame: 28.81ms
[2024648467][DBG][CAPTURE] capture_frame: 22.66ms
[2024648468][DBG][ENCODE] encode: 0.93ms
[2024648482][DBG][CAPTURE] capture_frame: 14.41ms
[2024648483][DBG][ENCODE] encode: 0.55ms
[2024648502][DBG][CAPTURE] capture_frame: 18.41ms
[2024648514][DBG][CAPTURE] capture_frame: 11.79ms
[2024648514][DBG][ENCODE] encode: 0.59ms
[2024648535][DBG][CAPTURE] capture_frame: 20.35ms
[2024648544][DBG][CAPTURE] capture_frame: 9.02ms
[2024648544][DBG][ENCODE] encode: 0.64ms
[2024648565][DBG][CAPTURE] capture_frame: 20.68ms
[2024648575][DBG][CAPTURE] capture_frame: 9.35ms
[2024648575][DBG][ENCODE] encode: 0.64ms
[2024648585][DBG][CAPTURE] capture_frame: 9.87ms
[2024648586][DBG][ENCODE] encode: 0.48ms
[2024648604][DBG][CAPTURE] capture_frame: 17.92ms
[2024648605][DBG][CAPTURE] capture_frame: 0.45ms
[2024648605][DBG][ENCODE] encode: 0.65ms
[2024648637][DBG][CAPTURE] capture_frame: 31.25ms
[2024648663][DBG][CAPTURE] capture_frame: 26.38ms
[2024648684][DBG][CAPTURE] capture_frame: 20.36ms
[2024648684][DBG][ENCODE] encode: 0.68ms
[2024648701][DBG][CAPTURE] capture_frame: 16.29ms
[2024648727][DBG][CAPTURE] capture_frame: 26.40ms
[2024648739][DBG][CAPTURE] capture_frame: 11.20ms
[2024648739][DBG][ENCODE] encode: 0.68ms
[2024648754][DBG][CAPTURE] capture_frame: 14.39ms
[2024648785][DBG][CAPTURE] capture_frame: 30.74ms
[2024648793][DBG][CAPTURE] capture_frame: 8.26ms
[2024648794][DBG][ENCODE] encode: 0.81ms
[2024648814][DBG][CAPTURE] capture_frame: 19.89ms
[2024648842][DBG][CAPTURE] capture_frame: 27.86ms
[2024648854][DBG][CAPTURE] capture_frame: 11.95ms
[2024648855][DBG][ENCODE] encode: 0.66ms
[2024648871][DBG][CAPTURE] capture_frame: 16.29ms
[2024648897][DBG][CAPTURE] capture_frame: 25.56ms
[2024648902][DBG][CAPTURE] capture_frame: 5.05ms
[2024648903][DBG][ENCODE] encode: 0.51ms
[2024648913][DBG][CAPTURE] capture_frame: 10.57ms
[2024648914][DBG][ENCODE] encode: 0.47ms
[2024648938][DBG][CAPTURE] capture_frame: 24.34ms
[2024648939][DBG][ENCODE] encode: 0.65ms
[2024648963][DBG][CAPTURE] capture_frame: 23.48ms
[2024648964][DBG][ENCODE] encode: 0.79ms
[2024648980][DBG][CAPTURE] capture_frame: 16.17ms
[2024648996][DBG][CAPTURE] capture_frame: 16.31ms
[2024649018][DBG][CAPTURE] capture_frame: 21.77ms
[2024649019][DBG][ENCODE] encode: 0.78ms
[2024649039][DBG][CAPTURE] capture_frame: 19.84ms
[2024649064][DBG][CAPTURE] capture_frame: 25.20ms
[2024649091][DBG][CAPTURE] capture_frame: 26.28ms
[2024649091][DBG][ENCODE] encode: 0.64ms
[2024649106][DBG][CAPTURE] capture_frame: 14.47ms
[2024649114][DBG][CAPTURE] capture_frame: 8.41ms
[2024649115][DBG][ENCODE] encode: 0.86ms
[2024649136][DBG][CAPTURE] capture_frame: 17.54ms
[2024649145][DBG][CAPTURE] capture_frame: 8.84ms
[2024649146][DBG][ENCODE] encode: 1.00ms
[2024649164][DBG][CAPTURE] capture_frame: 17.61ms
[2024649191][DBG][CAPTURE] capture_frame: 27.28ms
[2024649216][DBG][CAPTURE] capture_frame: 24.91ms
[2024649218][DBG][CAPTURE] capture_frame: 1.14ms
[2024649218][DBG][ENCODE] encode: 0.58ms
[2024649233][DBG][CAPTURE] capture_frame: 14.47ms
[2024649260][DBG][CAPTURE] capture_frame: 26.92ms
[2024649276][DBG][CAPTURE] capture_frame: 16.21ms
[2024649302][DBG][CAPTURE] capture_frame: 25.72ms
[2024649331][DBG][CAPTURE] capture_frame: 28.59ms
[2024649339][DBG][CAPTURE] capture_frame: 8.56ms
[2024649340][DBG][ENCODE] encode: 0.67ms
[2024649358][DBG][CAPTURE] capture_frame: 17.17ms
[2024649385][DBG][CAPTURE] capture_frame: 27.76ms
[2024649400][DBG][CAPTURE] capture_frame: 14.16ms
[2024649401][DBG][ENCODE] encode: 0.74ms
[2024649416][DBG][CAPTURE] capture_frame: 15.65ms
[2024649425][DBG][CAPTURE] capture_frame: 8.78ms
[2024649426][DBG][ENCODE] encode: 0.51ms
[2024649446][DBG][CAPTURE] capture_frame: 19.70ms
[2024649472][DBG][CAPTURE] capture_frame: 26.12ms
[2024649473][DBG][CAPTURE] capture_frame: 0.76ms
[2024649473][DBG][ENCODE] encode: 0.65ms
[2024649488][DBG][CAPTURE] capture_frame: 14.21ms
[2024649514][DBG][CAPTURE] capture_frame: 26.32ms
[2024649527][DBG][CAPTURE] capture_frame: 12.85ms
[2024649528][DBG][ENCODE] encode: 0.68ms
[2024649543][DBG][CAPTURE] capture_frame: 15.08ms
[2024649546][DBG][CAPTURE] capture_frame: 2.52ms
[2024649546][DBG][ENCODE] encode: 0.61ms
[2024649573][DBG][CAPTURE] capture_frame: 26.65ms
[2024649583][DBG][CAPTURE] capture_frame: 9.74ms
[2024649584][DBG][ENCODE] encode: 0.62ms
[2024649600][DBG][CAPTURE] capture_frame: 16.37ms
[2024649629][DBG][CAPTURE] capture_frame: 28.16ms
[2024649643][DBG][CAPTURE] capture_frame: 14.57ms
[2024649644][DBG][ENCODE] encode: 0.60ms
[2024649672][DBG][CAPTURE] capture_frame: 27.37ms
[2024649698][DBG][CAPTURE] capture_frame: 26.17ms
[2024649710][DBG][CAPTURE] capture_frame: 12.07ms
[2024649711][DBG][ENCODE] encode: 0.66ms
[2024649727][DBG][CAPTURE] capture_frame: 16.15ms
[2024649741][DBG][CAPTURE] capture_frame: 14.29ms
[2024649742][DBG][ENCODE] encode: 0.66ms
[2024649764][DBG][CAPTURE] capture_frame: 22.08ms
[2024649765][DBG][ENCODE] encode: 0.71ms
[2024649786][DBG][CAPTURE] capture_frame: 20.73ms
[2024649811][DBG][CAPTURE] capture_frame: 24.93ms
[2024649839][DBG][CAPTURE] capture_frame: 27.50ms
[2024649840][DBG][ENCODE] encode: 0.81ms
[2024649867][DBG][CAPTURE] capture_frame: 26.86ms
[2024649883][DBG][CAPTURE] capture_frame: 16.37ms
[2024649891][DBG][CAPTURE] capture_frame: 8.11ms
[2024649892][DBG][ENCODE] encode: 0.68ms
[2024649909][DBG][CAPTURE] capture_frame: 16.20ms
[2024649928][DBG][CAPTURE] capture_frame: 18.84ms
[2024649928][DBG][ENCODE] encode: 0.59ms
[2024649928][INF][HOST] Frames: 120, FPS: 25.9, RTT: 12.7ms, state: connected
[2024649947][DBG][CAPTURE] capture_frame: 18.80ms
[2024649948][DBG][ENCODE] encode: 0.82ms
[2024649964][DBG][CAPTURE] capture_frame: 15.97ms
[2024649981][DBG][CAPTURE] capture_frame: 16.77ms
[2024650007][DBG][CAPTURE] capture_frame: 26.14ms
[2024650008][DBG][ENCODE] encode: 0.70ms
[2024650024][DBG][CAPTURE] capture_frame: 16.29ms
[2024650053][DBG][CAPTURE] capture_frame: 28.65ms
[2024650062][DBG][CAPTURE] capture_frame: 8.74ms
[2024650063][DBG][ENCODE] encode: 0.66ms
[2024650078][DBG][CAPTURE] capture_frame: 14.64ms
[2024650105][DBG][CAPTURE] capture_frame: 26.98ms
[2024650117][DBG][CAPTURE] capture_frame: 11.94ms
[2024650118][DBG][ENCODE] encode: 1.14ms
[2024650132][DBG][CAPTURE] capture_frame: 13.32ms
[2024650158][DBG][CAPTURE] capture_frame: 26.12ms
[2024650171][DBG][CAPTURE] capture_frame: 13.21ms
[2024650172][DBG][ENCODE] encode: 0.79ms
[2024650187][DBG][CAPTURE] capture_frame: 14.66ms
[2024650217][DBG][CAPTURE] capture_frame: 29.89ms
[2024650231][DBG][CAPTURE] capture_frame: 14.01ms
[2024650232][DBG][ENCODE] encode: 0.79ms
[2024650246][DBG][CAPTURE] capture_frame: 13.89ms
[2024650273][DBG][CAPTURE] capture_frame: 27.04ms
[2024650287][DBG][CAPTURE] capture_frame: 13.12ms
[2024650287][DBG][ENCODE] encode: 0.76ms
[2024650312][DBG][CAPTURE] capture_frame: 24.49ms
[2024650340][DBG][CAPTURE] capture_frame: 27.64ms
[2024650341][DBG][CAPTURE] capture_frame: 1.41ms
[2024650342][DBG][ENCODE] encode: 0.68ms
[2024650356][DBG][CAPTURE] capture_frame: 13.75ms
[2024650384][DBG][CAPTURE] capture_frame: 28.52ms
[2024650397][DBG][CAPTURE] capture_frame: 12.04ms
[2024650397][DBG][ENCODE] encode: 0.64ms
[2024650417][DBG][CAPTURE] capture_frame: 19.01ms
[2024650443][DBG][CAPTURE] capture_frame: 26.31ms
[2024650469][DBG][CAPTURE] capture_frame: 26.44ms
[2024650470][DBG][ENCODE] encode: 0.85ms
[2024650500][DBG][CAPTURE] capture_frame: 29.77ms
[2024650511][DBG][CAPTURE] capture_frame: 10.38ms
[2024650512][DBG][ENCODE] encode: 0.61ms
[2024650539][DBG][CAPTURE] capture_frame: 27.26ms
[2024650542][DBG][CAPTURE] capture_frame: 2.48ms
[2024650542][DBG][ENCODE] encode: 0.68ms
[2024650567][DBG][CAPTURE] capture_frame: 24.75ms
[2024650590][DBG][CAPTURE] capture_frame: 22.55ms
[2024650591][DBG][ENCODE] encode: 0.63ms
[2024650611][DBG][CAPTURE] capture_frame: 20.25ms
[2024650638][DBG][CAPTURE] capture_frame: 26.39ms
[2024650650][DBG][CAPTURE] capture_frame: 12.82ms
[2024650651][DBG][ENCODE] encode: 0.69ms
[2024650677][DBG][CAPTURE] capture_frame: 25.52ms
[2024650693][DBG][CAPTURE] capture_frame: 16.19ms
[2024650710][DBG][CAPTURE] capture_frame: 16.55ms
[2024650724][DBG][CAPTURE] capture_frame: 13.61ms
[2024650724][DBG][ENCODE] encode: 0.72ms
[2024650751][DBG][CAPTURE] capture_frame: 26.65ms
[2024650777][DBG][CAPTURE] capture_frame: 25.43ms
[2024650778][DBG][CAPTURE] capture_frame: 1.14ms
[2024650779][DBG][ENCODE] encode: 0.62ms
[2024650802][DBG][CAPTURE] capture_frame: 23.62ms
[2024650829][DBG][CAPTURE] capture_frame: 26.36ms
[2024650839][DBG][CAPTURE] capture_frame: 9.91ms
[2024650840][DBG][ENCODE] encode: 0.71ms
[2024650858][DBG][CAPTURE] capture_frame: 18.37ms
[2024650886][DBG][CAPTURE] capture_frame: 28.17ms
[2024650899][DBG][CAPTURE] capture_frame: 12.97ms
[2024650900][DBG][ENCODE] encode: 0.70ms
[2024650924][DBG][CAPTURE] capture_frame: 23.36ms
[2024650925][DBG][ENCODE] encode: 0.73ms
[2024650940][DBG][CAPTURE] capture_frame: 14.72ms
[2024650966][DBG][CAPTURE] capture_frame: 26.70ms
[2024650967][DBG][ENCODE] encode: 0.68ms
[2024650983][DBG][CAPTURE] capture_frame: 16.10ms
[2024650997][DBG][CAPTURE] capture_frame: 13.23ms
[2024650997][DBG][ENCODE] encode: 0.68ms
[2024651025][DBG][CAPTURE] capture_frame: 27.46ms
[2024651027][DBG][CAPTURE] capture_frame: 1.54ms
[2024651027][DBG][ENCODE] encode: 0.57ms
[2024651042][DBG][CAPTURE] capture_frame: 14.56ms
[2024651072][DBG][CAPTURE] capture_frame: 29.93ms
[2024651081][DBG][CAPTURE] capture_frame: 9.29ms
[2024651082][DBG][ENCODE] encode: 0.79ms
[2024651099][DBG][CAPTURE] capture_frame: 16.32ms
[2024651127][DBG][CAPTURE] capture_frame: 28.55ms
[2024651142][DBG][CAPTURE] capture_frame: 14.49ms
[2024651143][DBG][ENCODE] encode: 0.75ms
[2024651170][DBG][CAPTURE] capture_frame: 26.89ms
[2024651200][DBG][CAPTURE] capture_frame: 30.27ms
[2024651215][DBG][CAPTURE] capture_frame: 14.50ms
[2024651216][DBG][ENCODE] encode: 0.77ms
[2024651243][DBG][CAPTURE] capture_frame: 26.79ms
[2024651272][DBG][CAPTURE] capture_frame: 29.25ms
[2024651299][DBG][CAPTURE] capture_frame: 26.99ms
[2024651328][DBG][CAPTURE] capture_frame: 28.58ms
[2024651343][DBG][CAPTURE] capture_frame: 14.71ms
[2024651344][DBG][ENCODE] encode: 0.78ms
[2024651362][DBG][CAPTURE] capture_frame: 17.96ms
[2024651362][DBG][ENCODE] encode: 0.63ms
[2024651386][DBG][CAPTURE] capture_frame: 23.75ms
[2024651414][DBG][CAPTURE] capture_frame: 27.55ms
[2024651421][DBG][CAPTURE] capture_frame: 7.07ms
[2024651422][DBG][ENCODE] encode: 0.66ms
[2024651443][DBG][CAPTURE] capture_frame: 21.33ms
[2024651470][DBG][CAPTURE] capture_frame: 26.54ms
[2024651471][DBG][ENCODE] encode: 0.68ms
[2024651482][DBG][CAPTURE] capture_frame: 10.83ms
[2024651482][DBG][ENCODE] encode: 0.50ms
[2024651493][DBG][CAPTURE] capture_frame: 10.53ms
[2024651494][DBG][ENCODE] encode: 0.46ms
[2024651512][DBG][CAPTURE] capture_frame: 18.46ms
[2024651525][DBG][CAPTURE] capture_frame: 12.67ms
[2024651526][DBG][ENCODE] encode: 1.01ms
[2024651557][DBG][CAPTURE] capture_frame: 30.46ms
[2024651585][DBG][CAPTURE] capture_frame: 27.93ms
[2024651585][DBG][CAPTURE] capture_frame: 0.61ms
[2024651586][DBG][ENCODE] encode: 0.72ms
[2024651610][DBG][CAPTURE] capture_frame: 23.30ms
[2024651611][DBG][ENCODE] encode: 0.83ms
[2024651628][DBG][CAPTURE] capture_frame: 17.03ms
[2024651640][DBG][CAPTURE] capture_frame: 12.26ms
[2024651641][DBG][ENCODE] encode: 0.61ms
[2024651668][DBG][CAPTURE] capture_frame: 26.78ms
[2024651695][DBG][CAPTURE] capture_frame: 26.64ms
[2024651695][DBG][ENCODE] encode: 0.67ms
[2024651711][DBG][CAPTURE] capture_frame: 15.76ms
[2024651741][DBG][CAPTURE] capture_frame: 29.18ms
[2024651755][DBG][CAPTURE] capture_frame: 14.30ms
[2024651756][DBG][ENCODE] encode: 0.75ms
[2024651780][DBG][CAPTURE] capture_frame: 23.96ms
[2024651810][DBG][CAPTURE] capture_frame: 29.75ms
[2024651811][DBG][ENCODE] encode: 0.66ms
[2024651824][DBG][CAPTURE] capture_frame: 13.16ms
[2024651850][DBG][CAPTURE] capture_frame: 25.81ms
[2024651865][DBG][CAPTURE] capture_frame: 14.65ms
[2024651865][DBG][ENCODE] encode: 0.75ms
[2024651880][DBG][CAPTURE] capture_frame: 14.19ms
[2024651906][DBG][CAPTURE] capture_frame: 26.18ms
[2024651919][DBG][CAPTURE] capture_frame: 12.82ms
[2024651920][DBG][ENCODE] encode: 0.73ms
[2024651948][DBG][CAPTURE] capture_frame: 27.97ms
[2024651950][DBG][CAPTURE] capture_frame: 1.65ms
[2024651951][DBG][ENCODE] encode: 0.57ms
[2024651973][DBG][CAPTURE] capture_frame: 22.11ms
[2024651986][DBG][CAPTURE] capture_frame: 13.07ms
[2024651987][DBG][ENCODE] encode: 0.92ms
[2024652014][DBG][CAPTURE] capture_frame: 26.52ms
[2024652040][DBG][CAPTURE] capture_frame: 26.47ms
[2024652041][DBG][CAPTURE] capture_frame: 0.30ms
[2024652041][DBG][ENCODE] encode: 0.64ms
[2024652072][DBG][CAPTURE] capture_frame: 30.73ms
[2024652100][DBG][CAPTURE] capture_frame: 28.02ms
[2024652114][DBG][CAPTURE] capture_frame: 13.03ms
[2024652114][DBG][ENCODE] encode: 0.89ms
[2024652129][DBG][CAPTURE] capture_frame: 13.20ms
[2024652159][DBG][CAPTURE] capture_frame: 29.99ms
[2024652174][DBG][CAPTURE] capture_frame: 14.79ms
[2024652175][DBG][ENCODE] encode: 0.63ms
[2024652189][DBG][CAPTURE] capture_frame: 13.44ms
[2024652216][DBG][CAPTURE] capture_frame: 26.91ms
[2024652229][DBG][CAPTURE] capture_frame: 13.15ms
[2024652230][DBG][ENCODE] encode: 0.60ms
[2024652257][DBG][CAPTURE] capture_frame: 26.88ms
[2024652287][DBG][CAPTURE] capture_frame: 30.07ms
[2024652307][DBG][CAPTURE] capture_frame: 20.17ms
[2024652308][DBG][ENCODE] encode: 0.58ms
[2024652328][DBG][CAPTURE] capture_frame: 20.03ms
[2024652333][DBG][CAPTURE] capture_frame: 4.83ms
[2024652333][DBG][ENCODE] encode: 0.56ms
[2024652349][DBG][CAPTURE] capture_frame: 15.25ms
[2024652349][DBG][ENCODE] encode: 0.44ms
[2024652367][DBG][CAPTURE] capture_frame: 17.39ms
[2024652368][DBG][CAPTURE] capture_frame: 1.26ms
[2024652369][DBG][ENCODE] encode: 0.56ms
[2024652399][DBG][CAPTURE] capture_frame: 30.25ms
[2024652399][WRN][HostSession] Client timed out (5030ms)
[2024652399][INF][HOST] Client disconnected
