[2021994739][WRN][CAPTURE] DuplicateOutput1 failed: 0x887A0004, falling back
[2021994740][INF][CAPTURE] DuplicateOutput fallback: BGRA SDR
[2021994740][INF][CAPTURE] Initialized DXGI capture: 3440x1440 on monitor 0
[2021994740][INF][HOST] Capture: 3440x1440
[2021994744][INF][ENCODE] AMF loaded successfully
[2021994816][INF][ENCODE] AMF HEVC 10-bit encoder initialized: 3440x1440 @ 60 fps, 15000 kbps, SDR
[2021994818][INF][HostSession] Listening on port 9879
[2021994818][INF][HOST] Waiting for client on port 9879... (Ctrl+C to stop)
[2021994818][DBG][CAPTURE] capture_frame: 0.47ms
[2021994846][DBG][ENCODE] encode: 27.25ms
[2021994862][DBG][CAPTURE] capture_frame: 16.00ms
[2021994889][DBG][CAPTURE] capture_frame: 27.25ms
[2021994891][DBG][ENCODE] encode: 1.64ms
[2021994904][DBG][CAPTURE] capture_frame: 12.99ms
[2021994933][DBG][CAPTURE] capture_frame: 29.11ms
[2021994944][DBG][CAPTURE] capture_frame: 10.87ms
[2021994945][DBG][ENCODE] encode: 0.65ms
[2021994959][DBG][CAPTURE] capture_frame: 13.96ms
[2021994975][DBG][CAPTURE] capture_frame: 16.22ms
[2021994976][DBG][ENCODE] encode: 0.59ms
[2021994992][DBG][CAPTURE] capture_frame: 15.61ms
[2021994992][DBG][ENCODE] encode: 0.53ms
[2021995009][DBG][CAPTURE] capture_frame: 16.80ms
[2021995010][DBG][CAPTURE] capture_frame: 1.44ms
[2021995011][DBG][ENCODE] encode: 0.55ms
[2021995034][DBG][CAPTURE] capture_frame: 22.91ms
[2021995051][DBG][CAPTURE] capture_frame: 16.46ms
[2021995065][DBG][CAPTURE] capture_frame: 14.72ms
[2021995066][DBG][ENCODE] encode: 0.66ms
[2021995090][DBG][CAPTURE] capture_frame: 23.71ms
[2021995090][DBG][ENCODE] encode: 0.62ms
[2021995105][DBG][CAPTURE] capture_frame: 14.11ms
[2021995114][DBG][CAPTURE] capture_frame: 9.27ms
[2021995115][DBG][ENCODE] encode: 0.66ms
[2021995131][DBG][CAPTURE] capture_frame: 16.21ms
[2021995159][DBG][CAPTURE] capture_frame: 27.76ms
[2021995168][DBG][CAPTURE] capture_frame: 9.67ms
[2021995169][DBG][ENCODE] encode: 0.66ms
[2021995197][DBG][CAPTURE] capture_frame: 27.55ms
[2021995223][DBG][CAPTURE] capture_frame: 26.24ms
[2021995224][DBG][ENCODE] encode: 0.69ms
[2021995239][DBG][CAPTURE] capture_frame: 15.21ms
[2021995265][DBG][CAPTURE] capture_frame: 25.72ms
[2021995291][DBG][CAPTURE] capture_frame: 25.71ms
[2021995320][DBG][CAPTURE] capture_frame: 29.05ms
[2021995344][DBG][CAPTURE] capture_frame: 24.46ms
[2021995345][DBG][ENCODE] encode: 0.66ms
[2021995362][DBG][CAPTURE] capture_frame: 16.77ms
[2021995390][DBG][CAPTURE] capture_frame: 28.57ms
[2021995405][DBG][CAPTURE] capture_frame: 14.63ms
[2021995406][DBG][ENCODE] encode: 0.67ms
[2021995431][DBG][CAPTURE] capture_frame: 24.62ms
[2021995457][DBG][CAPTURE] capture_frame: 26.32ms
[2021995466][DBG][CAPTURE] capture_frame: 8.95ms
[2021995467][DBG][ENCODE] encode: 0.68ms
[2021995485][DBG][CAPTURE] capture_frame: 18.27ms
[2021995496][DBG][CAPTURE] capture_frame: 10.99ms
[2021995497][DBG][ENCODE] encode: 0.59ms
[2021995513][DBG][CAPTURE] capture_frame: 16.57ms
[2021995527][DBG][CAPTURE] capture_frame: 13.19ms
[2021995527][DBG][ENCODE] encode: 0.74ms
[2021995546][DBG][CAPTURE] capture_frame: 18.15ms
[2021995562][DBG][CAPTURE] capture_frame: 16.57ms
[2021995588][DBG][CAPTURE] capture_frame: 25.19ms
[2021995593][DBG][CAPTURE] capture_frame: 5.61ms
[2021995594][DBG][ENCODE] encode: 0.74ms
[2021995613][DBG][CAPTURE] capture_frame: 18.85ms
[2021995636][DBG][CAPTURE] capture_frame: 22.60ms
[2021995636][DBG][ENCODE] encode: 0.73ms
[2021995651][DBG][CAPTURE] capture_frame: 14.74ms
[2021995681][DBG][CAPTURE] capture_frame: 30.19ms
[2021995697][DBG][CAPTURE] capture_frame: 15.00ms
[2021995697][DBG][ENCODE] encode: 0.76ms
[2021995723][DBG][CAPTURE] capture_frame: 25.61ms
[2021995748][DBG][CAPTURE] capture_frame: 25.30ms
[2021995757][DBG][CAPTURE] capture_frame: 8.65ms
[2021995758][DBG][ENCODE] encode: 0.67ms
[2021995764][DBG][CAPTURE] capture_frame: 5.66ms
[2021995765][DBG][ENCODE] encode: 1.49ms
[2021995766][DBG][CAPTURE] capture_frame: 1.16ms
[2021995767][DBG][ENCODE] encode: 0.50ms
[2021995769][DBG][CAPTURE] capture_frame: 2.40ms
[2021995770][DBG][ENCODE] encode: 0.30ms
[2021995770][DBG][CAPTURE] capture_frame: 0.64ms
[2021995771][DBG][ENCODE] encode: 0.66ms
[2021995773][DBG][CAPTURE] capture_frame: 2.30ms
[2021995775][DBG][ENCODE] encode: 1.40ms
[2021995778][DBG][CAPTURE] capture_frame: 3.50ms
[2021995779][DBG][ENCODE] encode: 0.46ms
[2021995782][DBG][CAPTURE] capture_frame: 3.49ms
[2021995783][DBG][ENCODE] encode: 0.83ms
[2021995783][DBG][CAPTURE] capture_frame: 0.04ms
[2021995785][DBG][ENCODE] encode: 1.88ms
[2021995789][DBG][CAPTURE] capture_frame: 4.07ms
[2021995790][DBG][ENCODE] encode: 0.42ms
[2021995790][DBG][CAPTURE] capture_frame: 0.48ms
[2021995791][DBG][ENCODE] encode: 0.83ms
[2021995793][DBG][CAPTURE] capture_frame: 2.11ms
[2021995795][DBG][ENCODE] encode: 1.59ms
[2021995795][DBG][CAPTURE] capture_frame: 0.02ms
[2021995796][DBG][ENCODE] encode: 0.82ms
[2021995796][DBG][CAPTURE] capture_frame: 0.03ms
[2021995797][DBG][ENCODE] encode: 0.69ms
[2021995797][DBG][CAPTURE] capture_frame: 0.02ms
[2021995798][DBG][ENCODE] encode: 0.88ms
[2021995798][DBG][CAPTURE] capture_frame: 0.63ms
[2021995799][DBG][ENCODE] encode: 0.79ms
[2021995799][DBG][CAPTURE] capture_frame: 0.13ms
[2021995801][DBG][ENCODE] encode: 1.85ms
[2021995801][DBG][CAPTURE] capture_frame: 0.10ms
[2021995802][DBG][ENCODE] encode: 0.74ms
[2021995803][DBG][CAPTURE] capture_frame: 1.14ms
[2021995804][DBG][ENCODE] encode: 0.32ms
[2021995804][DBG][CAPTURE] capture_frame: 0.63ms
[2021995805][DBG][ENCODE] encode: 0.58ms
[2021995806][DBG][CAPTURE] capture_frame: 1.34ms
[2021995807][DBG][ENCODE] encode: 1.04ms
[2021995809][DBG][CAPTURE] capture_frame: 1.96ms
[2021995809][ERR][ENCODE] SubmitInput failed: 25
[2021995809][DBG][ENCODE] encode: 0.04ms
[2021995810][DBG][CAPTURE] capture_frame: 0.87ms
[2021995810][ERR][ENCODE] SubmitInput failed: 25
[2021995810][DBG][ENCODE] encode: 0.04ms
[2021995814][DBG][CAPTURE] capture_frame: 3.93ms
[2021995815][DBG][ENCODE] encode: 0.83ms
[2021995815][DBG][CAPTURE] capture_frame: 0.03ms
[2021995815][ERR][ENCODE] SubmitInput failed: 25
[2021995815][DBG][ENCODE] encode: 0.03ms
[2021995816][DBG][CAPTURE] capture_frame: 0.91ms
[2021995816][ERR][ENCODE] SubmitInput failed: 25
[2021995816][DBG][ENCODE] encode: 0.04ms
[2021995817][DBG][CAPTURE] capture_frame: 0.90ms
[2021995817][ERR][ENCODE] SubmitInput failed: 25
[2021995817][DBG][ENCODE] encode: 0.04ms
[2021995818][DBG][CAPTURE] capture_frame: 0.84ms
[2021995818][ERR][ENCODE] SubmitInput failed: 25
[2021995818][DBG][ENCODE] encode: 0.03ms
[2021995819][DBG][CAPTURE] capture_frame: 0.89ms
[2021995819][ERR][ENCODE] SubmitInput failed: 25
[2021995819][DBG][ENCODE] encode: 0.03ms
[2021995821][DBG][CAPTURE] capture_frame: 1.90ms
[2021995822][DBG][ENCODE] encode: 0.51ms
[2021995822][DBG][CAPTURE] capture_frame: 0.43ms
[2021995822][ERR][ENCODE] SubmitInput failed: 25
[2021995822][DBG][ENCODE] encode: 0.03ms
[2021995841][DBG][CAPTURE] capture_frame: 18.07ms
[2021995866][DBG][CAPTURE] capture_frame: 25.32ms
[2021995892][DBG][CAPTURE] capture_frame: 26.09ms
[2021995921][DBG][CAPTURE] capture_frame: 28.57ms
[2021995946][DBG][CAPTURE] capture_frame: 25.58ms
[2021995963][DBG][CAPTURE] capture_frame: 16.44ms
[2021995969][DBG][CAPTURE] capture_frame: 5.81ms
[2021995971][DBG][ENCODE] encode: 1.94ms
[2021995992][DBG][CAPTURE] capture_frame: 21.27ms
[2021996018][DBG][CAPTURE] capture_frame: 25.70ms
[2021996019][DBG][CAPTURE] capture_frame: 0.78ms
[2021996019][DBG][ENCODE] encode: 0.69ms
[2021996044][DBG][CAPTURE] capture_frame: 24.13ms
[2021996053][DBG][CAPTURE] capture_frame: 8.86ms
[2021996053][DBG][ENCODE] encode: 0.70ms
[2021996054][DBG][CAPTURE] capture_frame: 1.01ms
[2021996055][DBG][ENCODE] encode: 0.24ms
[2021996056][DBG][CAPTURE] capture_frame: 1.65ms
[2021996057][DBG][ENCODE] encode: 0.27ms
[2021996058][DBG][CAPTURE] capture_frame: 0.97ms
[2021996058][DBG][ENCODE] encode: 0.28ms
[2021996058][DBG][CAPTURE] capture_frame: 0.35ms
[2021996059][DBG][ENCODE] encode: 0.29ms
[2021996060][DBG][CAPTURE] capture_frame: 1.05ms
[2021996060][DBG][ENCODE] encode: 0.57ms
[2021996060][DBG][CAPTURE] capture_frame: 0.03ms
[2021996061][DBG][ENCODE] encode: 0.38ms
[2021996062][DBG][CAPTURE] capture_frame: 1.40ms
[2021996063][DBG][ENCODE] encode: 0.29ms
[2021996063][DBG][CAPTURE] capture_frame: 0.64ms
[2021996064][DBG][ENCODE] encode: 0.40ms
[2021996064][DBG][CAPTURE] capture_frame: 0.54ms
[2021996065][DBG][ENCODE] encode: 0.22ms
[2021996065][DBG][CAPTURE] capture_frame: 0.72ms
[2021996066][DBG][ENCODE] encode: 0.29ms
[2021996066][DBG][CAPTURE] capture_frame: 0.63ms
[2021996067][DBG][ENCODE] encode: 0.23ms
[2021996085][DBG][CAPTURE] capture_frame: 18.19ms
[2021996113][DBG][CAPTURE] capture_frame: 28.23ms
[2021996139][DBG][CAPTURE] capture_frame: 25.49ms
[2021996168][DBG][CAPTURE] capture_frame: 29.03ms
[2021996169][DBG][CAPTURE] capture_frame: 1.19ms
[2021996170][DBG][ENCODE] encode: 1.15ms
[2021996170][DBG][CAPTURE] capture_frame: 0.03ms
[2021996171][DBG][ENCODE] encode: 0.20ms
[2021996171][DBG][CAPTURE] capture_frame: 0.62ms
[2021996172][DBG][ENCODE] encode: 0.23ms
[2021996172][DBG][CAPTURE] capture_frame: 0.69ms
[2021996173][DBG][ENCODE] encode: 0.22ms
[2021996173][DBG][CAPTURE] capture_frame: 0.72ms
[2021996174][DBG][ENCODE] encode: 0.25ms
[2021996174][DBG][CAPTURE] capture_frame: 0.69ms
[2021996175][DBG][ENCODE] encode: 0.26ms
[2021996175][DBG][CAPTURE] capture_frame: 0.67ms
[2021996176][DBG][ENCODE] encode: 0.25ms
[2021996197][DBG][CAPTURE] capture_frame: 21.51ms
[2021996223][DBG][CAPTURE] capture_frame: 25.66ms
[2021996236][DBG][CAPTURE] capture_frame: 13.31ms
[2021996238][DBG][ENCODE] encode: 1.20ms
[2021996238][INF][HOST] Frames: 60, FPS: 42.3, RTT: 0.0ms, state: waiting
[2021996238][DBG][CAPTURE] capture_frame: 0.10ms
[2021996238][DBG][ENCODE] encode: 0.27ms
[2021996238][DBG][CAPTURE] capture_frame: 0.02ms
[2021996238][DBG][ENCODE] encode: 0.21ms
[2021996243][DBG][CAPTURE] capture_frame: 4.68ms
[2021996244][DBG][ENCODE] encode: 0.43ms
[2021996265][DBG][CAPTURE] capture_frame: 21.73ms
[2021996279][DBG][CAPTURE] capture_frame: 13.30ms
[2021996280][DBG][ENCODE] encode: 0.82ms
[2021996291][DBG][CAPTURE] capture_frame: 11.22ms
[2021996292][DBG][ENCODE] encode: 0.69ms
[2021996308][DBG][CAPTURE] capture_frame: 16.10ms
[2021996316][DBG][CAPTURE] capture_frame: 8.04ms
[2021996317][DBG][ENCODE] encode: 0.72ms
[2021996337][DBG][CAPTURE] capture_frame: 19.78ms
[2021996358][DBG][CAPTURE] capture_frame: 21.67ms
[2021996359][DBG][ENCODE] encode: 0.68ms
[2021996376][DBG][CAPTURE] capture_frame: 16.51ms
[2021996389][DBG][CAPTURE] capture_frame: 13.70ms
[2021996390][DBG][ENCODE] encode: 0.65ms
[2021996398][DBG][CAPTURE] capture_frame: 7.26ms
[2021996398][DBG][ENCODE] encode: 0.57ms
[2021996403][DBG][CAPTURE] capture_frame: 5.30ms
[2021996404][DBG][ENCODE] encode: 0.67ms
[2021996404][DBG][CAPTURE] capture_frame: 0.13ms
[2021996405][DBG][ENCODE] encode: 0.25ms
[2021996406][DBG][CAPTURE] capture_frame: 1.78ms
[2021996407][DBG][ENCODE] encode: 0.47ms
[2021996407][DBG][CAPTURE] capture_frame: 0.30ms
[2021996408][DBG][ENCODE] encode: 0.32ms
[2021996408][DBG][CAPTURE] capture_frame: 0.60ms
[2021996409][DBG][ENCODE] encode: 0.29ms
[2021996410][DBG][CAPTURE] capture_frame: 1.67ms
[2021996411][DBG][ENCODE] encode: 0.32ms
[2021996412][DBG][CAPTURE] capture_frame: 1.61ms
[2021996413][DBG][ENCODE] encode: 0.49ms
[2021996430][DBG][CAPTURE] capture_frame: 17.50ms
[2021996458][DBG][CAPTURE] capture_frame: 27.91ms
[2021996474][DBG][CAPTURE] capture_frame: 15.52ms
[2021996475][DBG][ENCODE] encode: 0.77ms
[2021996475][DBG][CAPTURE] capture_frame: 0.02ms
[2021996475][DBG][ENCODE] encode: 0.19ms
[2021996475][DBG][CAPTURE] capture_frame: 0.17ms
[2021996476][DBG][ENCODE] encode: 0.21ms
[2021996476][DBG][CAPTURE] capture_frame: 0.73ms
[2021996477][DBG][ENCODE] encode: 0.23ms
[2021996477][DBG][CAPTURE] capture_frame: 0.72ms
[2021996478][DBG][ENCODE] encode: 0.22ms
[2021996478][DBG][CAPTURE] capture_frame: 0.74ms
[2021996479][DBG][ENCODE] encode: 0.22ms
[2021996479][DBG][CAPTURE] capture_frame: 0.73ms
[2021996480][DBG][ENCODE] encode: 0.32ms
[2021996480][DBG][CAPTURE] capture_frame: 0.57ms
[2021996481][DBG][ENCODE] encode: 0.27ms
[2021996481][DBG][CAPTURE] capture_frame: 0.68ms
[2021996482][DBG][ENCODE] encode: 0.24ms
[2021996482][DBG][CAPTURE] capture_frame: 0.72ms
[2021996483][DBG][ENCODE] encode: 0.30ms
[2021996483][DBG][CAPTURE] capture_frame: 0.63ms
[2021996484][DBG][ENCODE] encode: 0.29ms
[2021996484][DBG][CAPTURE] capture_frame: 0.66ms
[2021996485][DBG][ENCODE] encode: 0.29ms
[2021996485][DBG][CAPTURE] capture_frame: 0.60ms
[2021996486][DBG][ENCODE] encode: 0.20ms
[2021996486][DBG][CAPTURE] capture_frame: 0.75ms
[2021996487][DBG][ENCODE] encode: 0.23ms
[2021996487][DBG][CAPTURE] capture_frame: 0.71ms
[2021996488][DBG][ENCODE] encode: 0.36ms
[2021996488][DBG][CAPTURE] capture_frame: 0.58ms
[2021996489][DBG][ENCODE] encode: 0.25ms
[2021996489][DBG][CAPTURE] capture_frame: 0.69ms
[2021996490][DBG][ENCODE] encode: 0.24ms
[2021996491][DBG][CAPTURE] capture_frame: 1.70ms
[2021996491][ERR][ENCODE] SubmitInput failed: 25
[2021996491][DBG][ENCODE] encode: 0.03ms
[2021996492][DBG][CAPTURE] capture_frame: 0.92ms
[2021996492][ERR][ENCODE] SubmitInput failed: 25
[2021996492][DBG][ENCODE] encode: 0.03ms
[2021996494][DBG][CAPTURE] capture_frame: 1.89ms
[2021996496][DBG][ENCODE] encode: 1.36ms
[2021996496][DBG][CAPTURE] capture_frame: 0.02ms
[2021996496][ERR][ENCODE] SubmitInput failed: 25
[2021996496][DBG][ENCODE] encode: 0.24ms
[2021996496][DBG][CAPTURE] capture_frame: 0.25ms
[2021996496][ERR][ENCODE] SubmitInput failed: 25
[2021996496][DBG][ENCODE] encode: 0.03ms
[2021996497][DBG][CAPTURE] capture_frame: 0.93ms
[2021996497][ERR][ENCODE] SubmitInput failed: 25
[2021996497][DBG][ENCODE] encode: 0.03ms
[2021996498][DBG][CAPTURE] capture_frame: 0.90ms
[2021996498][ERR][ENCODE] SubmitInput failed: 25
[2021996498][DBG][ENCODE] encode: 0.03ms
[2021996499][DBG][CAPTURE] capture_frame: 0.98ms
[2021996499][ERR][ENCODE] SubmitInput failed: 25
[2021996499][DBG][ENCODE] encode: 0.04ms
[2021996501][DBG][CAPTURE] capture_frame: 1.86ms
[2021996501][ERR][ENCODE] SubmitInput failed: 25
[2021996501][DBG][ENCODE] encode: 0.04ms
[2021996502][DBG][CAPTURE] capture_frame: 0.91ms
[2021996502][ERR][ENCODE] SubmitInput failed: 25
[2021996502][DBG][ENCODE] encode: 0.05ms
[2021996503][DBG][CAPTURE] capture_frame: 0.81ms
[2021996504][DBG][ENCODE] encode: 0.49ms
[2021996506][DBG][CAPTURE] capture_frame: 2.49ms
[2021996506][ERR][ENCODE] SubmitInput failed: 25
[2021996506][DBG][ENCODE] encode: 0.06ms
[2021996507][DBG][CAPTURE] capture_frame: 0.83ms
[2021996507][ERR][ENCODE] SubmitInput failed: 25
[2021996507][DBG][ENCODE] encode: 0.03ms
[2021996508][DBG][CAPTURE] capture_frame: 0.89ms
[2021996508][ERR][ENCODE] SubmitInput failed: 25
[2021996508][DBG][ENCODE] encode: 0.03ms
[2021996510][DBG][CAPTURE] capture_frame: 1.89ms
[2021996510][ERR][ENCODE] SubmitInput failed: 25
[2021996510][DBG][ENCODE] encode: 0.04ms
[2021996512][DBG][CAPTURE] capture_frame: 1.88ms
[2021996512][ERR][ENCODE] SubmitInput failed: 25
[2021996512][DBG][ENCODE] encode: 0.03ms
[2021996513][DBG][CAPTURE] capture_frame: 0.91ms
[2021996514][DBG][ENCODE] encode: 0.55ms
[2021996514][DBG][CAPTURE] capture_frame: 0.37ms
[2021996514][ERR][ENCODE] SubmitInput failed: 25
[2021996514][DBG][ENCODE] encode: 0.04ms
[2021996515][DBG][CAPTURE] capture_frame: 0.88ms
[2021996515][ERR][ENCODE] SubmitInput failed: 25
[2021996515][DBG][ENCODE] encode: 0.03ms
[2021996517][DBG][CAPTURE] capture_frame: 1.90ms
[2021996517][ERR][ENCODE] SubmitInput failed: 25
[2021996517][DBG][ENCODE] encode: 0.03ms
[2021996518][DBG][CAPTURE] capture_frame: 0.94ms
[2021996518][ERR][ENCODE] SubmitInput failed: 25
[2021996518][DBG][ENCODE] encode: 0.04ms
[2021996519][DBG][CAPTURE] capture_frame: 0.89ms
[2021996519][ERR][ENCODE] SubmitInput failed: 25
[2021996519][DBG][ENCODE] encode: 0.03ms
[2021996520][DBG][CAPTURE] capture_frame: 0.88ms
[2021996520][ERR][ENCODE] SubmitInput failed: 25
[2021996520][DBG][ENCODE] encode: 0.03ms
[2021996521][DBG][CAPTURE] capture_frame: 0.95ms
[2021996521][ERR][ENCODE] SubmitInput failed: 25
[2021996521][DBG][ENCODE] encode: 0.03ms
[2021996522][DBG][CAPTURE] capture_frame: 0.88ms
[2021996523][DBG][ENCODE] encode: 0.48ms
[2021996524][DBG][CAPTURE] capture_frame: 1.47ms
[2021996524][ERR][ENCODE] SubmitInput failed: 25
[2021996524][DBG][ENCODE] encode: 0.04ms
[2021996525][DBG][CAPTURE] capture_frame: 0.97ms
[2021996525][ERR][ENCODE] SubmitInput failed: 25
[2021996525][DBG][ENCODE] encode: 0.05ms
[2021996526][DBG][CAPTURE] capture_frame: 0.85ms
[2021996526][ERR][ENCODE] SubmitInput failed: 25
[2021996526][DBG][ENCODE] encode: 0.03ms
[2021996527][DBG][CAPTURE] capture_frame: 0.88ms
[2021996527][ERR][ENCODE] SubmitInput failed: 25
[2021996527][DBG][ENCODE] encode: 0.04ms
[2021996544][DBG][CAPTURE] capture_frame: 16.36ms
[2021996570][DBG][CAPTURE] capture_frame: 26.05ms
[2021996596][DBG][CAPTURE] capture_frame: 25.94ms
[2021996622][DBG][CAPTURE] capture_frame: 25.50ms
[2021996648][DBG][CAPTURE] capture_frame: 26.90ms
[2021996674][DBG][CAPTURE] capture_frame: 24.98ms
[2021996675][DBG][ENCODE] encode: 1.41ms
[2021996675][DBG][CAPTURE] capture_frame: 0.28ms
[2021996676][DBG][ENCODE] encode: 0.33ms
[2021996676][DBG][CAPTURE] capture_frame: 0.59ms
[2021996677][DBG][ENCODE] encode: 0.36ms
[2021996701][DBG][CAPTURE] capture_frame: 24.30ms
[2021996704][DBG][CAPTURE] capture_frame: 3.06ms
[2021996705][DBG][ENCODE] encode: 0.84ms
[2021996705][DBG][CAPTURE] capture_frame: 0.02ms
[2021996706][DBG][ENCODE] encode: 0.25ms
[2021996707][DBG][CAPTURE] capture_frame: 1.91ms
[2021996708][DBG][ENCODE] encode: 0.35ms
[2021996708][DBG][CAPTURE] capture_frame: 0.56ms
[2021996709][DBG][ENCODE] encode: 0.33ms
[2021996709][DBG][CAPTURE] capture_frame: 0.64ms
[2021996710][DBG][ENCODE] encode: 0.34ms
[2021996710][DBG][CAPTURE] capture_frame: 0.50ms
[2021996711][DBG][ENCODE] encode: 0.35ms
[2021996715][DBG][CAPTURE] capture_frame: 3.92ms
[2021996716][DBG][ENCODE] encode: 0.89ms
[2021996716][DBG][CAPTURE] capture_frame: 0.03ms
[2021996716][DBG][ENCODE] encode: 0.40ms
[2021996716][DBG][CAPTURE] capture_frame: 0.13ms
[2021996717][DBG][ENCODE] encode: 0.28ms
[2021996740][DBG][CAPTURE] capture_frame: 23.73ms
[2021996766][DBG][CAPTURE] capture_frame: 25.40ms
[2021996794][DBG][CAPTURE] capture_frame: 27.99ms
[2021996795][DBG][CAPTURE] capture_frame: 0.97ms
[2021996796][DBG][ENCODE] encode: 0.97ms
[2021996796][DBG][CAPTURE] capture_frame: 0.02ms
[2021996797][DBG][ENCODE] encode: 0.28ms
[2021996797][DBG][CAPTURE] capture_frame: 0.02ms
[2021996797][DBG][ENCODE] encode: 0.26ms
[2021996799][DBG][CAPTURE] capture_frame: 1.82ms
[2021996799][DBG][ENCODE] encode: 0.42ms
[2021996799][DBG][CAPTURE] capture_frame: 0.12ms
[2021996800][DBG][ENCODE] encode: 0.28ms
[2021996800][DBG][CAPTURE] capture_frame: 0.66ms
[2021996801][DBG][ENCODE] encode: 0.32ms
[2021996802][DBG][CAPTURE] capture_frame: 1.61ms
[2021996803][DBG][ENCODE] encode: 0.39ms
[2021996804][DBG][CAPTURE] capture_frame: 1.58ms
[2021996805][DBG][ENCODE] encode: 0.35ms
[2021996808][DBG][CAPTURE] capture_frame: 3.67ms
[2021996809][DBG][ENCODE] encode: 0.66ms
[2021996809][DBG][CAPTURE] capture_frame: 0.12ms
[2021996810][DBG][ENCODE] encode: 0.33ms
[2021996810][DBG][CAPTURE] capture_frame: 0.53ms
[2021996811][DBG][ENCODE] encode: 0.34ms
[2021996812][DBG][CAPTURE] capture_frame: 1.67ms
[2021996813][DBG][ENCODE] encode: 0.58ms
[2021996813][DBG][CAPTURE] capture_frame: 0.23ms
[2021996814][DBG][ENCODE] encode: 0.50ms
[2021996817][DBG][CAPTURE] capture_frame: 2.61ms
[2021996817][DBG][ENCODE] encode: 0.46ms
[2021996817][DBG][CAPTURE] capture_frame: 0.35ms
[2021996818][DBG][ENCODE] encode: 0.28ms
[2021996819][DBG][CAPTURE] capture_frame: 1.55ms
[2021996820][DBG][ENCODE] encode: 0.46ms
[2021996845][DBG][CAPTURE] capture_frame: 24.60ms
[2021996870][DBG][CAPTURE] capture_frame: 25.30ms
[2021996898][DBG][CAPTURE] capture_frame: 27.66ms
[2021996924][DBG][CAPTURE] capture_frame: 26.62ms
[2021996946][DBG][CAPTURE] capture_frame: 21.79ms
[2021996948][DBG][ENCODE] encode: 1.43ms
[2021996948][INF][HOST] Frames: 120, FPS: 56.3, RTT: 0.0ms, state: waiting
[2021996950][DBG][CAPTURE] capture_frame: 1.91ms
[2021996950][DBG][ENCODE] encode: 0.42ms
[2021996950][DBG][CAPTURE] capture_frame: 0.02ms
[2021996951][DBG][ENCODE] encode: 0.27ms
[2021996952][DBG][CAPTURE] capture_frame: 0.84ms
[2021996952][DBG][ENCODE] encode: 0.33ms
[2021996952][DBG][CAPTURE] capture_frame: 0.44ms
[2021996953][DBG][ENCODE] encode: 0.41ms
[2021996958][DBG][CAPTURE] capture_frame: 5.54ms
[2021996959][DBG][ENCODE] encode: 0.76ms
[2021996959][INF][HostSession] Client connected from 127.0.0.1:60979
[2021996981][DBG][CAPTURE] capture_frame: 21.41ms
[2021997008][DBG][CAPTURE] capture_frame: 27.35ms
[2021997008][INF][HOST] IDR requested for new client
[2021997010][DBG][ENCODE] encode: 1.34ms
[2021997027][DBG][CAPTURE] capture_frame: 17.06ms
[2021997030][DBG][CAPTURE] capture_frame: 2.10ms
[2021997031][DBG][ENCODE] encode: 1.19ms
[2021997043][DBG][CAPTURE] capture_frame: 10.79ms
[2021997045][DBG][ENCODE] encode: 1.36ms
[2021997055][DBG][CAPTURE] capture_frame: 9.41ms
[2021997056][DBG][ENCODE] encode: 0.79ms
[2021997067][DBG][CAPTURE] capture_frame: 11.51ms
[2021997068][DBG][ENCODE] encode: 1.07ms
[2021997085][DBG][CAPTURE] capture_frame: 16.41ms
[2021997086][DBG][CAPTURE] capture_frame: 0.61ms
[2021997087][DBG][ENCODE] encode: 1.28ms
[2021997088][DBG][CAPTURE] capture_frame: 0.23ms
[2021997088][DBG][ENCODE] encode: 0.61ms
[2021997089][DBG][CAPTURE] capture_frame: 1.06ms
[2021997090][DBG][ENCODE] encode: 0.44ms
[2021997092][DBG][CAPTURE] capture_frame: 1.46ms
[2021997092][DBG][ENCODE] encode: 0.35ms
[2021997113][DBG][CAPTURE] capture_frame: 21.19ms
[2021997139][DBG][CAPTURE] capture_frame: 25.99ms
[2021997143][DBG][CAPTURE] capture_frame: 3.66ms
[2021997144][DBG][ENCODE] encode: 0.83ms
[2021997145][DBG][CAPTURE] capture_frame: 0.04ms
[2021997145][DBG][ENCODE] encode: 0.45ms
[2021997168][DBG][CAPTURE] capture_frame: 22.91ms
[2021997178][DBG][CAPTURE] capture_frame: 8.72ms
[2021997179][DBG][ENCODE] encode: 1.12ms
[2021997191][DBG][CAPTURE] capture_frame: 12.02ms
[2021997192][DBG][ENCODE] encode: 0.83ms
[2021997199][DBG][CAPTURE] capture_frame: 6.07ms
[2021997200][DBG][ENCODE] encode: 0.93ms
[2021997221][DBG][CAPTURE] capture_frame: 21.56ms
[2021997222][DBG][ENCODE] encode: 0.70ms
[2021997222][DBG][CAPTURE] capture_frame: 0.13ms
[2021997223][DBG][ENCODE] encode: 0.22ms
[2021997223][DBG][CAPTURE] capture_frame: 0.68ms
[2021997224][DBG][ENCODE] encode: 0.27ms
[2021997243][DBG][CAPTURE] capture_frame: 18.92ms
[2021997257][DBG][CAPTURE] capture_frame: 14.49ms
[2021997258][DBG][ENCODE] encode: 0.78ms
[2021997258][DBG][CAPTURE] capture_frame: 0.03ms
[2021997259][DBG][ENCODE] encode: 0.24ms
[2021997271][DBG][CAPTURE] capture_frame: 12.46ms
[2021997281][DBG][CAPTURE] capture_frame: 10.03ms
[2021997282][DBG][ENCODE] encode: 0.77ms
[2021997283][DBG][CAPTURE] capture_frame: 1.17ms
[2021997284][DBG][ENCODE] encode: 0.34ms
[2021997284][DBG][CAPTURE] capture_frame: 0.59ms
[2021997285][DBG][ENCODE] encode: 0.27ms
[2021997300][DBG][CAPTURE] capture_frame: 14.93ms
[2021997311][DBG][CAPTURE] capture_frame: 11.66ms
[2021997312][DBG][ENCODE] encode: 0.69ms
[2021997312][DBG][CAPTURE] capture_frame: 0.03ms
[2021997313][DBG][ENCODE] encode: 0.25ms
[2021997313][DBG][CAPTURE] capture_frame: 0.02ms
[2021997313][DBG][ENCODE] encode: 0.18ms
[2021997314][DBG][CAPTURE] capture_frame: 1.47ms
[2021997315][DBG][ENCODE] encode: 0.23ms
[2021997316][DBG][CAPTURE] capture_frame: 1.72ms
[2021997317][DBG][ENCODE] encode: 0.30ms
[2021997318][DBG][CAPTURE] capture_frame: 0.91ms
[2021997318][DBG][ENCODE] encode: 0.32ms
[2021997341][DBG][CAPTURE] capture_frame: 23.37ms
[2021997366][DBG][CAPTURE] capture_frame: 24.64ms
[2021997367][DBG][ENCODE] encode: 0.81ms
[2021997378][DBG][CAPTURE] capture_frame: 10.76ms
[2021997379][DBG][ENCODE] encode: 0.65ms
[2021997390][DBG][CAPTURE] capture_frame: 10.88ms
[2021997390][DBG][ENCODE] encode: 0.52ms
[2021997402][DBG][CAPTURE] capture_frame: 11.78ms
[2021997403][DBG][ENCODE] encode: 0.52ms
[2021997415][DBG][CAPTURE] capture_frame: 11.69ms
[2021997416][DBG][ENCODE] encode: 0.62ms
[2021997427][DBG][CAPTURE] capture_frame: 10.96ms
[2021997427][DBG][ENCODE] encode: 0.53ms
[2021997438][DBG][CAPTURE] capture_frame: 10.95ms
[2021997439][DBG][ENCODE] encode: 0.61ms
[2021997451][DBG][CAPTURE] capture_frame: 11.40ms
[2021997451][DBG][ENCODE] encode: 0.62ms
[2021997463][DBG][CAPTURE] capture_frame: 11.38ms
[2021997464][DBG][ENCODE] encode: 0.60ms
[2021997475][DBG][CAPTURE] capture_frame: 11.06ms
[2021997475][DBG][ENCODE] encode: 0.62ms
[2021997487][DBG][CAPTURE] capture_frame: 11.41ms
[2021997488][DBG][ENCODE] encode: 0.76ms
[2021997499][DBG][CAPTURE] capture_frame: 11.38ms
[2021997500][DBG][ENCODE] encode: 0.64ms
[2021997511][DBG][CAPTURE] capture_frame: 10.96ms
[2021997512][DBG][ENCODE] encode: 0.67ms
[2021997523][DBG][CAPTURE] capture_frame: 10.98ms
[2021997524][DBG][ENCODE] encode: 0.59ms
[2021997524][DBG][CAPTURE] capture_frame: 0.03ms
[2021997524][DBG][ENCODE] encode: 0.23ms
[2021997525][DBG][CAPTURE] capture_frame: 1.00ms
[2021997526][DBG][ENCODE] encode: 0.22ms
[2021997527][DBG][CAPTURE] capture_frame: 1.71ms
[2021997528][DBG][ENCODE] encode: 0.23ms
[2021997532][DBG][CAPTURE] capture_frame: 4.77ms
[2021997533][DBG][ENCODE] encode: 0.35ms
[2021997535][DBG][CAPTURE] capture_frame: 2.54ms
[2021997536][DBG][ENCODE] encode: 0.40ms
[2021997538][DBG][CAPTURE] capture_frame: 2.39ms
[2021997539][DBG][ENCODE] encode: 0.31ms
[2021997539][DBG][CAPTURE] capture_frame: 0.60ms
[2021997540][DBG][ENCODE] encode: 0.35ms
[2021997540][DBG][CAPTURE] capture_frame: 0.51ms
[2021997541][DBG][ENCODE] encode: 0.26ms
[2021997543][DBG][CAPTURE] capture_frame: 2.71ms
[2021997544][DBG][ENCODE] encode: 0.36ms
[2021997545][DBG][CAPTURE] capture_frame: 1.41ms
[2021997546][DBG][ENCODE] encode: 0.21ms
[2021997550][DBG][CAPTURE] capture_frame: 4.82ms
[2021997551][DBG][ENCODE] encode: 0.38ms
[2021997557][DBG][CAPTURE] capture_frame: 6.47ms
[2021997558][DBG][ENCODE] encode: 0.64ms
[2021997580][DBG][CAPTURE] capture_frame: 21.86ms
[2021997596][DBG][CAPTURE] capture_frame: 16.20ms
[2021997613][DBG][CAPTURE] capture_frame: 16.03ms
[2021997639][DBG][CAPTURE] capture_frame: 26.68ms
[2021997650][DBG][CAPTURE] capture_frame: 10.84ms
[2021997651][DBG][ENCODE] encode: 0.93ms
[2021997652][INF][HOST] Frames: 180, FPS: 63.5, RTT: 21.5ms, state: connected
[2021997668][DBG][CAPTURE] capture_frame: 16.33ms
[2021997694][DBG][CAPTURE] capture_frame: 25.74ms
[2021997695][DBG][ENCODE] encode: 0.64ms
[2021997709][DBG][CAPTURE] capture_frame: 14.77ms
[2021997737][DBG][CAPTURE] capture_frame: 27.40ms
[2021997760][DBG][CAPTURE] capture_frame: 23.11ms
[2021997761][DBG][ENCODE] encode: 0.63ms
[2021997781][DBG][CAPTURE] capture_frame: 19.81ms
[2021997808][DBG][CAPTURE] capture_frame: 26.96ms
[2021997821][DBG][CAPTURE] capture_frame: 12.75ms
[2021997821][DBG][ENCODE] encode: 0.59ms
[2021997838][DBG][CAPTURE] capture_frame: 16.73ms
[2021997867][DBG][CAPTURE] capture_frame: 28.17ms
[2021997883][DBG][CAPTURE] capture_frame: 16.04ms
[2021997893][DBG][CAPTURE] capture_frame: 10.79ms
[2021997894][DBG][ENCODE] encode: 0.63ms
[2021997912][DBG][CAPTURE] capture_frame: 17.82ms
[2021997928][DBG][CAPTURE] capture_frame: 16.21ms
[2021997958][DBG][CAPTURE] capture_frame: 29.71ms
[2021997973][DBG][CAPTURE] capture_frame: 14.33ms
[2021997973][DBG][ENCODE] encode: 0.60ms
[2021998000][DBG][CAPTURE] capture_frame: 26.45ms
[2021998025][DBG][CAPTURE] capture_frame: 25.32ms
[2021998040][DBG][CAPTURE] capture_frame: 14.29ms
[2021998040][DBG][ENCODE] encode: 0.65ms
[2021998063][DBG][CAPTURE] capture_frame: 22.66ms
[2021998088][DBG][CAPTURE] capture_frame: 24.53ms
[2021998088][DBG][CAPTURE] capture_frame: 0.38ms
[2021998089][DBG][ENCODE] encode: 0.69ms
[2021998100][DBG][CAPTURE] capture_frame: 9.66ms
[2021998101][DBG][ENCODE] encode: 0.56ms
[2021998113][DBG][CAPTURE] capture_frame: 11.88ms
[2021998114][DBG][ENCODE] encode: 0.59ms
[2021998125][DBG][CAPTURE] capture_frame: 11.12ms
[2021998126][DBG][ENCODE] encode: 0.91ms
[2021998137][DBG][CAPTURE] capture_frame: 10.94ms
[2021998138][DBG][ENCODE] encode: 0.63ms
[2021998149][DBG][CAPTURE] capture_frame: 10.59ms
[2021998149][DBG][ENCODE] encode: 0.51ms
[2021998161][DBG][CAPTURE] capture_frame: 11.69ms
[2021998162][DBG][ENCODE] encode: 0.54ms
[2021998173][DBG][CAPTURE] capture_frame: 10.97ms
[2021998174][DBG][ENCODE] encode: 0.67ms
[2021998185][DBG][CAPTURE] capture_frame: 11.44ms
[2021998186][DBG][ENCODE] encode: 0.60ms
[2021998197][DBG][CAPTURE] capture_frame: 11.33ms
[2021998198][DBG][ENCODE] encode: 0.57ms
[2021998209][DBG][CAPTURE] capture_frame: 11.23ms
[2021998210][DBG][ENCODE] encode: 0.57ms
[2021998221][DBG][CAPTURE] capture_frame: 11.19ms
[2021998222][DBG][ENCODE] encode: 0.51ms
[2021998234][DBG][CAPTURE] capture_frame: 11.80ms
[2021998235][DBG][ENCODE] encode: 0.63ms
[2021998246][DBG][CAPTURE] capture_frame: 11.15ms
[2021998247][DBG][ENCODE] encode: 0.65ms
[2021998258][DBG][CAPTURE] capture_frame: 10.91ms
[2021998258][DBG][ENCODE] encode: 0.51ms
[2021998270][DBG][CAPTURE] capture_frame: 11.43ms
[2021998271][DBG][ENCODE] encode: 0.61ms
[2021998282][DBG][CAPTURE] capture_frame: 10.75ms
[2021998282][DBG][ENCODE] encode: 0.54ms
[2021998295][DBG][CAPTURE] capture_frame: 12.48ms
[2021998296][DBG][ENCODE] encode: 0.59ms
[2021998318][DBG][CAPTURE] capture_frame: 22.48ms
[2021998319][DBG][CAPTURE] capture_frame: 0.53ms
[2021998319][DBG][ENCODE] encode: 0.55ms
[2021998347][DBG][CAPTURE] capture_frame: 27.39ms
[2021998349][DBG][CAPTURE] capture_frame: 1.99ms
[2021998350][DBG][ENCODE] encode: 0.62ms
[2021998373][DBG][CAPTURE] capture_frame: 22.83ms
[2021998385][DBG][CAPTURE] capture_frame: 12.64ms
[2021998386][DBG][ENCODE] encode: 0.73ms
[2021998414][DBG][CAPTURE] capture_frame: 27.13ms
[2021998444][DBG][CAPTURE] capture_frame: 29.84ms
[2021998452][DBG][CAPTURE] capture_frame: 8.83ms
[2021998453][DBG][ENCODE] encode: 0.56ms
[2021998470][DBG][CAPTURE] capture_frame: 16.47ms
[2021998495][DBG][CAPTURE] capture_frame: 25.80ms
[2021998496][DBG][ENCODE] encode: 0.66ms
[2021998513][DBG][CAPTURE] capture_frame: 16.30ms
[2021998529][DBG][CAPTURE] capture_frame: 16.21ms
[2021998555][DBG][CAPTURE] capture_frame: 26.30ms
[2021998556][DBG][CAPTURE] capture_frame: 0.20ms
[2021998556][DBG][ENCODE] encode: 0.73ms
[2021998584][DBG][CAPTURE] capture_frame: 27.36ms
[2021998601][DBG][CAPTURE] capture_frame: 16.53ms
[2021998616][DBG][CAPTURE] capture_frame: 15.43ms
[2021998617][DBG][ENCODE] encode: 0.61ms
[2021998644][DBG][CAPTURE] capture_frame: 27.43ms
[2021998669][DBG][CAPTURE] capture_frame: 24.94ms
[2021998671][DBG][CAPTURE] capture_frame: 1.56ms
[2021998672][DBG][ENCODE] encode: 0.64ms
[2021998695][DBG][CAPTURE] capture_frame: 22.68ms
[2021998720][DBG][CAPTURE] capture_frame: 24.87ms
[2021998720][DBG][ENCODE] encode: 0.65ms
[2021998739][DBG][CAPTURE] capture_frame: 18.79ms
[2021998767][DBG][CAPTURE] capture_frame: 28.14ms
[2021998784][DBG][CAPTURE] capture_frame: 16.39ms
[2021998799][DBG][CAPTURE] capture_frame: 14.69ms
[2021998799][DBG][ENCODE] encode: 0.63ms
[2021998824][DBG][CAPTURE] capture_frame: 24.38ms
[2021998847][DBG][CAPTURE] capture_frame: 23.18ms
[2021998848][DBG][ENCODE] encode: 0.80ms
[2021998864][DBG][CAPTURE] capture_frame: 15.81ms
[2021998893][DBG][CAPTURE] capture_frame: 28.78ms
[2021998918][DBG][CAPTURE] capture_frame: 24.99ms
[2021998920][DBG][CAPTURE] capture_frame: 1.35ms
[2021998920][DBG][ENCODE] encode: 0.63ms
[2021998948][DBG][CAPTURE] capture_frame: 27.14ms
[2021998976][DBG][CAPTURE] capture_frame: 27.92ms
[2021998987][DBG][CAPTURE] capture_frame: 10.69ms
[2021998987][DBG][ENCODE] encode: 0.71ms
[2021999005][DBG][CAPTURE] capture_frame: 17.77ms
[2021999032][DBG][CAPTURE] capture_frame: 27.03ms
[2021999048][DBG][CAPTURE] capture_frame: 15.25ms
[2021999048][DBG][ENCODE] encode: 0.67ms
[2021999073][DBG][CAPTURE] capture_frame: 24.50ms
[2021999079][DBG][CAPTURE] capture_frame: 5.28ms
[2021999079][DBG][ENCODE] encode: 0.62ms
[2021999098][DBG][CAPTURE] capture_frame: 18.90ms
[2021999108][DBG][CAPTURE] capture_frame: 9.34ms
[2021999108][DBG][ENCODE] encode: 0.61ms
[2021999127][DBG][CAPTURE] capture_frame: 18.32ms
[2021999152][DBG][CAPTURE] capture_frame: 25.22ms
[2021999162][DBG][CAPTURE] capture_frame: 10.08ms
[2021999163][DBG][ENCODE] encode: 0.68ms
[2021999178][DBG][CAPTURE] capture_frame: 14.34ms
[2021999194][DBG][CAPTURE] capture_frame: 16.12ms
[2021999211][DBG][CAPTURE] capture_frame: 17.46ms
[2021999212][DBG][ENCODE] encode: 0.69ms
[2021999222][DBG][CAPTURE] capture_frame: 10.00ms
[2021999223][DBG][ENCODE] encode: 0.52ms
[2021999248][DBG][CAPTURE] capture_frame: 24.80ms
[2021999277][DBG][CAPTURE] capture_frame: 28.72ms
[2021999293][DBG][CAPTURE] capture_frame: 16.11ms
[2021999309][DBG][CAPTURE] capture_frame: 16.44ms
[2021999326][DBG][CAPTURE] capture_frame: 16.30ms
[2021999333][DBG][CAPTURE] capture_frame: 6.72ms
[2021999333][DBG][ENCODE] encode: 0.63ms
[2021999357][DBG][CAPTURE] capture_frame: 23.23ms
[2021999357][DBG][ENCODE] encode: 0.71ms
[2021999371][DBG][CAPTURE] capture_frame: 13.41ms
[2021999388][DBG][CAPTURE] capture_frame: 16.62ms
[2021999404][DBG][CAPTURE] capture_frame: 16.58ms
[2021999419][DBG][CAPTURE] capture_frame: 14.62ms
[2021999420][DBG][ENCODE] encode: 0.60ms
[2021999437][DBG][CAPTURE] capture_frame: 17.04ms
[2021999438][DBG][ENCODE] encode: 0.83ms
[2021999448][DBG][CAPTURE] capture_frame: 10.05ms
[2021999449][DBG][ENCODE] encode: 0.59ms
[2021999461][DBG][CAPTURE] capture_frame: 11.56ms
[2021999461][DBG][ENCODE] encode: 0.73ms
[2021999472][DBG][CAPTURE] capture_frame: 10.94ms
[2021999473][DBG][ENCODE] encode: 0.60ms
[2021999484][DBG][CAPTURE] capture_frame: 10.99ms
[2021999485][DBG][ENCODE] encode: 0.57ms
[2021999485][INF][HOST] Frames: 240, FPS: 51.4, RTT: 21.5ms, state: connected
[2021999497][DBG][CAPTURE] capture_frame: 12.00ms
[2021999498][DBG][ENCODE] encode: 0.66ms
[2021999509][DBG][CAPTURE] capture_frame: 11.28ms
[2021999510][DBG][ENCODE] encode: 0.76ms
[2021999521][DBG][CAPTURE] capture_frame: 10.59ms
[2021999522][DBG][ENCODE] encode: 0.66ms
[2021999533][DBG][CAPTURE] capture_frame: 10.91ms
[2021999534][DBG][ENCODE] encode: 0.71ms
[2021999546][DBG][CAPTURE] capture_frame: 11.90ms
[2021999547][DBG][ENCODE] encode: 0.71ms
[2021999558][DBG][CAPTURE] capture_frame: 10.46ms
[2021999559][DBG][ENCODE] encode: 0.67ms
[2021999570][DBG][CAPTURE] capture_frame: 11.32ms
[2021999571][DBG][ENCODE] encode: 0.67ms
[2021999582][DBG][CAPTURE] capture_frame: 10.63ms
[2021999583][DBG][ENCODE] encode: 0.82ms
[2021999593][DBG][CAPTURE] capture_frame: 10.16ms
[2021999594][DBG][ENCODE] encode: 0.60ms
[2021999605][DBG][CAPTURE] capture_frame: 11.02ms
[2021999606][DBG][ENCODE] encode: 0.68ms
[2021999618][DBG][CAPTURE] capture_frame: 12.10ms
[2021999619][DBG][ENCODE] encode: 0.68ms
[2021999630][DBG][CAPTURE] capture_frame: 10.13ms
[2021999630][DBG][ENCODE] encode: 0.63ms
[2021999642][DBG][CAPTURE] capture_frame: 11.73ms
[2021999643][DBG][ENCODE] encode: 0.60ms
[2021999654][DBG][CAPTURE] capture_frame: 11.05ms
[2021999655][DBG][ENCODE] encode: 0.65ms
[2021999666][DBG][CAPTURE] capture_frame: 11.11ms
[2021999667][DBG][ENCODE] encode: 0.57ms
[2021999679][DBG][CAPTURE] capture_frame: 11.35ms
[2021999680][DBG][ENCODE] encode: 1.02ms
[2021999690][DBG][CAPTURE] capture_frame: 8.40ms
[2021999691][DBG][ENCODE] encode: 0.76ms
[2021999694][DBG][CAPTURE] capture_frame: 2.54ms
[2021999695][DBG][ENCODE] encode: 0.51ms
[2021999715][DBG][CAPTURE] capture_frame: 19.94ms
[2021999715][DBG][ENCODE] encode: 0.77ms
[2021999727][DBG][CAPTURE] capture_frame: 11.26ms
[2021999728][DBG][ENCODE] encode: 0.73ms
[2021999739][DBG][CAPTURE] capture_frame: 11.30ms
[2021999740][DBG][ENCODE] encode: 0.53ms
[2021999751][DBG][CAPTURE] capture_frame: 11.40ms
[2021999752][DBG][ENCODE] encode: 0.57ms
[2021999764][DBG][CAPTURE] capture_frame: 11.72ms
[2021999765][DBG][ENCODE] encode: 0.74ms
[2021999776][DBG][CAPTURE] capture_frame: 10.93ms
[2021999777][DBG][ENCODE] encode: 0.70ms
[2021999788][DBG][CAPTURE] capture_frame: 10.95ms
[2021999788][DBG][ENCODE] encode: 0.64ms
[2021999789][DBG][CAPTURE] capture_frame: 0.03ms
[2021999789][DBG][ENCODE] encode: 0.27ms
[2021999789][DBG][CAPTURE] capture_frame: 0.42ms
[2021999790][DBG][ENCODE] encode: 0.24ms
[2021999790][DBG][CAPTURE] capture_frame: 0.66ms
[2021999791][DBG][ENCODE] encode: 0.27ms
[2021999791][DBG][CAPTURE] capture_frame: 0.64ms
[2021999792][DBG][ENCODE] encode: 0.24ms
[2021999792][DBG][CAPTURE] capture_frame: 0.70ms
[2021999793][DBG][ENCODE] encode: 0.27ms
[2021999793][DBG][CAPTURE] capture_frame: 0.66ms
[2021999794][DBG][ENCODE] encode: 0.33ms
[2021999811][DBG][CAPTURE] capture_frame: 17.30ms
[2021999839][DBG][CAPTURE] capture_frame: 27.73ms
[2021999854][DBG][CAPTURE] capture_frame: 15.37ms
[2021999855][DBG][ENCODE] encode: 1.03ms
[2021999856][DBG][CAPTURE] capture_frame: 0.04ms
[2021999856][DBG][ENCODE] encode: 0.24ms
[2021999856][DBG][CAPTURE] capture_frame: 0.17ms
[2021999857][DBG][ENCODE] encode: 0.25ms
[2021999857][DBG][CAPTURE] capture_frame: 0.67ms
[2021999858][DBG][ENCODE] encode: 0.24ms
[2021999858][DBG][CAPTURE] capture_frame: 0.69ms
[2021999859][DBG][ENCODE] encode: 0.26ms
[2021999859][DBG][CAPTURE] capture_frame: 0.70ms
[2021999860][DBG][ENCODE] encode: 0.34ms
[2021999860][DBG][CAPTURE] capture_frame: 0.55ms
[2021999861][DBG][ENCODE] encode: 0.40ms
[2021999882][DBG][CAPTURE] capture_frame: 21.03ms
[2021999909][DBG][CAPTURE] capture_frame: 26.53ms
[2021999921][DBG][CAPTURE] capture_frame: 12.32ms
[2021999922][DBG][ENCODE] encode: 1.07ms
[2021999923][DBG][CAPTURE] capture_frame: 0.03ms
[2021999923][DBG][ENCODE] encode: 0.21ms
[2021999923][DBG][CAPTURE] capture_frame: 0.55ms
[2021999924][DBG][ENCODE] encode: 0.19ms
[2021999924][DBG][CAPTURE] capture_frame: 0.76ms
[2021999925][DBG][ENCODE] encode: 0.37ms
[2021999925][DBG][CAPTURE] capture_frame: 0.54ms
[2021999926][DBG][ENCODE] encode: 0.76ms
[2021999927][DBG][CAPTURE] capture_frame: 0.11ms
[2021999927][DBG][ENCODE] encode: 0.66ms
[2021999928][DBG][CAPTURE] capture_frame: 0.10ms
[2021999928][DBG][ENCODE] encode: 0.51ms
[2021999949][DBG][CAPTURE] capture_frame: 20.65ms
[2021999977][DBG][CAPTURE] capture_frame: 28.45ms
[2021999988][DBG][CAPTURE] capture_frame: 10.78ms
[2021999989][DBG][ENCODE] encode: 0.93ms
[2021999990][DBG][CAPTURE] capture_frame: 0.05ms
[2021999990][DBG][ENCODE] encode: 0.36ms
[2021999990][DBG][CAPTURE] capture_frame: 0.11ms
[2021999991][DBG][ENCODE] encode: 0.29ms
[2021999991][DBG][CAPTURE] capture_frame: 0.60ms
[2021999992][DBG][ENCODE] encode: 0.25ms
[2021999992][DBG][CAPTURE] capture_frame: 0.70ms
[2021999993][DBG][ENCODE] encode: 0.34ms
[2022000022][DBG][CAPTURE] capture_frame: 29.42ms
[2022000036][DBG][CAPTURE] capture_frame: 13.98ms
[2022000037][DBG][ENCODE] encode: 0.92ms
[2022000049][DBG][CAPTURE] capture_frame: 11.10ms
[2022000049][DBG][ENCODE] encode: 0.66ms
[2022000055][DBG][CAPTURE] capture_frame: 5.55ms
[2022000056][DBG][ENCODE] encode: 0.59ms
[2022000072][DBG][CAPTURE] capture_frame: 16.31ms
[2022000073][DBG][ENCODE] encode: 0.77ms
[2022000084][DBG][CAPTURE] capture_frame: 11.05ms
[2022000085][DBG][ENCODE] encode: 0.64ms
[2022000105][DBG][CAPTURE] capture_frame: 20.09ms
[2022000133][DBG][CAPTURE] capture_frame: 27.79ms
[2022000158][DBG][CAPTURE] capture_frame: 24.47ms
[2022000158][DBG][ENCODE] encode: 0.70ms
[2022000180][DBG][CAPTURE] capture_frame: 21.04ms
[2022000208][DBG][CAPTURE] capture_frame: 27.67ms
[2022000237][DBG][CAPTURE] capture_frame: 29.14ms
[2022000249][DBG][CAPTURE] capture_frame: 12.31ms
[2022000250][DBG][ENCODE] encode: 0.72ms
[2022000277][DBG][CAPTURE] capture_frame: 27.27ms
[2022000303][DBG][CAPTURE] capture_frame: 25.90ms
[2022000330][DBG][CAPTURE] capture_frame: 26.98ms
[2022000356][DBG][CAPTURE] capture_frame: 25.33ms
[2022000371][DBG][CAPTURE] capture_frame: 15.16ms
[2022000372][DBG][ENCODE] encode: 0.74ms
[2022000396][DBG][CAPTURE] capture_frame: 24.10ms
[2022000413][DBG][CAPTURE] capture_frame: 16.76ms
[2022000414][DBG][ENCODE] encode: 0.79ms
[2022000439][DBG][CAPTURE] capture_frame: 24.67ms
[2022000442][DBG][CAPTURE] capture_frame: 2.29ms
[2022000443][DBG][ENCODE] encode: 0.89ms
[2022000443][INF][HOST] Frames: 300, FPS: 53.3, RTT: 21.5ms, state: connected
[2022000443][DBG][CAPTURE] capture_frame: 0.05ms
[2022000444][DBG][ENCODE] encode: 0.56ms
[2022000445][DBG][CAPTURE] capture_frame: 1.07ms
[2022000445][DBG][ENCODE] encode: 0.72ms
[2022000446][DBG][CAPTURE] capture_frame: 0.03ms
[2022000446][DBG][ENCODE] encode: 0.46ms
[2022000447][DBG][CAPTURE] capture_frame: 1.22ms
[2022000448][DBG][ENCODE] encode: 0.66ms
[2022000448][DBG][CAPTURE] capture_frame: 0.03ms
[2022000448][DBG][ENCODE] encode: 0.34ms
[2022000449][DBG][CAPTURE] capture_frame: 0.54ms
[2022000450][DBG][ENCODE] encode: 0.55ms
[2022000450][DBG][CAPTURE] capture_frame: 0.03ms
[2022000450][DBG][ENCODE] encode: 0.40ms
[2022000451][DBG][CAPTURE] capture_frame: 0.73ms
[2022000451][DBG][ENCODE] encode: 0.40ms
[2022000452][DBG][CAPTURE] capture_frame: 0.03ms
[2022000452][DBG][ENCODE] encode: 0.43ms
[2022000453][DBG][CAPTURE] capture_frame: 0.86ms
[2022000454][DBG][ENCODE] encode: 0.54ms
[2022000454][DBG][CAPTURE] capture_frame: 0.24ms
[2022000455][DBG][ENCODE] encode: 0.47ms
[2022000456][DBG][CAPTURE] capture_frame: 0.90ms
[2022000456][DBG][ENCODE] encode: 0.39ms
[2022000461][DBG][CAPTURE] capture_frame: 4.96ms
[2022000462][DBG][ENCODE] encode: 0.49ms
[2022000478][DBG][CAPTURE] capture_frame: 16.09ms
[2022000506][DBG][CAPTURE] capture_frame: 27.49ms
[2022000532][DBG][CAPTURE] capture_frame: 26.32ms
[2022000560][DBG][CAPTURE] capture_frame: 27.40ms
[2022000586][DBG][CAPTURE] capture_frame: 26.53ms
[2022000604][DBG][CAPTURE] capture_frame: 17.18ms
[2022000605][DBG][ENCODE] encode: 1.49ms
[2022000620][DBG][CAPTURE] capture_frame: 13.60ms
[2022000621][DBG][ENCODE] encode: 1.03ms
[2022000641][DBG][CAPTURE] capture_frame: 19.12ms
[2022000642][DBG][ENCODE] encode: 1.60ms
[2022000654][DBG][CAPTURE] capture_frame: 7.22ms
[2022000655][DBG][ENCODE] encode: 0.89ms
[2022000673][DBG][CAPTURE] capture_frame: 17.94ms
[2022000674][DBG][ENCODE] encode: 0.79ms
[2022000693][DBG][CAPTURE] capture_frame: 18.22ms
[2022000693][DBG][ENCODE] encode: 0.63ms
[2022000705][DBG][CAPTURE] capture_frame: 11.08ms
[2022000705][DBG][ENCODE] encode: 0.56ms
[2022000717][DBG][CAPTURE] capture_frame: 11.94ms
[2022000718][DBG][ENCODE] encode: 0.71ms
[2022000730][DBG][CAPTURE] capture_frame: 11.30ms
[2022000730][DBG][ENCODE] encode: 0.69ms
[2022000742][DBG][CAPTURE] capture_frame: 11.83ms
[2022000743][DBG][ENCODE] encode: 0.63ms
[2022000754][DBG][CAPTURE] capture_frame: 10.84ms
[2022000755][DBG][ENCODE] encode: 0.59ms
[2022000767][DBG][CAPTURE] capture_frame: 11.71ms
[2022000767][DBG][ENCODE] encode: 0.73ms
[2022000778][DBG][CAPTURE] capture_frame: 9.91ms
[2022000778][DBG][ENCODE] encode: 0.59ms
[2022000790][DBG][CAPTURE] capture_frame: 11.51ms
[2022000791][DBG][ENCODE] encode: 0.64ms
[2022000806][DBG][CAPTURE] capture_frame: 15.66ms
[2022000807][DBG][ENCODE] encode: 0.67ms
[2022000821][DBG][CAPTURE] capture_frame: 13.20ms
[2022000821][DBG][ENCODE] encode: 0.82ms
[2022000833][DBG][CAPTURE] capture_frame: 11.38ms
[2022000834][DBG][ENCODE] encode: 0.63ms
[2022000844][DBG][CAPTURE] capture_frame: 10.37ms
[2022000845][DBG][ENCODE] encode: 0.72ms
[2022000857][DBG][CAPTURE] capture_frame: 11.28ms
[2022000857][DBG][ENCODE] encode: 0.75ms
[2022000869][DBG][CAPTURE] capture_frame: 11.12ms
[2022000870][DBG][ENCODE] encode: 0.77ms
[2022000882][DBG][CAPTURE] capture_frame: 12.71ms
[2022000883][DBG][ENCODE] encode: 0.64ms
[2022000899][DBG][CAPTURE] capture_frame: 15.17ms
[2022000899][DBG][ENCODE] encode: 0.61ms
[2022000911][DBG][CAPTURE] capture_frame: 11.56ms
[2022000912][DBG][ENCODE] encode: 0.70ms
[2022000923][DBG][CAPTURE] capture_frame: 10.90ms
[2022000923][DBG][ENCODE] encode: 0.61ms
[2022000935][DBG][CAPTURE] capture_frame: 11.47ms
[2022000936][DBG][ENCODE] encode: 0.55ms
[2022000947][DBG][CAPTURE] capture_frame: 11.63ms
[2022000948][DBG][ENCODE] encode: 0.67ms
[2022000959][DBG][CAPTURE] capture_frame: 11.11ms
[2022000960][DBG][ENCODE] encode: 0.75ms
[2022000971][DBG][CAPTURE] capture_frame: 10.97ms
[2022000972][DBG][ENCODE] encode: 0.66ms
[2022000984][DBG][CAPTURE] capture_frame: 11.45ms
[2022000984][DBG][ENCODE] encode: 0.64ms
[2022000996][DBG][CAPTURE] capture_frame: 11.42ms
[2022000997][DBG][ENCODE] encode: 0.89ms
[2022001008][DBG][CAPTURE] capture_frame: 10.88ms
[2022001009][DBG][ENCODE] encode: 0.67ms
[2022001020][DBG][CAPTURE] capture_frame: 10.90ms
[2022001021][DBG][ENCODE] encode: 0.55ms
[2022001032][DBG][CAPTURE] capture_frame: 11.28ms
[2022001033][DBG][ENCODE] encode: 0.67ms
[2022001044][DBG][CAPTURE] capture_frame: 11.18ms
[2022001045][DBG][ENCODE] encode: 0.61ms
[2022001056][DBG][CAPTURE] capture_frame: 11.23ms
[2022001057][DBG][ENCODE] encode: 0.65ms
[2022001068][DBG][CAPTURE] capture_frame: 11.32ms
[2022001069][DBG][ENCODE] encode: 0.81ms
[2022001081][DBG][CAPTURE] capture_frame: 11.96ms
[2022001082][DBG][ENCODE] encode: 0.60ms
[2022001093][DBG][CAPTURE] capture_frame: 10.65ms
[2022001093][DBG][ENCODE] encode: 0.54ms
[2022001105][DBG][CAPTURE] capture_frame: 11.44ms
[2022001106][DBG][ENCODE] encode: 0.64ms
[2022001117][DBG][CAPTURE] capture_frame: 11.48ms
[2022001118][DBG][ENCODE] encode: 0.66ms
[2022001129][DBG][CAPTURE] capture_frame: 10.80ms
[2022001130][DBG][ENCODE] encode: 0.68ms
[2022001142][DBG][CAPTURE] capture_frame: 12.21ms
[2022001143][DBG][ENCODE] encode: 0.77ms
[2022001153][DBG][CAPTURE] capture_frame: 10.03ms
[2022001154][DBG][ENCODE] encode: 0.68ms
[2022001166][DBG][CAPTURE] capture_frame: 11.15ms
[2022001166][DBG][ENCODE] encode: 0.65ms
[2022001178][DBG][CAPTURE] capture_frame: 11.27ms
[2022001179][DBG][ENCODE] encode: 0.81ms
[2022001193][DBG][CAPTURE] capture_frame: 13.51ms
[2022001193][DBG][ENCODE] encode: 0.77ms
[2022001208][DBG][CAPTURE] capture_frame: 14.65ms
[2022001209][DBG][ENCODE] encode: 0.68ms
[2022001209][INF][HOST] Frames: 360, FPS: 56.3, RTT: 21.5ms, state: connected
[2022001221][DBG][CAPTURE] capture_frame: 11.23ms
[2022001221][DBG][ENCODE] encode: 0.66ms
[2022001233][DBG][CAPTURE] capture_frame: 11.61ms
[2022001234][DBG][ENCODE] encode: 0.61ms
[2022001245][DBG][CAPTURE] capture_frame: 10.78ms
[2022001246][DBG][ENCODE] encode: 0.78ms
[2022001257][DBG][CAPTURE] capture_frame: 10.95ms
[2022001258][DBG][ENCODE] encode: 0.87ms
[2022001270][DBG][CAPTURE] capture_frame: 11.61ms
[2022001271][DBG][ENCODE] encode: 0.66ms
[2022001287][DBG][CAPTURE] capture_frame: 15.49ms
[2022001288][DBG][ENCODE] encode: 0.67ms
[2022001299][DBG][CAPTURE] capture_frame: 11.40ms
[2022001300][DBG][ENCODE] encode: 0.59ms
[2022001300][DBG][CAPTURE] capture_frame: 0.03ms
[2022001300][DBG][ENCODE] encode: 0.24ms
[2022001300][DBG][CAPTURE] capture_frame: 0.10ms
[2022001301][DBG][ENCODE] encode: 0.24ms
[2022001302][DBG][CAPTURE] capture_frame: 1.71ms
[2022001303][DBG][ENCODE] encode: 0.40ms
[2022001303][DBG][CAPTURE] capture_frame: 0.47ms
[2022001304][DBG][ENCODE] encode: 0.26ms
[2022001304][DBG][CAPTURE] capture_frame: 0.66ms
[2022001305][DBG][ENCODE] encode: 0.32ms
[2022001305][DBG][CAPTURE] capture_frame: 0.61ms
[2022001306][DBG][ENCODE] encode: 0.29ms
[2022001325][DBG][CAPTURE] capture_frame: 19.18ms
[2022001342][DBG][CAPTURE] capture_frame: 16.48ms
[2022001366][DBG][CAPTURE] capture_frame: 24.27ms
[2022001367][DBG][ENCODE] encode: 1.03ms
[2022001368][DBG][CAPTURE] capture_frame: 0.04ms
[2022001368][DBG][ENCODE] encode: 0.33ms
[2022001368][DBG][CAPTURE] capture_frame: 0.24ms
[2022001369][DBG][ENCODE] encode: 0.34ms
[2022001369][DBG][CAPTURE] capture_frame: 0.60ms
[2022001370][DBG][ENCODE] encode: 0.32ms
[2022001370][DBG][CAPTURE] capture_frame: 0.58ms
[2022001371][DBG][ENCODE] encode: 0.27ms
[2022001371][DBG][CAPTURE] capture_frame: 0.70ms
[2022001372][DBG][ENCODE] encode: 0.31ms
[2022001397][DBG][CAPTURE] capture_frame: 25.55ms
[2022001423][DBG][CAPTURE] capture_frame: 25.44ms
[2022001439][DBG][CAPTURE] capture_frame: 16.03ms
[2022001440][DBG][ENCODE] encode: 1.32ms
[2022001444][DBG][CAPTURE] capture_frame: 0.04ms
[2022001444][DBG][ENCODE] encode: 0.39ms
[2022001444][DBG][CAPTURE] capture_frame: 0.35ms
[2022001445][DBG][ENCODE] encode: 0.39ms
[2022001469][DBG][CAPTURE] capture_frame: 24.09ms
[2022001470][DBG][ENCODE] encode: 0.82ms
[2022001470][DBG][CAPTURE] capture_frame: 0.03ms
[2022001470][DBG][ENCODE] encode: 0.23ms
[2022001470][DBG][CAPTURE] capture_frame: 0.02ms
[2022001471][DBG][ENCODE] encode: 0.20ms
[2022001471][DBG][CAPTURE] capture_frame: 0.76ms
[2022001472][DBG][ENCODE] encode: 0.36ms
[2022001472][DBG][CAPTURE] capture_frame: 0.53ms
[2022001473][DBG][ENCODE] encode: 0.28ms
[2022001473][DBG][CAPTURE] capture_frame: 0.64ms
[2022001474][DBG][ENCODE] encode: 0.40ms
[2022001475][DBG][CAPTURE] capture_frame: 0.55ms
[2022001475][DBG][ENCODE] encode: 0.43ms
[2022001475][DBG][CAPTURE] capture_frame: 0.43ms
[2022001476][DBG][ENCODE] encode: 0.24ms
[2022001498][DBG][CAPTURE] capture_frame: 22.06ms
[2022001523][DBG][CAPTURE] capture_frame: 25.06ms
[2022001548][DBG][CAPTURE] capture_frame: 24.46ms
[2022001549][DBG][ENCODE] encode: 1.13ms
[2022001549][DBG][CAPTURE] capture_frame: 0.03ms
[2022001549][DBG][ENCODE] encode: 0.20ms
[2022001549][DBG][CAPTURE] capture_frame: 0.02ms
[2022001550][DBG][ENCODE] encode: 0.19ms
[2022001550][DBG][CAPTURE] capture_frame: 0.72ms
[2022001551][DBG][ENCODE] encode: 0.32ms
[2022001551][DBG][CAPTURE] capture_frame: 0.57ms
[2022001552][DBG][ENCODE] encode: 0.26ms
[2022001552][DBG][CAPTURE] capture_frame: 0.68ms
[2022001553][DBG][ENCODE] encode: 0.25ms
[2022001554][DBG][CAPTURE] capture_frame: 0.75ms
[2022001554][DBG][ENCODE] encode: 0.54ms
[2022001554][DBG][CAPTURE] capture_frame: 0.26ms
[2022001555][DBG][ENCODE] encode: 0.24ms
[2022001574][DBG][CAPTURE] capture_frame: 19.41ms
[2022001600][DBG][CAPTURE] capture_frame: 25.67ms
[2022001627][DBG][CAPTURE] capture_frame: 26.76ms
[2022001628][DBG][ENCODE] encode: 1.07ms
[2022001628][DBG][CAPTURE] capture_frame: 0.03ms
[2022001628][DBG][ENCODE] encode: 0.22ms
[2022001629][DBG][CAPTURE] capture_frame: 0.96ms
[2022001630][DBG][ENCODE] encode: 0.28ms
[2022001630][DBG][CAPTURE] capture_frame: 0.61ms
[2022001631][DBG][ENCODE] encode: 0.27ms
[2022001631][DBG][CAPTURE] capture_frame: 0.68ms
[2022001632][DBG][ENCODE] encode: 0.28ms
[2022001634][DBG][CAPTURE] capture_frame: 1.64ms
[2022001634][DBG][ENCODE] encode: 0.47ms
[2022001635][DBG][CAPTURE] capture_frame: 0.40ms
[2022001635][DBG][ENCODE] encode: 0.22ms
[2022001635][DBG][CAPTURE] capture_frame: 0.67ms
[2022001636][DBG][ENCODE] encode: 0.21ms
[2022001637][DBG][CAPTURE] capture_frame: 1.71ms
[2022001638][DBG][ENCODE] encode: 0.34ms
[2022001638][DBG][CAPTURE] capture_frame: 0.47ms
[2022001639][DBG][ENCODE] encode: 0.30ms
[2022001639][DBG][CAPTURE] capture_frame: 0.59ms
[2022001640][DBG][ENCODE] encode: 0.21ms
[2022001640][DBG][CAPTURE] capture_frame: 0.74ms
[2022001641][DBG][ENCODE] encode: 0.37ms
[2022001643][DBG][CAPTURE] capture_frame: 1.60ms
[2022001643][DBG][ENCODE] encode: 0.40ms
[2022001643][DBG][CAPTURE] capture_frame: 0.47ms
[2022001644][DBG][ENCODE] encode: 0.23ms
[2022001644][DBG][CAPTURE] capture_frame: 0.58ms
[2022001645][DBG][ENCODE] encode: 0.26ms
[2022001646][DBG][CAPTURE] capture_frame: 1.65ms
[2022001647][DBG][ENCODE] encode: 0.38ms
[2022001648][DBG][CAPTURE] capture_frame: 1.38ms
[2022001649][DBG][ENCODE] encode: 0.26ms
[2022001653][DBG][CAPTURE] capture_frame: 3.80ms
[2022001653][DBG][ENCODE] encode: 0.34ms
[2022001654][DBG][CAPTURE] capture_frame: 0.50ms
[2022001654][ERR][ENCODE] SubmitInput failed: 25
[2022001654][DBG][ENCODE] encode: 0.04ms
[2022001681][DBG][CAPTURE] capture_frame: 27.17ms
[2022001708][DBG][CAPTURE] capture_frame: 27.19ms
[2022001734][DBG][CAPTURE] capture_frame: 26.17ms
[2022001764][DBG][CAPTURE] capture_frame: 29.78ms
[2022001791][DBG][CAPTURE] capture_frame: 26.77ms
[2022001796][DBG][CAPTURE] capture_frame: 4.74ms
[2022001797][DBG][ENCODE] encode: 1.38ms
[2022001820][DBG][CAPTURE] capture_frame: 21.56ms
[2022001821][DBG][CAPTURE] capture_frame: 1.49ms
[2022001822][DBG][ENCODE] encode: 0.69ms
[2022001849][DBG][CAPTURE] capture_frame: 26.91ms
[2022001878][DBG][CAPTURE] capture_frame: 28.89ms
[2022001900][DBG][CAPTURE] capture_frame: 21.75ms
[2022001901][DBG][ENCODE] encode: 0.64ms
[2022001917][DBG][CAPTURE] capture_frame: 16.38ms
[2022001943][DBG][CAPTURE] capture_frame: 26.06ms
[2022001955][DBG][CAPTURE] capture_frame: 11.93ms
[2022001956][DBG][ENCODE] encode: 0.65ms
[2022001956][INF][HOST] Frames: 420, FPS: 58.8, RTT: 21.5ms, state: connected
[2022001975][DBG][CAPTURE] capture_frame: 18.78ms
[2022002005][DBG][CAPTURE] capture_frame: 29.61ms
[2022002005][WRN][HostSession] Client timed out (5023ms)
[2022002005][INF][HOST] Client disconnected
