[2023173748][WRN][CAPTURE] DuplicateOutput1 failed: 0x887A0004, falling back
[2023173749][INF][CAPTURE] DuplicateOutput fallback: BGRA SDR
[2023173749][INF][CAPTURE] Initialized DXGI capture: 3440x1440 on monitor 0
[2023173750][INF][HOST] Capture: 3440x1440
[2023173779][INF][ENCODE] AMF loaded successfully
[2023173998][INF][ENCODE] AMF HEVC 10-bit encoder initialized: 3440x1440 @ 60 fps, 15000 kbps, SDR
[2023173999][INF][HostSession] Listening on port 9881
[2023173999][INF][HOST] Waiting for client on port 9881... (Ctrl+C to stop)
[2023174003][DBG][CAPTURE] capture_frame: 0.49ms
[2023174043][DBG][ENCODE] encode: 39.15ms
[2023174058][DBG][CAPTURE] capture_frame: 15.36ms
[2023174080][DBG][CAPTURE] capture_frame: 21.81ms
[2023174082][DBG][ENCODE] encode: 2.02ms
[2023174098][DBG][CAPTURE] capture_frame: 15.18ms
[2023174125][DBG][CAPTURE] capture_frame: 27.21ms
[2023174151][DBG][CAPTURE] capture_frame: 26.15ms
[2023174165][DBG][CAPTURE] capture_frame: 13.76ms
[2023174166][DBG][ENCODE] encode: 0.55ms
[2023174189][DBG][CAPTURE] capture_frame: 23.60ms
[2023174201][DBG][CAPTURE] capture_frame: 11.95ms
[2023174202][DBG][ENCODE] encode: 0.60ms
[2023174226][DBG][CAPTURE] capture_frame: 23.69ms
[2023174226][DBG][ENCODE] encode: 0.61ms
[2023174244][DBG][CAPTURE] capture_frame: 17.14ms
[2023174272][DBG][CAPTURE] capture_frame: 28.02ms
[2023174287][DBG][CAPTURE] capture_frame: 14.81ms
[2023174287][DBG][ENCODE] encode: 0.69ms
[2023174312][DBG][CAPTURE] capture_frame: 25.13ms
[2023174335][DBG][CAPTURE] capture_frame: 22.34ms
[2023174336][DBG][ENCODE] encode: 0.65ms
[2023174360][DBG][CAPTURE] capture_frame: 24.04ms
[2023174360][DBG][ENCODE] encode: 0.57ms
[2023174376][DBG][CAPTURE] capture_frame: 16.13ms
[2023174390][DBG][CAPTURE] capture_frame: 13.32ms
[2023174391][DBG][ENCODE] encode: 0.64ms
[2023174418][DBG][CAPTURE] capture_frame: 27.42ms
[2023174444][DBG][CAPTURE] capture_frame: 26.27ms
[2023174445][DBG][ENCODE] encode: 0.60ms
[2023174465][DBG][CAPTURE] capture_frame: 20.12ms
[2023174466][DBG][ENCODE] encode: 0.71ms
[2023174484][DBG][CAPTURE] capture_frame: 17.49ms
[2023174484][DBG][ENCODE] encode: 0.66ms
[2023174498][DBG][CAPTURE] capture_frame: 13.88ms
[2023174499][DBG][ENCODE] encode: 0.85ms
[2023174511][DBG][CAPTURE] capture_frame: 11.73ms
[2023174512][DBG][ENCODE] encode: 0.85ms
[2023174523][DBG][CAPTURE] capture_frame: 10.57ms
[2023174523][DBG][ENCODE] encode: 0.75ms
[2023174539][DBG][CAPTURE] capture_frame: 15.67ms
[2023174556][DBG][CAPTURE] capture_frame: 16.67ms
[2023174566][DBG][CAPTURE] capture_frame: 9.81ms
[2023174566][DBG][ENCODE] encode: 0.66ms
[2023174577][DBG][CAPTURE] capture_frame: 10.50ms
[2023174578][DBG][ENCODE] encode: 0.53ms
[2023174600][DBG][CAPTURE] capture_frame: 22.65ms
[2023174617][DBG][CAPTURE] capture_frame: 16.19ms
[2023174633][DBG][CAPTURE] capture_frame: 16.12ms
[2023174633][DBG][ENCODE] encode: 0.66ms
[2023174662][DBG][CAPTURE] capture_frame: 28.16ms
[2023174679][DBG][CAPTURE] capture_frame: 16.77ms
[2023174687][DBG][CAPTURE] capture_frame: 8.69ms
[2023174688][DBG][ENCODE] encode: 0.62ms
[2023174704][DBG][CAPTURE] capture_frame: 15.55ms
[2023174729][DBG][CAPTURE] capture_frame: 25.60ms
[2023174742][DBG][CAPTURE] capture_frame: 12.59ms
[2023174743][DBG][ENCODE] encode: 0.65ms
[2023174771][DBG][CAPTURE] capture_frame: 28.07ms
[2023174800][DBG][CAPTURE] capture_frame: 29.26ms
[2023174815][DBG][CAPTURE] capture_frame: 14.51ms
[2023174815][DBG][ENCODE] encode: 0.56ms
[2023174842][DBG][CAPTURE] capture_frame: 26.68ms
[2023174868][DBG][CAPTURE] capture_frame: 26.25ms
[2023174870][DBG][CAPTURE] capture_frame: 1.36ms
[2023174871][DBG][ENCODE] encode: 0.63ms
[2023174898][DBG][CAPTURE] capture_frame: 27.02ms
[2023174928][DBG][CAPTURE] capture_frame: 30.07ms
[2023174943][DBG][CAPTURE] capture_frame: 14.83ms
[2023174944][DBG][ENCODE] encode: 0.89ms
[2023174957][DBG][CAPTURE] capture_frame: 13.39ms
[2023174973][DBG][CAPTURE] capture_frame: 15.98ms
[2023174974][DBG][ENCODE] encode: 0.54ms
[2023174997][DBG][CAPTURE] capture_frame: 23.32ms
[2023174998][DBG][ENCODE] encode: 0.60ms
[2023175012][DBG][CAPTURE] capture_frame: 14.17ms
[2023175042][DBG][CAPTURE] capture_frame: 29.74ms
[2023175058][DBG][CAPTURE] capture_frame: 15.63ms
[2023175058][DBG][ENCODE] encode: 0.63ms
[2023175071][DBG][CAPTURE] capture_frame: 12.64ms
[2023175087][DBG][CAPTURE] capture_frame: 16.16ms
[2023175103][DBG][CAPTURE] capture_frame: 15.99ms
[2023175130][DBG][CAPTURE] capture_frame: 26.92ms
[2023175142][DBG][CAPTURE] capture_frame: 12.08ms
[2023175143][DBG][ENCODE] encode: 0.56ms
[2023175160][DBG][CAPTURE] capture_frame: 17.14ms
[2023175177][DBG][CAPTURE] capture_frame: 16.37ms
[2023175207][DBG][CAPTURE] capture_frame: 30.29ms
[2023175222][DBG][CAPTURE] capture_frame: 14.57ms
[2023175222][DBG][ENCODE] encode: 0.66ms
[2023175237][DBG][CAPTURE] capture_frame: 14.19ms
[2023175266][DBG][CAPTURE] capture_frame: 29.64ms
[2023175293][DBG][CAPTURE] capture_frame: 27.09ms
[2023175322][DBG][CAPTURE] capture_frame: 28.76ms
[2023175331][DBG][CAPTURE] capture_frame: 8.27ms
[2023175331][DBG][ENCODE] encode: 0.62ms
[2023175352][DBG][CAPTURE] capture_frame: 20.40ms
[2023175379][DBG][CAPTURE] capture_frame: 26.73ms
[2023175392][DBG][CAPTURE] capture_frame: 13.23ms
[2023175393][DBG][ENCODE] encode: 0.65ms
[2023175407][DBG][CAPTURE] capture_frame: 14.68ms
[2023175429][DBG][CAPTURE] capture_frame: 21.96ms
[2023175430][DBG][ENCODE] encode: 0.76ms
[2023175449][DBG][CAPTURE] capture_frame: 18.50ms
[2023175458][DBG][CAPTURE] capture_frame: 9.23ms
[2023175459][DBG][ENCODE] encode: 1.11ms
[2023175479][DBG][CAPTURE] capture_frame: 19.69ms
[2023175508][DBG][CAPTURE] capture_frame: 29.08ms
[2023175519][DBG][CAPTURE] capture_frame: 10.30ms
[2023175519][DBG][ENCODE] encode: 0.62ms
[2023175537][DBG][CAPTURE] capture_frame: 17.39ms
[2023175549][DBG][CAPTURE] capture_frame: 12.47ms
[2023175550][DBG][ENCODE] encode: 0.60ms
[2023175573][DBG][CAPTURE] capture_frame: 23.34ms
[2023175574][DBG][ENCODE] encode: 0.58ms
[2023175591][DBG][CAPTURE] capture_frame: 16.91ms
[2023175607][DBG][CAPTURE] capture_frame: 16.38ms
[2023175623][DBG][CAPTURE] capture_frame: 15.81ms
[2023175635][DBG][CAPTURE] capture_frame: 11.20ms
[2023175636][DBG][ENCODE] encode: 0.93ms
[2023175649][DBG][CAPTURE] capture_frame: 13.32ms
[2023175666][DBG][CAPTURE] capture_frame: 16.55ms
[2023175691][DBG][CAPTURE] capture_frame: 25.26ms
[2023175717][DBG][CAPTURE] capture_frame: 26.35ms
[2023175719][DBG][CAPTURE] capture_frame: 1.59ms
[2023175720][DBG][ENCODE] encode: 0.77ms
[2023175747][DBG][CAPTURE] capture_frame: 26.69ms
[2023175775][DBG][CAPTURE] capture_frame: 28.15ms
[2023175787][DBG][CAPTURE] capture_frame: 12.01ms
[2023175788][DBG][ENCODE] encode: 0.83ms
[2023175804][DBG][CAPTURE] capture_frame: 16.53ms
[2023175834][DBG][CAPTURE] capture_frame: 29.45ms
[2023175847][DBG][CAPTURE] capture_frame: 13.06ms
[2023175848][DBG][ENCODE] encode: 0.74ms
[2023175863][DBG][CAPTURE] capture_frame: 15.14ms
[2023175889][DBG][CAPTURE] capture_frame: 25.46ms
[2023175902][DBG][CAPTURE] capture_frame: 13.09ms
[2023175902][DBG][ENCODE] encode: 0.63ms
[2023175929][DBG][CAPTURE] capture_frame: 26.90ms
[2023175956][DBG][CAPTURE] capture_frame: 27.08ms
[2023175968][DBG][CAPTURE] capture_frame: 11.73ms
[2023175969][DBG][ENCODE] encode: 0.76ms
[2023175986][DBG][CAPTURE] capture_frame: 16.37ms
[2023176014][DBG][CAPTURE] capture_frame: 28.61ms
[2023176029][DBG][CAPTURE] capture_frame: 14.59ms
[2023176030][DBG][ENCODE] encode: 0.70ms
[2023176057][DBG][CAPTURE] capture_frame: 27.01ms
[2023176086][DBG][CAPTURE] capture_frame: 29.42ms
[2023176095][DBG][CAPTURE] capture_frame: 9.12ms
[2023176096][DBG][ENCODE] encode: 0.56ms
[2023176112][DBG][CAPTURE] capture_frame: 16.21ms
[2023176138][DBG][CAPTURE] capture_frame: 25.64ms
[2023176139][DBG][ENCODE] encode: 0.64ms
[2023176167][DBG][CAPTURE] capture_frame: 28.31ms
[2023176184][DBG][CAPTURE] capture_frame: 17.10ms
[2023176199][DBG][CAPTURE] capture_frame: 14.51ms
[2023176200][DBG][ENCODE] encode: 0.68ms
[2023176226][DBG][CAPTURE] capture_frame: 26.35ms
[2023176256][DBG][CAPTURE] capture_frame: 29.93ms
[2023176283][DBG][CAPTURE] capture_frame: 26.89ms
[2023176299][DBG][CAPTURE] capture_frame: 15.82ms
[2023176326][DBG][CAPTURE] capture_frame: 26.80ms
[2023176353][DBG][CAPTURE] capture_frame: 26.82ms
[2023176375][DBG][CAPTURE] capture_frame: 21.79ms
[2023176375][DBG][ENCODE] encode: 0.58ms
[2023176395][DBG][CAPTURE] capture_frame: 19.79ms
[2023176422][DBG][CAPTURE] capture_frame: 26.46ms
[2023176449][DBG][CAPTURE] capture_frame: 27.05ms
[2023176453][DBG][CAPTURE] capture_frame: 4.68ms
[2023176454][DBG][ENCODE] encode: 0.68ms
[2023176474][DBG][CAPTURE] capture_frame: 19.59ms
[2023176490][DBG][CAPTURE] capture_frame: 16.63ms
[2023176498][DBG][CAPTURE] capture_frame: 7.26ms
[2023176498][DBG][ENCODE] encode: 0.54ms
[2023176514][DBG][CAPTURE] capture_frame: 15.47ms
[2023176515][DBG][ENCODE] encode: 0.59ms
[2023176531][DBG][CAPTURE] capture_frame: 15.98ms
[2023176532][DBG][CAPTURE] capture_frame: 1.77ms
[2023176533][DBG][ENCODE] encode: 0.63ms
[2023176559][DBG][CAPTURE] capture_frame: 25.49ms
[2023176586][DBG][CAPTURE] capture_frame: 27.51ms
[2023176587][DBG][CAPTURE] capture_frame: 0.73ms
[2023176588][DBG][ENCODE] encode: 0.75ms
[2023176614][DBG][CAPTURE] capture_frame: 26.43ms
[2023176624][DBG][CAPTURE] capture_frame: 9.32ms
[2023176624][DBG][ENCODE] encode: 0.74ms
[2023176642][DBG][CAPTURE] capture_frame: 17.20ms
[2023176642][DBG][ENCODE] encode: 0.76ms
[2023176670][DBG][CAPTURE] capture_frame: 27.83ms
[2023176696][DBG][CAPTURE] capture_frame: 25.92ms
[2023176697][DBG][ENCODE] encode: 0.66ms
[2023176712][DBG][CAPTURE] capture_frame: 15.29ms
[2023176740][DBG][CAPTURE] capture_frame: 27.97ms
[2023176754][DBG][CAPTURE] capture_frame: 13.80ms
[2023176755][DBG][ENCODE] encode: 0.72ms
[2023176766][DBG][CAPTURE] capture_frame: 10.58ms
[2023176767][DBG][ENCODE] encode: 1.31ms
[2023176781][DBG][CAPTURE] capture_frame: 13.50ms
[2023176782][DBG][ENCODE] encode: 0.73ms
[2023176782][INF][HostSession] Client connected from 127.0.0.1:54563
[2023176800][DBG][CAPTURE] capture_frame: 18.36ms
[2023176802][DBG][CAPTURE] capture_frame: 2.19ms
[2023176802][INF][HOST] IDR requested for new client
[2023176803][DBG][ENCODE] encode: 0.69ms
[2023176822][DBG][CAPTURE] capture_frame: 18.23ms
[2023176823][DBG][ENCODE] encode: 1.45ms
[2023176837][DBG][CAPTURE] capture_frame: 11.07ms
[2023176839][DBG][ENCODE] encode: 1.05ms
[2023176854][DBG][CAPTURE] capture_frame: 14.72ms
[2023176855][DBG][ENCODE] encode: 1.12ms
[2023176855][INF][HOST] Frames: 60, FPS: 21.0, RTT: 18.4ms, state: connected
[2023176874][DBG][CAPTURE] capture_frame: 18.67ms
[2023176878][DBG][CAPTURE] capture_frame: 3.95ms
[2023176879][DBG][ENCODE] encode: 0.81ms
[2023176900][DBG][CAPTURE] capture_frame: 20.99ms
[2023176902][DBG][ENCODE] encode: 1.48ms
[2023176914][DBG][CAPTURE] capture_frame: 11.18ms
[2023176915][DBG][ENCODE] encode: 1.03ms
[2023176930][DBG][CAPTURE] capture_frame: 14.81ms
[2023176931][DBG][ENCODE] encode: 1.05ms
[2023176948][DBG][CAPTURE] capture_frame: 16.09ms
[2023176949][DBG][ENCODE] encode: 0.84ms
[2023176969][DBG][CAPTURE] capture_frame: 19.87ms
[2023176977][DBG][CAPTURE] capture_frame: 7.81ms
[2023176978][DBG][ENCODE] encode: 0.75ms
[2023176991][DBG][CAPTURE] capture_frame: 12.65ms
[2023176992][DBG][ENCODE] encode: 0.75ms
[2023177010][DBG][CAPTURE] capture_frame: 18.28ms
[2023177013][DBG][CAPTURE] capture_frame: 2.21ms
[2023177014][DBG][ENCODE] encode: 0.96ms
[2023177028][DBG][CAPTURE] capture_frame: 13.73ms
[2023177028][DBG][ENCODE] encode: 0.69ms
[2023177043][DBG][CAPTURE] capture_frame: 13.88ms
[2023177043][DBG][ENCODE] encode: 0.62ms
[2023177054][DBG][CAPTURE] capture_frame: 10.94ms
[2023177055][DBG][ENCODE] encode: 0.54ms
[2023177067][DBG][CAPTURE] capture_frame: 11.78ms
[2023177068][DBG][ENCODE] encode: 0.63ms
[2023177078][DBG][CAPTURE] capture_frame: 10.62ms
[2023177079][DBG][ENCODE] encode: 0.42ms
[2023177090][DBG][CAPTURE] capture_frame: 11.28ms
[2023177091][DBG][ENCODE] encode: 0.46ms
[2023177103][DBG][CAPTURE] capture_frame: 11.82ms
[2023177103][DBG][ENCODE] encode: 0.56ms
[2023177116][DBG][CAPTURE] capture_frame: 12.10ms
[2023177116][DBG][ENCODE] encode: 0.62ms
[2023177127][DBG][CAPTURE] capture_frame: 10.76ms
[2023177128][DBG][ENCODE] encode: 0.53ms
[2023177139][DBG][CAPTURE] capture_frame: 11.23ms
[2023177140][DBG][ENCODE] encode: 0.57ms
[2023177151][DBG][CAPTURE] capture_frame: 11.23ms
[2023177152][DBG][ENCODE] encode: 0.59ms
[2023177164][DBG][CAPTURE] capture_frame: 11.41ms
[2023177164][DBG][ENCODE] encode: 0.61ms
[2023177175][DBG][CAPTURE] capture_frame: 10.95ms
[2023177176][DBG][ENCODE] encode: 0.69ms
[2023177188][DBG][CAPTURE] capture_frame: 11.68ms
[2023177189][DBG][ENCODE] encode: 0.52ms
[2023177200][DBG][CAPTURE] capture_frame: 11.38ms
[2023177201][DBG][ENCODE] encode: 0.68ms
[2023177212][DBG][CAPTURE] capture_frame: 11.13ms
[2023177213][DBG][ENCODE] encode: 0.44ms
[2023177224][DBG][CAPTURE] capture_frame: 11.22ms
[2023177225][DBG][ENCODE] encode: 0.39ms
[2023177236][DBG][CAPTURE] capture_frame: 11.57ms
[2023177237][DBG][ENCODE] encode: 0.39ms
[2023177248][DBG][CAPTURE] capture_frame: 11.75ms
[2023177249][DBG][ENCODE] encode: 0.64ms
[2023177261][DBG][CAPTURE] capture_frame: 11.70ms
[2023177262][DBG][ENCODE] encode: 0.54ms
[2023177273][DBG][CAPTURE] capture_frame: 10.84ms
[2023177273][DBG][ENCODE] encode: 0.47ms
[2023177285][DBG][CAPTURE] capture_frame: 11.39ms
[2023177285][DBG][ENCODE] encode: 0.41ms
[2023177297][DBG][CAPTURE] capture_frame: 11.55ms
[2023177298][DBG][ENCODE] encode: 0.63ms
[2023177309][DBG][CAPTURE] capture_frame: 11.76ms
[2023177310][DBG][ENCODE] encode: 0.59ms
[2023177321][DBG][CAPTURE] capture_frame: 10.86ms
[2023177322][DBG][ENCODE] encode: 0.63ms
[2023177340][DBG][CAPTURE] capture_frame: 17.63ms
[2023177358][DBG][CAPTURE] capture_frame: 18.50ms
[2023177359][DBG][ENCODE] encode: 0.74ms
[2023177377][DBG][CAPTURE] capture_frame: 17.59ms
[2023177378][DBG][ENCODE] encode: 0.96ms
[2023177388][DBG][CAPTURE] capture_frame: 10.06ms
[2023177389][DBG][ENCODE] encode: 0.63ms
[2023177400][DBG][CAPTURE] capture_frame: 11.10ms
[2023177401][DBG][ENCODE] encode: 0.53ms
[2023177413][DBG][CAPTURE] capture_frame: 11.83ms
[2023177413][DBG][ENCODE] encode: 0.54ms
[2023177424][DBG][CAPTURE] capture_frame: 11.07ms
[2023177425][DBG][ENCODE] encode: 0.42ms
[2023177437][DBG][CAPTURE] capture_frame: 11.98ms
[2023177438][DBG][ENCODE] encode: 0.56ms
[2023177449][DBG][CAPTURE] capture_frame: 11.71ms
[2023177450][DBG][ENCODE] encode: 0.89ms
[2023177461][DBG][CAPTURE] capture_frame: 10.11ms
[2023177461][DBG][ENCODE] encode: 0.40ms
[2023177473][DBG][CAPTURE] capture_frame: 11.76ms
[2023177474][DBG][ENCODE] encode: 0.54ms
[2023177486][DBG][CAPTURE] capture_frame: 11.90ms
[2023177486][DBG][ENCODE] encode: 0.59ms
[2023177497][DBG][CAPTURE] capture_frame: 10.88ms
[2023177498][DBG][ENCODE] encode: 0.46ms
[2023177509][DBG][CAPTURE] capture_frame: 11.38ms
[2023177510][DBG][ENCODE] encode: 0.41ms
[2023177521][DBG][CAPTURE] capture_frame: 11.42ms
[2023177522][DBG][ENCODE] encode: 0.50ms
[2023177534][DBG][CAPTURE] capture_frame: 11.75ms
[2023177535][DBG][ENCODE] encode: 0.61ms
[2023177546][DBG][CAPTURE] capture_frame: 11.24ms
[2023177547][DBG][ENCODE] encode: 0.64ms
[2023177558][DBG][CAPTURE] capture_frame: 11.52ms
[2023177559][DBG][ENCODE] encode: 0.66ms
[2023177571][DBG][CAPTURE] capture_frame: 12.12ms
[2023177572][DBG][ENCODE] encode: 0.60ms
[2023177584][DBG][CAPTURE] capture_frame: 11.43ms
[2023177584][DBG][ENCODE] encode: 0.74ms
[2023177595][DBG][CAPTURE] capture_frame: 10.37ms
[2023177596][DBG][ENCODE] encode: 0.58ms
[2023177607][DBG][CAPTURE] capture_frame: 10.95ms
[2023177608][DBG][ENCODE] encode: 0.83ms
[2023177619][DBG][CAPTURE] capture_frame: 11.43ms
[2023177620][DBG][ENCODE] encode: 0.64ms
[2023177631][DBG][CAPTURE] capture_frame: 10.74ms
[2023177632][DBG][ENCODE] encode: 0.67ms
[2023177643][DBG][CAPTURE] capture_frame: 11.33ms
[2023177644][DBG][ENCODE] encode: 0.56ms
[2023177655][DBG][CAPTURE] capture_frame: 11.16ms
[2023177656][DBG][ENCODE] encode: 0.77ms
[2023177667][DBG][CAPTURE] capture_frame: 8.98ms
[2023177667][DBG][ENCODE] encode: 0.55ms
[2023177680][DBG][CAPTURE] capture_frame: 12.09ms
[2023177681][DBG][ENCODE] encode: 0.71ms
[2023177681][INF][HOST] Frames: 120, FPS: 32.6, RTT: 18.4ms, state: connected
[2023177691][DBG][CAPTURE] capture_frame: 10.37ms
[2023177692][DBG][ENCODE] encode: 0.53ms
[2023177709][DBG][CAPTURE] capture_frame: 16.64ms
[2023177725][DBG][CAPTURE] capture_frame: 16.04ms
[2023177740][DBG][CAPTURE] capture_frame: 15.62ms
[2023177741][DBG][ENCODE] encode: 0.64ms
[2023177766][DBG][CAPTURE] capture_frame: 25.04ms
[2023177783][DBG][CAPTURE] capture_frame: 16.18ms
[2023177799][DBG][CAPTURE] capture_frame: 16.23ms
[2023177813][DBG][CAPTURE] capture_frame: 14.03ms
[2023177814][DBG][ENCODE] encode: 0.71ms
[2023177840][DBG][CAPTURE] capture_frame: 25.47ms
[2023177856][DBG][CAPTURE] capture_frame: 16.39ms
[2023177868][DBG][CAPTURE] capture_frame: 11.70ms
[2023177869][DBG][ENCODE] encode: 0.69ms
[2023177896][DBG][CAPTURE] capture_frame: 26.68ms
[2023177922][DBG][CAPTURE] capture_frame: 26.23ms
[2023177923][DBG][CAPTURE] capture_frame: 1.12ms
[2023177924][DBG][ENCODE] encode: 0.66ms
[2023177951][DBG][CAPTURE] capture_frame: 27.23ms
[2023177977][DBG][CAPTURE] capture_frame: 25.42ms
[2023177978][DBG][CAPTURE] capture_frame: 0.79ms
[2023177978][DBG][ENCODE] encode: 0.62ms
[2023178002][DBG][CAPTURE] capture_frame: 23.70ms
[2023178013][DBG][CAPTURE] capture_frame: 11.25ms
[2023178014][DBG][ENCODE] encode: 0.58ms
[2023178038][DBG][CAPTURE] capture_frame: 23.59ms
[2023178039][DBG][ENCODE] encode: 0.97ms
[2023178056][DBG][CAPTURE] capture_frame: 17.03ms
[2023178084][DBG][CAPTURE] capture_frame: 28.26ms
[2023178105][DBG][CAPTURE] capture_frame: 20.07ms
[2023178105][DBG][ENCODE] encode: 0.72ms
[2023178128][DBG][CAPTURE] capture_frame: 22.37ms
[2023178154][DBG][CAPTURE] capture_frame: 26.43ms
[2023178167][DBG][CAPTURE] capture_frame: 12.04ms
[2023178168][DBG][ENCODE] encode: 0.90ms
[2023178195][DBG][CAPTURE] capture_frame: 27.31ms
[2023178220][DBG][CAPTURE] capture_frame: 24.96ms
[2023178221][DBG][ENCODE] encode: 1.32ms
[2023178242][DBG][CAPTURE] capture_frame: 20.21ms
[2023178268][DBG][CAPTURE] capture_frame: 25.86ms
[2023178284][DBG][CAPTURE] capture_frame: 16.40ms
[2023178311][DBG][CAPTURE] capture_frame: 26.54ms
[2023178338][DBG][CAPTURE] capture_frame: 27.15ms
[2023178365][DBG][CAPTURE] capture_frame: 27.06ms
[2023178366][DBG][CAPTURE] capture_frame: 0.51ms
[2023178367][DBG][ENCODE] encode: 0.65ms
[2023178390][DBG][CAPTURE] capture_frame: 22.82ms
[2023178390][DBG][ENCODE] encode: 0.69ms
[2023178401][DBG][CAPTURE] capture_frame: 10.45ms
[2023178402][DBG][ENCODE] encode: 0.78ms
[2023178420][DBG][CAPTURE] capture_frame: 17.68ms
[2023178448][DBG][CAPTURE] capture_frame: 28.33ms
[2023178463][DBG][CAPTURE] capture_frame: 14.53ms
[2023178464][DBG][ENCODE] encode: 0.61ms
[2023178491][DBG][CAPTURE] capture_frame: 27.05ms
[2023178517][DBG][CAPTURE] capture_frame: 25.79ms
[2023178518][DBG][CAPTURE] capture_frame: 0.97ms
[2023178518][DBG][ENCODE] encode: 0.59ms
[2023178544][DBG][CAPTURE] capture_frame: 25.94ms
[2023178566][DBG][CAPTURE] capture_frame: 21.26ms
[2023178566][DBG][ENCODE] encode: 0.60ms
[2023178586][DBG][CAPTURE] capture_frame: 19.21ms
[2023178602][DBG][CAPTURE] capture_frame: 16.44ms
[2023178614][DBG][CAPTURE] capture_frame: 11.75ms
[2023178615][DBG][ENCODE] encode: 0.62ms
[2023178631][DBG][CAPTURE] capture_frame: 16.07ms
[2023178645][DBG][CAPTURE] capture_frame: 13.40ms
[2023178645][DBG][ENCODE] encode: 0.64ms
[2023178676][DBG][CAPTURE] capture_frame: 30.66ms
[2023178693][DBG][CAPTURE] capture_frame: 16.44ms
[2023178705][DBG][CAPTURE] capture_frame: 12.44ms
[2023178706][DBG][ENCODE] encode: 0.69ms
[2023178722][DBG][CAPTURE] capture_frame: 15.47ms
[2023178738][DBG][CAPTURE] capture_frame: 16.25ms
[2023178754][DBG][CAPTURE] capture_frame: 16.38ms
[2023178766][DBG][CAPTURE] capture_frame: 11.43ms
[2023178767][DBG][ENCODE] encode: 0.75ms
[2023178793][DBG][CAPTURE] capture_frame: 26.06ms
[2023178821][DBG][CAPTURE] capture_frame: 27.66ms
[2023178822][DBG][CAPTURE] capture_frame: 0.58ms
[2023178822][DBG][ENCODE] encode: 0.61ms
[2023178849][DBG][CAPTURE] capture_frame: 26.25ms
[2023178876][DBG][CAPTURE] capture_frame: 27.12ms
[2023178877][DBG][ENCODE] encode: 0.64ms
[2023178903][DBG][CAPTURE] capture_frame: 25.77ms
[2023178929][DBG][CAPTURE] capture_frame: 26.03ms
[2023178930][DBG][CAPTURE] capture_frame: 1.16ms
[2023178930][DBG][ENCODE] encode: 0.48ms
[2023178954][DBG][CAPTURE] capture_frame: 23.04ms
[2023178983][DBG][CAPTURE] capture_frame: 28.71ms
[2023178998][DBG][CAPTURE] capture_frame: 14.87ms
[2023178998][DBG][ENCODE] encode: 0.74ms
[2023179025][DBG][CAPTURE] capture_frame: 26.59ms
[2023179055][DBG][CAPTURE] capture_frame: 30.03ms
[2023179069][DBG][CAPTURE] capture_frame: 14.08ms
[2023179070][DBG][ENCODE] encode: 0.68ms
[2023179096][DBG][CAPTURE] capture_frame: 25.84ms
[2023179123][DBG][CAPTURE] capture_frame: 26.97ms
[2023179130][DBG][CAPTURE] capture_frame: 6.88ms
[2023179131][DBG][ENCODE] encode: 0.71ms
[2023179154][DBG][CAPTURE] capture_frame: 22.95ms
[2023179171][DBG][CAPTURE] capture_frame: 16.41ms
[2023179180][DBG][CAPTURE] capture_frame: 8.75ms
[2023179180][DBG][ENCODE] encode: 0.79ms
[2023179196][DBG][CAPTURE] capture_frame: 15.83ms
[2023179213][DBG][CAPTURE] capture_frame: 16.58ms
[2023179228][DBG][CAPTURE] capture_frame: 14.79ms
[2023179229][DBG][ENCODE] encode: 0.72ms
[2023179256][DBG][CAPTURE] capture_frame: 26.59ms
[2023179264][DBG][CAPTURE] capture_frame: 8.67ms
[2023179265][DBG][ENCODE] encode: 0.79ms
[2023179285][DBG][CAPTURE] capture_frame: 20.01ms
[2023179316][DBG][CAPTURE] capture_frame: 30.78ms
[2023179325][DBG][CAPTURE] capture_frame: 8.17ms
[2023179325][DBG][ENCODE] encode: 0.69ms
[2023179345][DBG][CAPTURE] capture_frame: 19.86ms
[2023179361][DBG][CAPTURE] capture_frame: 15.33ms
[2023179362][DBG][ENCODE] encode: 0.65ms
[2023179386][DBG][CAPTURE] capture_frame: 24.73ms
[2023179387][DBG][ENCODE] encode: 0.58ms
[2023179404][DBG][CAPTURE] capture_frame: 16.39ms
[2023179432][DBG][CAPTURE] capture_frame: 27.86ms
[2023179440][DBG][CAPTURE] capture_frame: 8.47ms
[2023179441][DBG][ENCODE] encode: 0.61ms
[2023179462][DBG][CAPTURE] capture_frame: 20.75ms
[2023179489][DBG][CAPTURE] capture_frame: 27.49ms
[2023179501][DBG][CAPTURE] capture_frame: 11.70ms
[2023179502][DBG][ENCODE] encode: 0.62ms
[2023179517][DBG][CAPTURE] capture_frame: 14.48ms
[2023179543][DBG][CAPTURE] capture_frame: 26.00ms
[2023179555][DBG][CAPTURE] capture_frame: 12.58ms
[2023179556][DBG][ENCODE] encode: 0.60ms
[2023179584][DBG][CAPTURE] capture_frame: 28.04ms
[2023179614][DBG][CAPTURE] capture_frame: 29.65ms
[2023179628][DBG][CAPTURE] capture_frame: 14.11ms
[2023179629][DBG][ENCODE] encode: 0.73ms
[2023179643][DBG][CAPTURE] capture_frame: 13.95ms
[2023179660][DBG][CAPTURE] capture_frame: 16.50ms
[2023179676][DBG][CAPTURE] capture_frame: 16.04ms
[2023179689][DBG][CAPTURE] capture_frame: 13.06ms
[2023179690][DBG][ENCODE] encode: 0.60ms
[2023179704][DBG][CAPTURE] capture_frame: 14.71ms
[2023179733][DBG][CAPTURE] capture_frame: 28.43ms
[2023179744][DBG][CAPTURE] capture_frame: 10.55ms
[2023179744][DBG][ENCODE] encode: 0.60ms
[2023179761][DBG][CAPTURE] capture_frame: 16.84ms
[2023179778][DBG][CAPTURE] capture_frame: 16.17ms
[2023179794][DBG][CAPTURE] capture_frame: 16.47ms
[2023179804][DBG][CAPTURE] capture_frame: 9.95ms
[2023179805][DBG][ENCODE] encode: 0.75ms
[2023179823][DBG][CAPTURE] capture_frame: 17.77ms
[2023179834][DBG][CAPTURE] capture_frame: 11.29ms
[2023179835][DBG][ENCODE] encode: 0.87ms
[2023179851][DBG][CAPTURE] capture_frame: 15.47ms
[2023179865][DBG][CAPTURE] capture_frame: 13.67ms
[2023179866][DBG][ENCODE] encode: 0.66ms
[2023179892][DBG][CAPTURE] capture_frame: 26.59ms
[2023179909][DBG][CAPTURE] capture_frame: 16.70ms
[2023179920][DBG][CAPTURE] capture_frame: 10.49ms
[2023179920][DBG][ENCODE] encode: 0.54ms
[2023179938][DBG][CAPTURE] capture_frame: 18.01ms
[2023179955][DBG][CAPTURE] capture_frame: 16.62ms
[2023179985][DBG][CAPTURE] capture_frame: 29.45ms
[2023179998][DBG][CAPTURE] capture_frame: 13.37ms
[2023179999][DBG][ENCODE] encode: 0.64ms
[2023180014][DBG][CAPTURE] capture_frame: 14.98ms
[2023180040][DBG][CAPTURE] capture_frame: 25.59ms
[2023180068][DBG][CAPTURE] capture_frame: 28.45ms
[2023180071][DBG][CAPTURE] capture_frame: 2.77ms
[2023180072][DBG][ENCODE] encode: 0.60ms
[2023180094][DBG][CAPTURE] capture_frame: 22.34ms
[2023180123][DBG][CAPTURE] capture_frame: 28.28ms
[2023180150][DBG][CAPTURE] capture_frame: 27.71ms
[2023180152][DBG][ENCODE] encode: 1.09ms
[2023180178][DBG][CAPTURE] capture_frame: 25.92ms
[2023180193][DBG][CAPTURE] capture_frame: 14.93ms
[2023180194][DBG][ENCODE] encode: 0.63ms
[2023180224][DBG][CAPTURE] capture_frame: 29.88ms
[2023180253][DBG][CAPTURE] capture_frame: 29.22ms
[2023180265][DBG][CAPTURE] capture_frame: 12.41ms
[2023180266][DBG][ENCODE] encode: 0.72ms
[2023180283][DBG][CAPTURE] capture_frame: 16.32ms
[2023180312][DBG][CAPTURE] capture_frame: 29.15ms
[2023180341][DBG][CAPTURE] capture_frame: 29.06ms
[2023180357][DBG][CAPTURE] capture_frame: 16.20ms
[2023180358][DBG][ENCODE] encode: 0.70ms
[2023180383][DBG][CAPTURE] capture_frame: 24.48ms
[2023180394][DBG][CAPTURE] capture_frame: 10.62ms
[2023180394][DBG][ENCODE] encode: 0.71ms
[2023180422][DBG][CAPTURE] capture_frame: 27.18ms
[2023180447][DBG][CAPTURE] capture_frame: 25.66ms
[2023180448][DBG][CAPTURE] capture_frame: 0.49ms
[2023180449][DBG][ENCODE] encode: 0.63ms
[2023180473][DBG][CAPTURE] capture_frame: 24.27ms
[2023180484][DBG][CAPTURE] capture_frame: 10.97ms
[2023180485][DBG][ENCODE] encode: 0.71ms
[2023180496][DBG][CAPTURE] capture_frame: 11.00ms
[2023180497][DBG][ENCODE] encode: 0.76ms
[2023180525][DBG][CAPTURE] capture_frame: 27.62ms
[2023180552][DBG][CAPTURE] capture_frame: 26.76ms
[2023180563][DBG][CAPTURE] capture_frame: 11.56ms
[2023180564][DBG][ENCODE] encode: 0.77ms
[2023180591][DBG][CAPTURE] capture_frame: 26.32ms
[2023180619][DBG][CAPTURE] capture_frame: 27.72ms
[2023180619][DBG][ENCODE] encode: 0.63ms
[2023180647][DBG][CAPTURE] capture_frame: 27.89ms
[2023180664][DBG][CAPTURE] capture_frame: 16.42ms
[2023180679][DBG][CAPTURE] capture_frame: 14.57ms
[2023180679][DBG][ENCODE] encode: 0.65ms
[2023180706][DBG][CAPTURE] capture_frame: 26.81ms
[2023180733][DBG][CAPTURE] capture_frame: 26.33ms
[2023180733][DBG][CAPTURE] capture_frame: 0.62ms
[2023180734][DBG][ENCODE] encode: 0.61ms
[2023180761][DBG][CAPTURE] capture_frame: 26.82ms
[2023180787][DBG][CAPTURE] capture_frame: 25.67ms
[2023180788][DBG][CAPTURE] capture_frame: 0.88ms
[2023180789][DBG][ENCODE] encode: 0.80ms
[2023180818][DBG][CAPTURE] capture_frame: 27.52ms
[2023180843][DBG][CAPTURE] capture_frame: 24.66ms
[2023180843][DBG][ENCODE] encode: 0.67ms
[2023180859][DBG][CAPTURE] capture_frame: 15.33ms
[2023180888][DBG][CAPTURE] capture_frame: 29.47ms
[2023180903][DBG][CAPTURE] capture_frame: 14.45ms
[2023180904][DBG][ENCODE] encode: 0.67ms
[2023180904][INF][HOST] Frames: 180, FPS: 26.1, RTT: 18.4ms, state: connected
[2023180932][DBG][CAPTURE] capture_frame: 28.11ms
[2023180958][DBG][CAPTURE] capture_frame: 26.09ms
[2023180970][DBG][CAPTURE] capture_frame: 11.70ms
[2023180971][DBG][ENCODE] encode: 0.68ms
[2023180999][DBG][CAPTURE] capture_frame: 28.39ms
[2023181016][DBG][CAPTURE] capture_frame: 16.43ms
[2023181031][DBG][CAPTURE] capture_frame: 14.98ms
[2023181032][DBG][ENCODE] encode: 0.69ms
[2023181055][DBG][CAPTURE] capture_frame: 22.98ms
[2023181055][DBG][ENCODE] encode: 0.62ms
[2023181072][DBG][CAPTURE] capture_frame: 16.49ms
[2023181085][DBG][CAPTURE] capture_frame: 13.08ms
[2023181086][DBG][ENCODE] encode: 0.66ms
[2023181101][DBG][CAPTURE] capture_frame: 14.53ms
[2023181127][DBG][CAPTURE] capture_frame: 25.97ms
[2023181146][DBG][CAPTURE] capture_frame: 18.71ms
[2023181146][DBG][ENCODE] encode: 0.69ms
[2023181167][DBG][CAPTURE] capture_frame: 20.30ms
[2023181195][DBG][CAPTURE] capture_frame: 27.70ms
[2023181195][DBG][ENCODE] encode: 0.77ms
[2023181209][DBG][CAPTURE] capture_frame: 13.60ms
[2023181236][DBG][CAPTURE] capture_frame: 26.72ms
[2023181249][DBG][CAPTURE] capture_frame: 12.61ms
[2023181249][DBG][ENCODE] encode: 0.65ms
[2023181265][DBG][CAPTURE] capture_frame: 15.40ms
[2023181295][DBG][CAPTURE] capture_frame: 29.47ms
[2023181311][DBG][CAPTURE] capture_frame: 15.92ms
[2023181317][DBG][CAPTURE] capture_frame: 6.00ms
[2023181317][DBG][ENCODE] encode: 0.56ms
[2023181333][DBG][CAPTURE] capture_frame: 15.67ms
[2023181334][DBG][ENCODE] encode: 0.62ms
[2023181349][DBG][CAPTURE] capture_frame: 15.25ms
[2023181358][DBG][CAPTURE] capture_frame: 8.68ms
[2023181359][DBG][ENCODE] encode: 0.63ms
[2023181378][DBG][CAPTURE] capture_frame: 19.11ms
[2023181388][DBG][CAPTURE] capture_frame: 10.39ms
[2023181389][DBG][ENCODE] encode: 0.60ms
[2023181403][DBG][CAPTURE] capture_frame: 14.09ms
[2023181412][DBG][CAPTURE] capture_frame: 9.04ms
[2023181413][DBG][ENCODE] encode: 0.58ms
[2023181425][DBG][CAPTURE] capture_frame: 11.63ms
[2023181425][DBG][ENCODE] encode: 0.49ms
[2023181445][DBG][CAPTURE] capture_frame: 19.84ms
[2023181467][DBG][CAPTURE] capture_frame: 21.92ms
[2023181468][DBG][ENCODE] encode: 0.66ms
[2023181487][DBG][CAPTURE] capture_frame: 18.57ms
[2023181512][DBG][CAPTURE] capture_frame: 25.43ms
[2023181522][DBG][CAPTURE] capture_frame: 9.20ms
[2023181522][DBG][ENCODE] encode: 0.67ms
[2023181542][DBG][CAPTURE] capture_frame: 18.89ms
[2023181558][DBG][CAPTURE] capture_frame: 16.50ms
[2023181574][DBG][CAPTURE] capture_frame: 16.23ms
[2023181583][DBG][CAPTURE] capture_frame: 8.31ms
[2023181584][DBG][ENCODE] encode: 0.84ms
[2023181604][DBG][CAPTURE] capture_frame: 19.54ms
[2023181630][DBG][CAPTURE] capture_frame: 26.40ms
[2023181643][DBG][CAPTURE] capture_frame: 13.06ms
[2023181644][DBG][ENCODE] encode: 0.74ms
[2023181661][DBG][CAPTURE] capture_frame: 16.32ms
[2023181674][DBG][CAPTURE] capture_frame: 13.11ms
[2023181674][DBG][ENCODE] encode: 0.56ms
[2023181698][DBG][CAPTURE] capture_frame: 23.32ms
[2023181698][DBG][ENCODE] encode: 0.69ms
[2023181728][DBG][CAPTURE] capture_frame: 29.39ms
[2023181755][DBG][CAPTURE] capture_frame: 26.62ms
[2023181765][DBG][CAPTURE] capture_frame: 9.78ms
[2023181765][DBG][ENCODE] encode: 0.60ms
[2023181781][DBG][CAPTURE] capture_frame: 15.88ms
[2023181810][DBG][CAPTURE] capture_frame: 28.32ms
[2023181810][WRN][HostSession] Client timed out (5009ms)
[2023181810][INF][HOST] Client disconnected
