[2106376441][INF][DECODE]   [0] HEVCVideoExtension
[2106376461][INF][DECODE] Using HEVC decoder #0 of 1
[2106376461][INF][DECODE] MFT is synchronous
[2106376462][INF][DECODE] D3D11VA device manager set
[2106376463][INF][DECODE] Low-latency mode enabled
[2106376463][INF][DECODE] Input type set: HEVC
[2106376481][INF][DECODE] Output format: NV12 (8-bit)
[2106376481][INF][DECODE] Media Foundation HEVC decoder initialized (D3D11VA)
[2106376766][INF][ClientSession] Connecting to 127.0.0.1:9886
[2106376767][INF][VIEW] Connecting to 127.0.0.1:9886...
[2106376773][INF][ClientSession] Connected (handshake took 7ms)
[2106376864][INF][VIEW] Got keyframe seq=124 (267933 bytes), starting decode
[2106376873][INF][DECODE] Stream format change, reconfiguring output
[2106376877][INF][DECODE] Output format: P010 (10-bit)
[2106376987][INF][RENDER] D3D11 renderer initialized: 3456x1440
[2106376987][INF][VIEW] Renderer started: 3456x1440
[2106379788][INF][VIEW] Decoded: 60, FPS: 19.9
[2106380887][INF][VIEW] Decoded: 120, FPS: 29.1
[2106382097][INF][VIEW] Decoded: 180, FPS: 33.8
[2106383178][INF][VIEW] Decoded: 240, FPS: 37.4
[2106385052][INF][VIEW] Decoded: 300, FPS: 36.2
[2106386518][INF][VIEW] Decoded: 360, FPS: 36.9
[2106387671][INF][VIEW] Decoded: 420, FPS: 38.5
[2106388653][INF][VIEW] Decoded: 480, FPS: 40.4
[2106389615][INF][VIEW] Decoded: 540, FPS: 42.0
[2106390746][INF][VIEW] Decoded: 600, FPS: 42.9
[2106391874][INF][VIEW] Decoded: 660, FPS: 43.7
